##################################################################################
# Date: Fri Apr 28 05:22:23 PDT 2023
# Milestone: UV1
# Block: ip764hduspsr1024x52m4b2s0r2p0d0
# Closure Directory: /nfs/site/disks/ipg_scf_00159/ajavidi_ship/SHIP_23ww17d4/ip764hduspsr1024x52m4b2s0r2p0d0_work/ship/ip/ip764hduspsr1024x52m4b2s0r2p0d0/zsc11_sccd070118_28Apr2023_044734/staging/review
# Source file md5sum: ef968da416c6d431addd874bfaad47ca
# User: ajavidi
# Finale Version: 23.01.011
# XML Metadata User: ajavidi
# XML Metadata Date: Fri Apr 28 05:21:50 2023
# XML Metadata Command: /p/hdk/pu_tu/prd/crossfire_checkers/23.01.002/crossfire_checker.py --block ip764hduspsr1024x52m4b2s0r2p0d0 --tool crossfire_timing --input_dir /nfs/site/disks/ipg_scf_00159/ajavidi_ship/SHIP_23ww17d4/ip764hduspsr1024x52m4b2s0r2p0d0_work/ship/ip/ip764hduspsr1024x52m4b2s0r2p0d0/zsc11_sccd070118_28Apr2023_044734/crossfire/collateral/ebb/checks/ --output_dir /nfs/site/disks/ipg_scf_00159/ajavidi_ship/SHIP_23ww17d4/ip764hduspsr1024x52m4b2s0r2p0d0_work/ship/ip/ip764hduspsr1024x52m4b2s0r2p0d0/zsc11_sccd070118_28Apr2023_044734/crossfire/review/
# XML Metadata Ward: /nfs/site/disks/ipg_scf_00159/ajavidi_ship/SHIP_23ww17d4/ip764hduspsr1024x52m4b2s0r2p0d0_work

##################################################################################
# Legend:
#   ERROR - :E: Some kind of error occurred so the check could not be done (e.g. file was missing, failed to parse file correctly, etc.)
#   FAIL  - :F: Failing with no waivers in place.
#         - :R: Rejected. This indicates the violation was waived, but the waiver was rejected by the reviewer.
#   WAIVE - :W: DE has written a waiver for this failure (a review is still required).
#   APPRV - :A: Reviewer has approved the waiver for this failure.
#   PASS  -     Everything is good.
#

>>>>>>>>>>>>>>>>>>>>>>>>>>>>>>>>>>>>>>>>>>>>>>>>>>>>>>>>>>>>   crossfire_timing  <<<<<<<<<<<<<<<<<<<<<<<<<<<<<<<<<<<<<<<<<<<<<<<<<<<<<<<<<<<<<<<<<<<<<<<<<<<<<<<<

----------------------------------------------------------------------------------------------------------------------------------------------------------------
PASS	 crossfire_timing (1)
	 DEFINITION: {verify_crossfire_timing_input_file_exists} Verify the crossfire_timing log file exists
	 The crossfire_timing log file exists
	 See file: /nfs/site/disks/ipg_scf_00159/ajavidi_ship/SHIP_23ww17d4/ip764hduspsr1024x52m4b2s0r2p0d0_work/ship/ip/ip764hduspsr1024x52m4b2s0r2p0d0/zsc11_sccd070118_28Apr2023_044734/crossfire/collateral/ebb/checks//ip764hduspsr1024x52m4b2s0r2p0d0.crossfire_timing.log

----------------------------------------------------------------------------------------------------------------------------------------------------------------
PASS	 crossfire_timing (2)
	 DEFINITION: {15118} Crossfire Rule: 15118 - PowerNameCheck
	 firefox -new-window /nfs/site/disks/ipg_scf_00159/ajavidi_ship/SHIP_23ww17d4/ip764hduspsr1024x52m4b2s0r2p0d0_work/ship/ip/ip764hduspsr1024x52m4b2s0r2p0d0/zsc11_sccd070118_28Apr2023_044734/crossfire/crossfire/ip764hduspsr1024x52m4b2s0r2p0d0.uv1.2023_04_28_050244.9411/html/index_per_rule.html
	 There are no errors/failures on this checklist.
	 See file: /nfs/site/disks/ipg_scf_00159/ajavidi_ship/SHIP_23ww17d4/ip764hduspsr1024x52m4b2s0r2p0d0_work/ship/ip/ip764hduspsr1024x52m4b2s0r2p0d0/zsc11_sccd070118_28Apr2023_044734/crossfire/collateral/ebb/checks//ip764hduspsr1024x52m4b2s0r2p0d0.crossfire_timing.log

----------------------------------------------------------------------------------------------------------------------------------------------------------------
PASS	 crossfire_timing (3)
	 DEFINITION: {16002} Crossfire Rule: 16002 - Compiles_lib_check
	 firefox -new-window /nfs/site/disks/ipg_scf_00159/ajavidi_ship/SHIP_23ww17d4/ip764hduspsr1024x52m4b2s0r2p0d0_work/ship/ip/ip764hduspsr1024x52m4b2s0r2p0d0/zsc11_sccd070118_28Apr2023_044734/crossfire/crossfire/ip764hduspsr1024x52m4b2s0r2p0d0.uv1.2023_04_28_050244.9411/html/index_per_rule.html
	 There are no errors/failures on this checklist.
	 See file: /nfs/site/disks/ipg_scf_00159/ajavidi_ship/SHIP_23ww17d4/ip764hduspsr1024x52m4b2s0r2p0d0_work/ship/ip/ip764hduspsr1024x52m4b2s0r2p0d0/zsc11_sccd070118_28Apr2023_044734/crossfire/collateral/ebb/checks//ip764hduspsr1024x52m4b2s0r2p0d0.crossfire_timing.log

----------------------------------------------------------------------------------------------------------------------------------------------------------------
PASS	 crossfire_timing (4)
	 DEFINITION: {16026} Crossfire Rule: 16026 - Ndm_check
	 firefox -new-window /nfs/site/disks/ipg_scf_00159/ajavidi_ship/SHIP_23ww17d4/ip764hduspsr1024x52m4b2s0r2p0d0_work/ship/ip/ip764hduspsr1024x52m4b2s0r2p0d0/zsc11_sccd070118_28Apr2023_044734/crossfire/crossfire/ip764hduspsr1024x52m4b2s0r2p0d0.uv1.2023_04_28_050244.9411/html/index_per_rule.html
	 There are no errors/failures on this checklist.
	 See file: /nfs/site/disks/ipg_scf_00159/ajavidi_ship/SHIP_23ww17d4/ip764hduspsr1024x52m4b2s0r2p0d0_work/ship/ip/ip764hduspsr1024x52m4b2s0r2p0d0/zsc11_sccd070118_28Apr2023_044734/crossfire/collateral/ebb/checks//ip764hduspsr1024x52m4b2s0r2p0d0.crossfire_timing.log

----------------------------------------------------------------------------------------------------------------------------------------------------------------
PASS	 crossfire_timing (5)
	 DEFINITION: {16107} Crossfire Rule: 16107 - Libname_check
	 firefox -new-window /nfs/site/disks/ipg_scf_00159/ajavidi_ship/SHIP_23ww17d4/ip764hduspsr1024x52m4b2s0r2p0d0_work/ship/ip/ip764hduspsr1024x52m4b2s0r2p0d0/zsc11_sccd070118_28Apr2023_044734/crossfire/crossfire/ip764hduspsr1024x52m4b2s0r2p0d0.uv1.2023_04_28_050244.9411/html/index_per_rule.html
	 There are no errors/failures on this checklist.
	 See file: /nfs/site/disks/ipg_scf_00159/ajavidi_ship/SHIP_23ww17d4/ip764hduspsr1024x52m4b2s0r2p0d0_work/ship/ip/ip764hduspsr1024x52m4b2s0r2p0d0/zsc11_sccd070118_28Apr2023_044734/crossfire/collateral/ebb/checks//ip764hduspsr1024x52m4b2s0r2p0d0.crossfire_timing.log

----------------------------------------------------------------------------------------------------------------------------------------------------------------
PASS	 crossfire_timing (6)
	 DEFINITION: {16108} Crossfire Rule: 16108 - Analogattr_check
	 firefox -new-window /nfs/site/disks/ipg_scf_00159/ajavidi_ship/SHIP_23ww17d4/ip764hduspsr1024x52m4b2s0r2p0d0_work/ship/ip/ip764hduspsr1024x52m4b2s0r2p0d0/zsc11_sccd070118_28Apr2023_044734/crossfire/crossfire/ip764hduspsr1024x52m4b2s0r2p0d0.uv1.2023_04_28_050244.9411/html/index_per_rule.html
	 There are no errors/failures on this checklist.
	 See file: /nfs/site/disks/ipg_scf_00159/ajavidi_ship/SHIP_23ww17d4/ip764hduspsr1024x52m4b2s0r2p0d0_work/ship/ip/ip764hduspsr1024x52m4b2s0r2p0d0/zsc11_sccd070118_28Apr2023_044734/crossfire/collateral/ebb/checks//ip764hduspsr1024x52m4b2s0r2p0d0.crossfire_timing.log

----------------------------------------------------------------------------------------------------------------------------------------------------------------
PASS	 crossfire_timing (7)
	 DEFINITION: {16215} Crossfire Rule: 16215 - Pin_hierarchy_check
	 firefox -new-window /nfs/site/disks/ipg_scf_00159/ajavidi_ship/SHIP_23ww17d4/ip764hduspsr1024x52m4b2s0r2p0d0_work/ship/ip/ip764hduspsr1024x52m4b2s0r2p0d0/zsc11_sccd070118_28Apr2023_044734/crossfire/crossfire/ip764hduspsr1024x52m4b2s0r2p0d0.uv1.2023_04_28_050244.9411/html/index_per_rule.html
	 There are no errors/failures on this checklist.
	 See file: /nfs/site/disks/ipg_scf_00159/ajavidi_ship/SHIP_23ww17d4/ip764hduspsr1024x52m4b2s0r2p0d0_work/ship/ip/ip764hduspsr1024x52m4b2s0r2p0d0/zsc11_sccd070118_28Apr2023_044734/crossfire/collateral/ebb/checks//ip764hduspsr1024x52m4b2s0r2p0d0.crossfire_timing.log

----------------------------------------------------------------------------------------------------------------------------------------------------------------
PASS	 crossfire_timing (8)
	 DEFINITION: {16510} Crossfire Rule: 16510 - Generic_attribute_conditions
	 firefox -new-window /nfs/site/disks/ipg_scf_00159/ajavidi_ship/SHIP_23ww17d4/ip764hduspsr1024x52m4b2s0r2p0d0_work/ship/ip/ip764hduspsr1024x52m4b2s0r2p0d0/zsc11_sccd070118_28Apr2023_044734/crossfire/crossfire/ip764hduspsr1024x52m4b2s0r2p0d0.uv1.2023_04_28_050244.9411/html/index_per_rule.html
	 There are no errors/failures on this checklist.
	 See file: /nfs/site/disks/ipg_scf_00159/ajavidi_ship/SHIP_23ww17d4/ip764hduspsr1024x52m4b2s0r2p0d0_work/ship/ip/ip764hduspsr1024x52m4b2s0r2p0d0/zsc11_sccd070118_28Apr2023_044734/crossfire/collateral/ebb/checks//ip764hduspsr1024x52m4b2s0r2p0d0.crossfire_timing.log

----------------------------------------------------------------------------------------------------------------------------------------------------------------
PASS	 crossfire_timing (9)
	 DEFINITION: {16704} Crossfire Rule: 16704 - Ocv_presence_check
	 firefox -new-window /nfs/site/disks/ipg_scf_00159/ajavidi_ship/SHIP_23ww17d4/ip764hduspsr1024x52m4b2s0r2p0d0_work/ship/ip/ip764hduspsr1024x52m4b2s0r2p0d0/zsc11_sccd070118_28Apr2023_044734/crossfire/crossfire/ip764hduspsr1024x52m4b2s0r2p0d0.uv1.2023_04_28_050244.9411/html/index_per_rule.html
	 There are no errors/failures on this checklist.
	 See file: /nfs/site/disks/ipg_scf_00159/ajavidi_ship/SHIP_23ww17d4/ip764hduspsr1024x52m4b2s0r2p0d0_work/ship/ip/ip764hduspsr1024x52m4b2s0r2p0d0/zsc11_sccd070118_28Apr2023_044734/crossfire/collateral/ebb/checks//ip764hduspsr1024x52m4b2s0r2p0d0.crossfire_timing.log

----------------------------------------------------------------------------------------------------------------------------------------------------------------
PASS	 crossfire_timing (10)
	 DEFINITION: {16712} Crossfire Rule: 16712 - Duplicate_pvt_check
	 firefox -new-window /nfs/site/disks/ipg_scf_00159/ajavidi_ship/SHIP_23ww17d4/ip764hduspsr1024x52m4b2s0r2p0d0_work/ship/ip/ip764hduspsr1024x52m4b2s0r2p0d0/zsc11_sccd070118_28Apr2023_044734/crossfire/crossfire/ip764hduspsr1024x52m4b2s0r2p0d0.uv1.2023_04_28_050244.9411/html/index_per_rule.html
	 There are no errors/failures on this checklist.
	 See file: /nfs/site/disks/ipg_scf_00159/ajavidi_ship/SHIP_23ww17d4/ip764hduspsr1024x52m4b2s0r2p0d0_work/ship/ip/ip764hduspsr1024x52m4b2s0r2p0d0/zsc11_sccd070118_28Apr2023_044734/crossfire/collateral/ebb/checks//ip764hduspsr1024x52m4b2s0r2p0d0.crossfire_timing.log

----------------------------------------------------------------------------------------------------------------------------------------------------------------
PASS	 crossfire_timing (11)
	 DEFINITION: {31} Crossfire Rule: 31 - pins terminals
	 firefox -new-window /nfs/site/disks/ipg_scf_00159/ajavidi_ship/SHIP_23ww17d4/ip764hduspsr1024x52m4b2s0r2p0d0_work/ship/ip/ip764hduspsr1024x52m4b2s0r2p0d0/zsc11_sccd070118_28Apr2023_044734/crossfire/crossfire/ip764hduspsr1024x52m4b2s0r2p0d0.uv1.2023_04_28_050244.9411/html/index_per_rule.html
	 There are no errors/failures on this checklist.
	 See file: /nfs/site/disks/ipg_scf_00159/ajavidi_ship/SHIP_23ww17d4/ip764hduspsr1024x52m4b2s0r2p0d0_work/ship/ip/ip764hduspsr1024x52m4b2s0r2p0d0/zsc11_sccd070118_28Apr2023_044734/crossfire/collateral/ebb/checks//ip764hduspsr1024x52m4b2s0r2p0d0.crossfire_timing.log

----------------------------------------------------------------------------------------------------------------------------------------------------------------
PASS	 crossfire_timing (12)
	 DEFINITION: {7410} Crossfire Rule: 7410 - Ensure_arcs_present_for_given_related_pins
	 firefox -new-window /nfs/site/disks/ipg_scf_00159/ajavidi_ship/SHIP_23ww17d4/ip764hduspsr1024x52m4b2s0r2p0d0_work/ship/ip/ip764hduspsr1024x52m4b2s0r2p0d0/zsc11_sccd070118_28Apr2023_044734/crossfire/crossfire/ip764hduspsr1024x52m4b2s0r2p0d0.uv1.2023_04_28_050244.9411/html/index_per_rule.html
	 There are no errors/failures on this checklist.
	 See file: /nfs/site/disks/ipg_scf_00159/ajavidi_ship/SHIP_23ww17d4/ip764hduspsr1024x52m4b2s0r2p0d0_work/ship/ip/ip764hduspsr1024x52m4b2s0r2p0d0/zsc11_sccd070118_28Apr2023_044734/crossfire/collateral/ebb/checks//ip764hduspsr1024x52m4b2s0r2p0d0.crossfire_timing.log

----------------------------------------------------------------------------------------------------------------------------------------------------------------
PASS	 crossfire_timing (13)
	 DEFINITION: {7503} Crossfire Rule: 7503 - VoltageMapCheck
	 firefox -new-window /nfs/site/disks/ipg_scf_00159/ajavidi_ship/SHIP_23ww17d4/ip764hduspsr1024x52m4b2s0r2p0d0_work/ship/ip/ip764hduspsr1024x52m4b2s0r2p0d0/zsc11_sccd070118_28Apr2023_044734/crossfire/crossfire/ip764hduspsr1024x52m4b2s0r2p0d0.uv1.2023_04_28_050244.9411/html/index_per_rule.html
	 There are no errors/failures on this checklist.
	 See file: /nfs/site/disks/ipg_scf_00159/ajavidi_ship/SHIP_23ww17d4/ip764hduspsr1024x52m4b2s0r2p0d0_work/ship/ip/ip764hduspsr1024x52m4b2s0r2p0d0/zsc11_sccd070118_28Apr2023_044734/crossfire/collateral/ebb/checks//ip764hduspsr1024x52m4b2s0r2p0d0.crossfire_timing.log

----------------------------------------------------------------------------------------------------------------------------------------------------------------
PASS	 crossfire_timing (14)
	 DEFINITION: {7605:UserParameters} Crossfire Rule: 7605:UserParameters - UserParameters
	 firefox -new-window /nfs/site/disks/ipg_scf_00159/ajavidi_ship/SHIP_23ww17d4/ip764hduspsr1024x52m4b2s0r2p0d0_work/ship/ip/ip764hduspsr1024x52m4b2s0r2p0d0/zsc11_sccd070118_28Apr2023_044734/crossfire/crossfire/ip764hduspsr1024x52m4b2s0r2p0d0.uv1.2023_04_28_050244.9411/html/index_per_rule.html
	 There are no errors/failures on this checklist.
	 See file: /nfs/site/disks/ipg_scf_00159/ajavidi_ship/SHIP_23ww17d4/ip764hduspsr1024x52m4b2s0r2p0d0_work/ship/ip/ip764hduspsr1024x52m4b2s0r2p0d0/zsc11_sccd070118_28Apr2023_044734/crossfire/collateral/ebb/checks//ip764hduspsr1024x52m4b2s0r2p0d0.crossfire_timing.log

----------------------------------------------------------------------------------------------------------------------------------------------------------------
PASS	 crossfire_timing (15)
	 DEFINITION: {7605:OptUserParameters} Crossfire Rule: 7605:OptUserParameters - OptUserParameters
	 firefox -new-window /nfs/site/disks/ipg_scf_00159/ajavidi_ship/SHIP_23ww17d4/ip764hduspsr1024x52m4b2s0r2p0d0_work/ship/ip/ip764hduspsr1024x52m4b2s0r2p0d0/zsc11_sccd070118_28Apr2023_044734/crossfire/crossfire/ip764hduspsr1024x52m4b2s0r2p0d0.uv1.2023_04_28_050244.9411/html/index_per_rule.html
	 There are no errors/failures on this checklist.
	 See file: /nfs/site/disks/ipg_scf_00159/ajavidi_ship/SHIP_23ww17d4/ip764hduspsr1024x52m4b2s0r2p0d0_work/ship/ip/ip764hduspsr1024x52m4b2s0r2p0d0/zsc11_sccd070118_28Apr2023_044734/crossfire/collateral/ebb/checks//ip764hduspsr1024x52m4b2s0r2p0d0.crossfire_timing.log

----------------------------------------------------------------------------------------------------------------------------------------------------------------
PASS	 crossfire_timing (16)
	 DEFINITION: {7607} Crossfire Rule: 7607 - ArcPresence
	 firefox -new-window /nfs/site/disks/ipg_scf_00159/ajavidi_ship/SHIP_23ww17d4/ip764hduspsr1024x52m4b2s0r2p0d0_work/ship/ip/ip764hduspsr1024x52m4b2s0r2p0d0/zsc11_sccd070118_28Apr2023_044734/crossfire/crossfire/ip764hduspsr1024x52m4b2s0r2p0d0.uv1.2023_04_28_050244.9411/html/index_per_rule.html
	 There are no errors/failures on this checklist.
	 See file: /nfs/site/disks/ipg_scf_00159/ajavidi_ship/SHIP_23ww17d4/ip764hduspsr1024x52m4b2s0r2p0d0_work/ship/ip/ip764hduspsr1024x52m4b2s0r2p0d0/zsc11_sccd070118_28Apr2023_044734/crossfire/collateral/ebb/checks//ip764hduspsr1024x52m4b2s0r2p0d0.crossfire_timing.log

----------------------------------------------------------------------------------------------------------------------------------------------------------------
PASS	 crossfire_timing (17)
	 DEFINITION: {7708} Crossfire Rule: 7708 - Value_range_ocv_delay
	 firefox -new-window /nfs/site/disks/ipg_scf_00159/ajavidi_ship/SHIP_23ww17d4/ip764hduspsr1024x52m4b2s0r2p0d0_work/ship/ip/ip764hduspsr1024x52m4b2s0r2p0d0/zsc11_sccd070118_28Apr2023_044734/crossfire/crossfire/ip764hduspsr1024x52m4b2s0r2p0d0.uv1.2023_04_28_050244.9411/html/index_per_rule.html
	 There are no errors/failures on this checklist.
	 See file: /nfs/site/disks/ipg_scf_00159/ajavidi_ship/SHIP_23ww17d4/ip764hduspsr1024x52m4b2s0r2p0d0_work/ship/ip/ip764hduspsr1024x52m4b2s0r2p0d0/zsc11_sccd070118_28Apr2023_044734/crossfire/collateral/ebb/checks//ip764hduspsr1024x52m4b2s0r2p0d0.crossfire_timing.log

----------------------------------------------------------------------------------------------------------------------------------------------------------------
PASS	 crossfire_timing (18)
	 DEFINITION: {7709} Crossfire Rule: 7709 - Value_range_ocv_transition
	 firefox -new-window /nfs/site/disks/ipg_scf_00159/ajavidi_ship/SHIP_23ww17d4/ip764hduspsr1024x52m4b2s0r2p0d0_work/ship/ip/ip764hduspsr1024x52m4b2s0r2p0d0/zsc11_sccd070118_28Apr2023_044734/crossfire/crossfire/ip764hduspsr1024x52m4b2s0r2p0d0.uv1.2023_04_28_050244.9411/html/index_per_rule.html
	 There are no errors/failures on this checklist.
	 See file: /nfs/site/disks/ipg_scf_00159/ajavidi_ship/SHIP_23ww17d4/ip764hduspsr1024x52m4b2s0r2p0d0_work/ship/ip/ip764hduspsr1024x52m4b2s0r2p0d0/zsc11_sccd070118_28Apr2023_044734/crossfire/collateral/ebb/checks//ip764hduspsr1024x52m4b2s0r2p0d0.crossfire_timing.log

----------------------------------------------------------------------------------------------------------------------------------------------------------------
FAIL	 crossfire_timing (19)
	 DEFINITION: {7710} Crossfire Rule: 7710 - Value_range_ocv_constraint
	 firefox -new-window /nfs/site/disks/ipg_scf_00159/ajavidi_ship/SHIP_23ww17d4/ip764hduspsr1024x52m4b2s0r2p0d0_work/ship/ip/ip764hduspsr1024x52m4b2s0r2p0d0/zsc11_sccd070118_28Apr2023_044734/crossfire/crossfire/ip764hduspsr1024x52m4b2s0r2p0d0.uv1.2023_04_28_050244.9411/html/index_per_rule.html
	 :F: OCV constraint values are found outside the specified range. The value found is [*100000.0ps*] > *:*:*::"[0.0ps 10000.0ps]" In NLDM_NLPM_OCV~synopsys~NLDM-NLPM-OCV~ip764hduspsr1024x52m4b2s0r2p0d0_tttt_0.55v_0.55v_100c.lib at line 1592
	 :F: OCV constraint values are found outside the specified range. The value found is [*100000.0ps*] > *:*:*::"[0.0ps 10000.0ps]" In NLDM_NLPM_OCV~synopsys~NLDM-NLPM-OCV~ip764hduspsr1024x52m4b2s0r2p0d0_tttt_0.55v_0.55v_100c.lib at line 1595
	 :F: OCV constraint values are found outside the specified range. The value found is [*100000.0ps*] > *:*:*::"[0.0ps 10000.0ps]" In NLDM_NLPM_OCV~synopsys~NLDM-NLPM-OCV~ip764hduspsr1024x52m4b2s0r2p0d0_tttt_0.55v_0.55v_100c.lib at line 1609
	 :F: OCV constraint values are found outside the specified range. The value found is [*100000.0ps*] > *:*:*::"[0.0ps 10000.0ps]" In NLDM_NLPM_OCV~synopsys~NLDM-NLPM-OCV~ip764hduspsr1024x52m4b2s0r2p0d0_tttt_0.55v_0.55v_100c.lib at line 1612
	 :F: OCV constraint values are found outside the specified range. The value found is [*100000.0ps*] > *:*:*::"[0.0ps 10000.0ps]" In NLDM_NLPM_OCV~synopsys~NLDM-NLPM-OCV~ip764hduspsr1024x52m4b2s0r2p0d0_tttt_0.55v_0.55v_100c.prev.lib at line 1593
	 :F: OCV constraint values are found outside the specified range. The value found is [*100000.0ps*] > *:*:*::"[0.0ps 10000.0ps]" In NLDM_NLPM_OCV~synopsys~NLDM-NLPM-OCV~ip764hduspsr1024x52m4b2s0r2p0d0_tttt_0.55v_0.55v_100c.prev.lib at line 1596
	 :F: OCV constraint values are found outside the specified range. The value found is [*100000.0ps*] > *:*:*::"[0.0ps 10000.0ps]" In NLDM_NLPM_OCV~synopsys~NLDM-NLPM-OCV~ip764hduspsr1024x52m4b2s0r2p0d0_tttt_0.55v_0.55v_100c.prev.lib at line 1610
	 :F: OCV constraint values are found outside the specified range. The value found is [*100000.0ps*] > *:*:*::"[0.0ps 10000.0ps]" In NLDM_NLPM_OCV~synopsys~NLDM-NLPM-OCV~ip764hduspsr1024x52m4b2s0r2p0d0_tttt_0.55v_0.55v_100c.prev.lib at line 1613
	 :F: OCV constraint values are found outside the specified range. The value found is [*100000.0ps*] > *:*:*::"[0.0ps 10000.0ps]" In NLDM_NLPM_OCV~synopsys~NLDM-NLPM-OCV~ip764hduspsr1024x52m4b2s0r2p0d0_tttt_0.65v_0.65v_-40c.lib at line 1496
	 :F: OCV constraint values are found outside the specified range. The value found is [*100000.0ps*] > *:*:*::"[0.0ps 10000.0ps]" In NLDM_NLPM_OCV~synopsys~NLDM-NLPM-OCV~ip764hduspsr1024x52m4b2s0r2p0d0_tttt_0.65v_0.65v_-40c.lib at line 1499
	 :F: OCV constraint values are found outside the specified range. The value found is [*100000.0ps*] > *:*:*::"[0.0ps 10000.0ps]" In NLDM_NLPM_OCV~synopsys~NLDM-NLPM-OCV~ip764hduspsr1024x52m4b2s0r2p0d0_tttt_0.65v_0.65v_-40c.prev.lib at line 1497
	 :F: OCV constraint values are found outside the specified range. The value found is [*100000.0ps*] > *:*:*::"[0.0ps 10000.0ps]" In NLDM_NLPM_OCV~synopsys~NLDM-NLPM-OCV~ip764hduspsr1024x52m4b2s0r2p0d0_tttt_0.65v_0.65v_-40c.prev.lib at line 1500
	 See file: /nfs/site/disks/ipg_scf_00159/ajavidi_ship/SHIP_23ww17d4/ip764hduspsr1024x52m4b2s0r2p0d0_work/ship/ip/ip764hduspsr1024x52m4b2s0r2p0d0/zsc11_sccd070118_28Apr2023_044734/crossfire/collateral/ebb/checks//ip764hduspsr1024x52m4b2s0r2p0d0.crossfire_timing.log

----------------------------------------------------------------------------------------------------------------------------------------------------------------
