##################################################################################
# Date: Fri Apr 28 05:22:23 PDT 2023
# Milestone: UV1
# Block: ip764hduspsr1024x52m4b2s0r2p0d0
# Closure Directory: /nfs/site/disks/ipg_scf_00159/ajavidi_ship/SHIP_23ww17d4/ip764hduspsr1024x52m4b2s0r2p0d0_work/ship/ip/ip764hduspsr1024x52m4b2s0r2p0d0/zsc11_sccd070118_28Apr2023_044734/staging/review
# Source file md5sum: f07960f26cd5e5d761b539665e743769
# User: ajavidi
# Finale Version: 23.01.011
# XML Metadata User: ajavidi
# XML Metadata Date: Fri Apr 28 05:21:50 2023
# XML Metadata Command: /p/hdk/pu_tu/prd/crossfire_checkers/23.01.002/crossfire_checker.py --block ip764hduspsr1024x52m4b2s0r2p0d0 --tool crossfire_timing --input_dir /nfs/site/disks/ipg_scf_00159/ajavidi_ship/SHIP_23ww17d4/ip764hduspsr1024x52m4b2s0r2p0d0_work/ship/ip/ip764hduspsr1024x52m4b2s0r2p0d0/zsc11_sccd070118_28Apr2023_044734/crossfire/collateral/ebb/checks/ --output_dir /nfs/site/disks/ipg_scf_00159/ajavidi_ship/SHIP_23ww17d4/ip764hduspsr1024x52m4b2s0r2p0d0_work/ship/ip/ip764hduspsr1024x52m4b2s0r2p0d0/zsc11_sccd070118_28Apr2023_044734/crossfire/review/
# XML Metadata Ward: /nfs/site/disks/ipg_scf_00159/ajavidi_ship/SHIP_23ww17d4/ip764hduspsr1024x52m4b2s0r2p0d0_work

##################################################################################
# Legend:
#   ERROR - :E: Some kind of error occurred so the check could not be done (e.g. file was missing, failed to parse file correctly, etc.)
#   FAIL  - :F: Failing with no waivers in place.
#         - :R: Rejected. This indicates the violation was waived, but the waiver was rejected by the reviewer.
#   WAIVE - :W: DE has written a waiver for this failure (a review is still required).
#   APPRV - :A: Reviewer has approved the waiver for this failure.
#   PASS  -     Everything is good.
#

>>>>>>>>>>>>>>>>>>>>>>>>>>>>>>>>>>>>>>>>>>>>>>>>>>>>>>>>>>>>   crossfire_power  <<<<<<<<<<<<<<<<<<<<<<<<<<<<<<<<<<<<<<<<<<<<<<<<<<<<<<<<<<<<<<<<<<<<<<<<<<<<<<<<

---------------------------------------------------------------------------------------------------------------------------------------------------------------
FAIL	 crossfire_power (1)
	 DEFINITION: {verify_crossfire_power_input_file_exists} Verify the crossfire_power log file exists
	 :F: The crossfire_power log file does not exist
	 See missing file:/nfs/site/disks/ipg_scf_00159/ajavidi_ship/SHIP_23ww17d4/ip764hduspsr1024x52m4b2s0r2p0d0_work/ship/ip/ip764hduspsr1024x52m4b2s0r2p0d0/zsc11_sccd070118_28Apr2023_044734/crossfire/collateral/ebb/checks//ip764hduspsr1024x52m4b2s0r2p0d0.crossfire_power.log

---------------------------------------------------------------------------------------------------------------------------------------------------------------
