---------------------------------------------------
 Rule Name     RTL0p0      RTL0p5   RTL0p8   RTL1p0
---------------------------------------------------
   12.6.a   Not Required    PASS     PASS     PASS
 12.120.a   Not Required    FAIL     FAIL     FAIL
 12.118.a   Not Required    PASS     PASS     PASS
 12.124.a   Not Required    PASS     PASS     PASS
 12.124.b   Not Required    FAIL     FAIL     FAIL
 12.275.b   Not Required    FAIL     FAIL     FAIL
 12.275.a   Not Required    FAIL     FAIL     FAIL
 12.276.a   Not Required    FAIL     FAIL     FAIL
 12.277.a   Not Required    FAIL     FAIL     FAIL
 12.277.c   Not Required    PASS     PASS     PASS
 12.281.a   Not Required    FAIL     FAIL     FAIL
 12.287.a   Not Required    PASS     PASS     PASS
 12.293.a   Not Required    PASS     PASS     PASS
 12.293.b   Not Required    PASS     PASS     PASS
 12.293.c   Not Required    PASS     PASS     PASS
 12.293.e   Not Required    FAIL     FAIL     FAIL
 12.293.f   Not Required    FAIL     FAIL     FAIL
 12.293.g   Not Required    PASS     PASS     PASS
