######## IP Build Summary Report #######
########################################
#Info only 
########################################
ip_top_module_name = hqm_qed_mem
KitVendor          = Intel
KitLibrary         = Intel
ip_version         = 1.0

########################################
# RTL Parameters (info only)
########################################
#RTL Parameter	Value

########################################
# Ports with PortWidth and PortDirection (info only)
########################################
#Port_name	PortWidth	Port_Direction
fscan_byprst_b	1		in
fscan_clkungate	1		in
fscan_rstbypen	1		in
hqm_pwrgood_rst_b	1		in
powergood_rst_b	1		in
rf_atq_cnt_isol_en	1		in
rf_atq_cnt_pwr_enable_b_in	1		in
rf_atq_cnt_pwr_enable_b_out	1		out
rf_atq_cnt_raddr	[4:0]		in
rf_atq_cnt_rclk	1		in
rf_atq_cnt_rclk_rst_n	1		in
rf_atq_cnt_rdata	[67:0]		out
rf_atq_cnt_re	1		in
rf_atq_cnt_waddr	[4:0]		in
rf_atq_cnt_wclk	1		in
rf_atq_cnt_wclk_rst_n	1		in
rf_atq_cnt_wdata	[67:0]		in
rf_atq_cnt_we	1		in
rf_atq_hp_isol_en	1		in
rf_atq_hp_pwr_enable_b_in	1		in
rf_atq_hp_pwr_enable_b_out	1		out
rf_atq_hp_raddr	[6:0]		in
rf_atq_hp_rclk	1		in
rf_atq_hp_rclk_rst_n	1		in
rf_atq_hp_rdata	[14:0]		out
rf_atq_hp_re	1		in
rf_atq_hp_waddr	[6:0]		in
rf_atq_hp_wclk	1		in
rf_atq_hp_wclk_rst_n	1		in
rf_atq_hp_wdata	[14:0]		in
rf_atq_hp_we	1		in
rf_atq_tp_isol_en	1		in
rf_atq_tp_pwr_enable_b_in	1		in
rf_atq_tp_pwr_enable_b_out	1		out
rf_atq_tp_raddr	[6:0]		in
rf_atq_tp_rclk	1		in
rf_atq_tp_rclk_rst_n	1		in
rf_atq_tp_rdata	[14:0]		out
rf_atq_tp_re	1		in
rf_atq_tp_waddr	[6:0]		in
rf_atq_tp_wclk	1		in
rf_atq_tp_wclk_rst_n	1		in
rf_atq_tp_wdata	[14:0]		in
rf_atq_tp_we	1		in
rf_dir_cnt_isol_en	1		in
rf_dir_cnt_pwr_enable_b_in	1		in
rf_dir_cnt_pwr_enable_b_out	1		out
rf_dir_cnt_raddr	[5:0]		in
rf_dir_cnt_rclk	1		in
rf_dir_cnt_rclk_rst_n	1		in
rf_dir_cnt_rdata	[67:0]		out
rf_dir_cnt_re	1		in
rf_dir_cnt_waddr	[5:0]		in
rf_dir_cnt_wclk	1		in
rf_dir_cnt_wclk_rst_n	1		in
rf_dir_cnt_wdata	[67:0]		in
rf_dir_cnt_we	1		in
rf_dir_hp_isol_en	1		in
rf_dir_hp_pwr_enable_b_in	1		in
rf_dir_hp_pwr_enable_b_out	1		out
rf_dir_hp_raddr	[7:0]		in
rf_dir_hp_rclk	1		in
rf_dir_hp_rclk_rst_n	1		in
rf_dir_hp_rdata	[14:0]		out
rf_dir_hp_re	1		in
rf_dir_hp_waddr	[7:0]		in
rf_dir_hp_wclk	1		in
rf_dir_hp_wclk_rst_n	1		in
rf_dir_hp_wdata	[14:0]		in
rf_dir_hp_we	1		in
rf_dir_replay_cnt_isol_en	1		in
rf_dir_replay_cnt_pwr_enable_b_in	1		in
rf_dir_replay_cnt_pwr_enable_b_out	1		out
rf_dir_replay_cnt_raddr	[4:0]		in
rf_dir_replay_cnt_rclk	1		in
rf_dir_replay_cnt_rclk_rst_n	1		in
rf_dir_replay_cnt_rdata	[67:0]		out
rf_dir_replay_cnt_re	1		in
rf_dir_replay_cnt_waddr	[4:0]		in
rf_dir_replay_cnt_wclk	1		in
rf_dir_replay_cnt_wclk_rst_n	1		in
rf_dir_replay_cnt_wdata	[67:0]		in
rf_dir_replay_cnt_we	1		in
rf_dir_replay_hp_isol_en	1		in
rf_dir_replay_hp_pwr_enable_b_in	1		in
rf_dir_replay_hp_pwr_enable_b_out	1		out
rf_dir_replay_hp_raddr	[6:0]		in
rf_dir_replay_hp_rclk	1		in
rf_dir_replay_hp_rclk_rst_n	1		in
rf_dir_replay_hp_rdata	[14:0]		out
rf_dir_replay_hp_re	1		in
rf_dir_replay_hp_waddr	[6:0]		in
rf_dir_replay_hp_wclk	1		in
rf_dir_replay_hp_wclk_rst_n	1		in
rf_dir_replay_hp_wdata	[14:0]		in
rf_dir_replay_hp_we	1		in
rf_dir_replay_tp_isol_en	1		in
rf_dir_replay_tp_pwr_enable_b_in	1		in
rf_dir_replay_tp_pwr_enable_b_out	1		out
rf_dir_replay_tp_raddr	[6:0]		in
rf_dir_replay_tp_rclk	1		in
rf_dir_replay_tp_rclk_rst_n	1		in
rf_dir_replay_tp_rdata	[14:0]		out
rf_dir_replay_tp_re	1		in
rf_dir_replay_tp_waddr	[6:0]		in
rf_dir_replay_tp_wclk	1		in
rf_dir_replay_tp_wclk_rst_n	1		in
rf_dir_replay_tp_wdata	[14:0]		in
rf_dir_replay_tp_we	1		in
rf_dir_rofrag_cnt_isol_en	1		in
rf_dir_rofrag_cnt_pwr_enable_b_in	1		in
rf_dir_rofrag_cnt_pwr_enable_b_out	1		out
rf_dir_rofrag_cnt_raddr	[8:0]		in
rf_dir_rofrag_cnt_rclk	1		in
rf_dir_rofrag_cnt_rclk_rst_n	1		in
rf_dir_rofrag_cnt_rdata	[16:0]		out
rf_dir_rofrag_cnt_re	1		in
rf_dir_rofrag_cnt_waddr	[8:0]		in
rf_dir_rofrag_cnt_wclk	1		in
rf_dir_rofrag_cnt_wclk_rst_n	1		in
rf_dir_rofrag_cnt_wdata	[16:0]		in
rf_dir_rofrag_cnt_we	1		in
rf_dir_rofrag_hp_isol_en	1		in
rf_dir_rofrag_hp_pwr_enable_b_in	1		in
rf_dir_rofrag_hp_pwr_enable_b_out	1		out
rf_dir_rofrag_hp_raddr	[8:0]		in
rf_dir_rofrag_hp_rclk	1		in
rf_dir_rofrag_hp_rclk_rst_n	1		in
rf_dir_rofrag_hp_rdata	[14:0]		out
rf_dir_rofrag_hp_re	1		in
rf_dir_rofrag_hp_waddr	[8:0]		in
rf_dir_rofrag_hp_wclk	1		in
rf_dir_rofrag_hp_wclk_rst_n	1		in
rf_dir_rofrag_hp_wdata	[14:0]		in
rf_dir_rofrag_hp_we	1		in
rf_dir_rofrag_tp_isol_en	1		in
rf_dir_rofrag_tp_pwr_enable_b_in	1		in
rf_dir_rofrag_tp_pwr_enable_b_out	1		out
rf_dir_rofrag_tp_raddr	[8:0]		in
rf_dir_rofrag_tp_rclk	1		in
rf_dir_rofrag_tp_rclk_rst_n	1		in
rf_dir_rofrag_tp_rdata	[14:0]		out
rf_dir_rofrag_tp_re	1		in
rf_dir_rofrag_tp_waddr	[8:0]		in
rf_dir_rofrag_tp_wclk	1		in
rf_dir_rofrag_tp_wclk_rst_n	1		in
rf_dir_rofrag_tp_wdata	[14:0]		in
rf_dir_rofrag_tp_we	1		in
rf_dir_tp_isol_en	1		in
rf_dir_tp_pwr_enable_b_in	1		in
rf_dir_tp_pwr_enable_b_out	1		out
rf_dir_tp_raddr	[7:0]		in
rf_dir_tp_rclk	1		in
rf_dir_tp_rclk_rst_n	1		in
rf_dir_tp_rdata	[14:0]		out
rf_dir_tp_re	1		in
rf_dir_tp_waddr	[7:0]		in
rf_dir_tp_wclk	1		in
rf_dir_tp_wclk_rst_n	1		in
rf_dir_tp_wdata	[14:0]		in
rf_dir_tp_we	1		in
rf_dp_dqed_isol_en	1		in
rf_dp_dqed_pwr_enable_b_in	1		in
rf_dp_dqed_pwr_enable_b_out	1		out
rf_dp_dqed_raddr	[4:0]		in
rf_dp_dqed_rclk	1		in
rf_dp_dqed_rclk_rst_n	1		in
rf_dp_dqed_rdata	[44:0]		out
rf_dp_dqed_re	1		in
rf_dp_dqed_waddr	[4:0]		in
rf_dp_dqed_wclk	1		in
rf_dp_dqed_wclk_rst_n	1		in
rf_dp_dqed_wdata	[44:0]		in
rf_dp_dqed_we	1		in
rf_dp_lsp_enq_dir_isol_en	1		in
rf_dp_lsp_enq_dir_pwr_enable_b_in	1		in
rf_dp_lsp_enq_dir_pwr_enable_b_out	1		out
rf_dp_lsp_enq_dir_raddr	[3:0]		in
rf_dp_lsp_enq_dir_rclk	1		in
rf_dp_lsp_enq_dir_rclk_rst_n	1		in
rf_dp_lsp_enq_dir_rdata	[7:0]		out
rf_dp_lsp_enq_dir_re	1		in
rf_dp_lsp_enq_dir_waddr	[3:0]		in
rf_dp_lsp_enq_dir_wclk	1		in
rf_dp_lsp_enq_dir_wclk_rst_n	1		in
rf_dp_lsp_enq_dir_wdata	[7:0]		in
rf_dp_lsp_enq_dir_we	1		in
rf_dp_lsp_enq_rorply_isol_en	1		in
rf_dp_lsp_enq_rorply_pwr_enable_b_in	1		in
rf_dp_lsp_enq_rorply_pwr_enable_b_out	1		out
rf_dp_lsp_enq_rorply_raddr	[3:0]		in
rf_dp_lsp_enq_rorply_rclk	1		in
rf_dp_lsp_enq_rorply_rclk_rst_n	1		in
rf_dp_lsp_enq_rorply_rdata	[22:0]		out
rf_dp_lsp_enq_rorply_re	1		in
rf_dp_lsp_enq_rorply_waddr	[3:0]		in
rf_dp_lsp_enq_rorply_wclk	1		in
rf_dp_lsp_enq_rorply_wclk_rst_n	1		in
rf_dp_lsp_enq_rorply_wdata	[22:0]		in
rf_dp_lsp_enq_rorply_we	1		in
rf_lsp_dp_sch_dir_isol_en	1		in
rf_lsp_dp_sch_dir_pwr_enable_b_in	1		in
rf_lsp_dp_sch_dir_pwr_enable_b_out	1		out
rf_lsp_dp_sch_dir_raddr	[1:0]		in
rf_lsp_dp_sch_dir_rclk	1		in
rf_lsp_dp_sch_dir_rclk_rst_n	1		in
rf_lsp_dp_sch_dir_rdata	[26:0]		out
rf_lsp_dp_sch_dir_re	1		in
rf_lsp_dp_sch_dir_waddr	[1:0]		in
rf_lsp_dp_sch_dir_wclk	1		in
rf_lsp_dp_sch_dir_wclk_rst_n	1		in
rf_lsp_dp_sch_dir_wdata	[26:0]		in
rf_lsp_dp_sch_dir_we	1		in
rf_lsp_dp_sch_rorply_isol_en	1		in
rf_lsp_dp_sch_rorply_pwr_enable_b_in	1		in
rf_lsp_dp_sch_rorply_pwr_enable_b_out	1		out
rf_lsp_dp_sch_rorply_raddr	[1:0]		in
rf_lsp_dp_sch_rorply_rclk	1		in
rf_lsp_dp_sch_rorply_rclk_rst_n	1		in
rf_lsp_dp_sch_rorply_rdata	[7:0]		out
rf_lsp_dp_sch_rorply_re	1		in
rf_lsp_dp_sch_rorply_waddr	[1:0]		in
rf_lsp_dp_sch_rorply_wclk	1		in
rf_lsp_dp_sch_rorply_wclk_rst_n	1		in
rf_lsp_dp_sch_rorply_wdata	[7:0]		in
rf_lsp_dp_sch_rorply_we	1		in
rf_lsp_nalb_sch_atq_isol_en	1		in
rf_lsp_nalb_sch_atq_pwr_enable_b_in	1		in
rf_lsp_nalb_sch_atq_pwr_enable_b_out	1		out
rf_lsp_nalb_sch_atq_raddr	[4:0]		in
rf_lsp_nalb_sch_atq_rclk	1		in
rf_lsp_nalb_sch_atq_rclk_rst_n	1		in
rf_lsp_nalb_sch_atq_rdata	[7:0]		out
rf_lsp_nalb_sch_atq_re	1		in
rf_lsp_nalb_sch_atq_waddr	[4:0]		in
rf_lsp_nalb_sch_atq_wclk	1		in
rf_lsp_nalb_sch_atq_wclk_rst_n	1		in
rf_lsp_nalb_sch_atq_wdata	[7:0]		in
rf_lsp_nalb_sch_atq_we	1		in
rf_lsp_nalb_sch_rorply_isol_en	1		in
rf_lsp_nalb_sch_rorply_pwr_enable_b_in	1		in
rf_lsp_nalb_sch_rorply_pwr_enable_b_out	1		out
rf_lsp_nalb_sch_rorply_raddr	[1:0]		in
rf_lsp_nalb_sch_rorply_rclk	1		in
rf_lsp_nalb_sch_rorply_rclk_rst_n	1		in
rf_lsp_nalb_sch_rorply_rdata	[7:0]		out
rf_lsp_nalb_sch_rorply_re	1		in
rf_lsp_nalb_sch_rorply_waddr	[1:0]		in
rf_lsp_nalb_sch_rorply_wclk	1		in
rf_lsp_nalb_sch_rorply_wclk_rst_n	1		in
rf_lsp_nalb_sch_rorply_wdata	[7:0]		in
rf_lsp_nalb_sch_rorply_we	1		in
rf_lsp_nalb_sch_unoord_isol_en	1		in
rf_lsp_nalb_sch_unoord_pwr_enable_b_in	1		in
rf_lsp_nalb_sch_unoord_pwr_enable_b_out	1		out
rf_lsp_nalb_sch_unoord_raddr	[1:0]		in
rf_lsp_nalb_sch_unoord_rclk	1		in
rf_lsp_nalb_sch_unoord_rclk_rst_n	1		in
rf_lsp_nalb_sch_unoord_rdata	[26:0]		out
rf_lsp_nalb_sch_unoord_re	1		in
rf_lsp_nalb_sch_unoord_waddr	[1:0]		in
rf_lsp_nalb_sch_unoord_wclk	1		in
rf_lsp_nalb_sch_unoord_wclk_rst_n	1		in
rf_lsp_nalb_sch_unoord_wdata	[26:0]		in
rf_lsp_nalb_sch_unoord_we	1		in
rf_nalb_cnt_isol_en	1		in
rf_nalb_cnt_pwr_enable_b_in	1		in
rf_nalb_cnt_pwr_enable_b_out	1		out
rf_nalb_cnt_raddr	[4:0]		in
rf_nalb_cnt_rclk	1		in
rf_nalb_cnt_rclk_rst_n	1		in
rf_nalb_cnt_rdata	[67:0]		out
rf_nalb_cnt_re	1		in
rf_nalb_cnt_waddr	[4:0]		in
rf_nalb_cnt_wclk	1		in
rf_nalb_cnt_wclk_rst_n	1		in
rf_nalb_cnt_wdata	[67:0]		in
rf_nalb_cnt_we	1		in
rf_nalb_hp_isol_en	1		in
rf_nalb_hp_pwr_enable_b_in	1		in
rf_nalb_hp_pwr_enable_b_out	1		out
rf_nalb_hp_raddr	[6:0]		in
rf_nalb_hp_rclk	1		in
rf_nalb_hp_rclk_rst_n	1		in
rf_nalb_hp_rdata	[14:0]		out
rf_nalb_hp_re	1		in
rf_nalb_hp_waddr	[6:0]		in
rf_nalb_hp_wclk	1		in
rf_nalb_hp_wclk_rst_n	1		in
rf_nalb_hp_wdata	[14:0]		in
rf_nalb_hp_we	1		in
rf_nalb_lsp_enq_rorply_isol_en	1		in
rf_nalb_lsp_enq_rorply_pwr_enable_b_in	1		in
rf_nalb_lsp_enq_rorply_pwr_enable_b_out	1		out
rf_nalb_lsp_enq_rorply_raddr	[4:0]		in
rf_nalb_lsp_enq_rorply_rclk	1		in
rf_nalb_lsp_enq_rorply_rclk_rst_n	1		in
rf_nalb_lsp_enq_rorply_rdata	[26:0]		out
rf_nalb_lsp_enq_rorply_re	1		in
rf_nalb_lsp_enq_rorply_waddr	[4:0]		in
rf_nalb_lsp_enq_rorply_wclk	1		in
rf_nalb_lsp_enq_rorply_wclk_rst_n	1		in
rf_nalb_lsp_enq_rorply_wdata	[26:0]		in
rf_nalb_lsp_enq_rorply_we	1		in
rf_nalb_lsp_enq_unoord_isol_en	1		in
rf_nalb_lsp_enq_unoord_pwr_enable_b_in	1		in
rf_nalb_lsp_enq_unoord_pwr_enable_b_out	1		out
rf_nalb_lsp_enq_unoord_raddr	[4:0]		in
rf_nalb_lsp_enq_unoord_rclk	1		in
rf_nalb_lsp_enq_unoord_rclk_rst_n	1		in
rf_nalb_lsp_enq_unoord_rdata	[9:0]		out
rf_nalb_lsp_enq_unoord_re	1		in
rf_nalb_lsp_enq_unoord_waddr	[4:0]		in
rf_nalb_lsp_enq_unoord_wclk	1		in
rf_nalb_lsp_enq_unoord_wclk_rst_n	1		in
rf_nalb_lsp_enq_unoord_wdata	[9:0]		in
rf_nalb_lsp_enq_unoord_we	1		in
rf_nalb_qed_isol_en	1		in
rf_nalb_qed_pwr_enable_b_in	1		in
rf_nalb_qed_pwr_enable_b_out	1		out
rf_nalb_qed_raddr	[4:0]		in
rf_nalb_qed_rclk	1		in
rf_nalb_qed_rclk_rst_n	1		in
rf_nalb_qed_rdata	[44:0]		out
rf_nalb_qed_re	1		in
rf_nalb_qed_waddr	[4:0]		in
rf_nalb_qed_wclk	1		in
rf_nalb_qed_wclk_rst_n	1		in
rf_nalb_qed_wdata	[44:0]		in
rf_nalb_qed_we	1		in
rf_nalb_replay_cnt_isol_en	1		in
rf_nalb_replay_cnt_pwr_enable_b_in	1		in
rf_nalb_replay_cnt_pwr_enable_b_out	1		out
rf_nalb_replay_cnt_raddr	[4:0]		in
rf_nalb_replay_cnt_rclk	1		in
rf_nalb_replay_cnt_rclk_rst_n	1		in
rf_nalb_replay_cnt_rdata	[67:0]		out
rf_nalb_replay_cnt_re	1		in
rf_nalb_replay_cnt_waddr	[4:0]		in
rf_nalb_replay_cnt_wclk	1		in
rf_nalb_replay_cnt_wclk_rst_n	1		in
rf_nalb_replay_cnt_wdata	[67:0]		in
rf_nalb_replay_cnt_we	1		in
rf_nalb_replay_hp_isol_en	1		in
rf_nalb_replay_hp_pwr_enable_b_in	1		in
rf_nalb_replay_hp_pwr_enable_b_out	1		out
rf_nalb_replay_hp_raddr	[6:0]		in
rf_nalb_replay_hp_rclk	1		in
rf_nalb_replay_hp_rclk_rst_n	1		in
rf_nalb_replay_hp_rdata	[14:0]		out
rf_nalb_replay_hp_re	1		in
rf_nalb_replay_hp_waddr	[6:0]		in
rf_nalb_replay_hp_wclk	1		in
rf_nalb_replay_hp_wclk_rst_n	1		in
rf_nalb_replay_hp_wdata	[14:0]		in
rf_nalb_replay_hp_we	1		in
rf_nalb_replay_tp_isol_en	1		in
rf_nalb_replay_tp_pwr_enable_b_in	1		in
rf_nalb_replay_tp_pwr_enable_b_out	1		out
rf_nalb_replay_tp_raddr	[6:0]		in
rf_nalb_replay_tp_rclk	1		in
rf_nalb_replay_tp_rclk_rst_n	1		in
rf_nalb_replay_tp_rdata	[14:0]		out
rf_nalb_replay_tp_re	1		in
rf_nalb_replay_tp_waddr	[6:0]		in
rf_nalb_replay_tp_wclk	1		in
rf_nalb_replay_tp_wclk_rst_n	1		in
rf_nalb_replay_tp_wdata	[14:0]		in
rf_nalb_replay_tp_we	1		in
rf_nalb_rofrag_cnt_isol_en	1		in
rf_nalb_rofrag_cnt_pwr_enable_b_in	1		in
rf_nalb_rofrag_cnt_pwr_enable_b_out	1		out
rf_nalb_rofrag_cnt_raddr	[8:0]		in
rf_nalb_rofrag_cnt_rclk	1		in
rf_nalb_rofrag_cnt_rclk_rst_n	1		in
rf_nalb_rofrag_cnt_rdata	[16:0]		out
rf_nalb_rofrag_cnt_re	1		in
rf_nalb_rofrag_cnt_waddr	[8:0]		in
rf_nalb_rofrag_cnt_wclk	1		in
rf_nalb_rofrag_cnt_wclk_rst_n	1		in
rf_nalb_rofrag_cnt_wdata	[16:0]		in
rf_nalb_rofrag_cnt_we	1		in
rf_nalb_rofrag_hp_isol_en	1		in
rf_nalb_rofrag_hp_pwr_enable_b_in	1		in
rf_nalb_rofrag_hp_pwr_enable_b_out	1		out
rf_nalb_rofrag_hp_raddr	[8:0]		in
rf_nalb_rofrag_hp_rclk	1		in
rf_nalb_rofrag_hp_rclk_rst_n	1		in
rf_nalb_rofrag_hp_rdata	[14:0]		out
rf_nalb_rofrag_hp_re	1		in
rf_nalb_rofrag_hp_waddr	[8:0]		in
rf_nalb_rofrag_hp_wclk	1		in
rf_nalb_rofrag_hp_wclk_rst_n	1		in
rf_nalb_rofrag_hp_wdata	[14:0]		in
rf_nalb_rofrag_hp_we	1		in
rf_nalb_rofrag_tp_isol_en	1		in
rf_nalb_rofrag_tp_pwr_enable_b_in	1		in
rf_nalb_rofrag_tp_pwr_enable_b_out	1		out
rf_nalb_rofrag_tp_raddr	[8:0]		in
rf_nalb_rofrag_tp_rclk	1		in
rf_nalb_rofrag_tp_rclk_rst_n	1		in
rf_nalb_rofrag_tp_rdata	[14:0]		out
rf_nalb_rofrag_tp_re	1		in
rf_nalb_rofrag_tp_waddr	[8:0]		in
rf_nalb_rofrag_tp_wclk	1		in
rf_nalb_rofrag_tp_wclk_rst_n	1		in
rf_nalb_rofrag_tp_wdata	[14:0]		in
rf_nalb_rofrag_tp_we	1		in
rf_nalb_tp_isol_en	1		in
rf_nalb_tp_pwr_enable_b_in	1		in
rf_nalb_tp_pwr_enable_b_out	1		out
rf_nalb_tp_raddr	[6:0]		in
rf_nalb_tp_rclk	1		in
rf_nalb_tp_rclk_rst_n	1		in
rf_nalb_tp_rdata	[14:0]		out
rf_nalb_tp_re	1		in
rf_nalb_tp_waddr	[6:0]		in
rf_nalb_tp_wclk	1		in
rf_nalb_tp_wclk_rst_n	1		in
rf_nalb_tp_wdata	[14:0]		in
rf_nalb_tp_we	1		in
rf_qed_chp_sch_data_isol_en	1		in
rf_qed_chp_sch_data_pwr_enable_b_in	1		in
rf_qed_chp_sch_data_pwr_enable_b_out	1		out
rf_qed_chp_sch_data_raddr	[2:0]		in
rf_qed_chp_sch_data_rclk	1		in
rf_qed_chp_sch_data_rclk_rst_n	1		in
rf_qed_chp_sch_data_rdata	[176:0]		out
rf_qed_chp_sch_data_re	1		in
rf_qed_chp_sch_data_waddr	[2:0]		in
rf_qed_chp_sch_data_wclk	1		in
rf_qed_chp_sch_data_wclk_rst_n	1		in
rf_qed_chp_sch_data_wdata	[176:0]		in
rf_qed_chp_sch_data_we	1		in
rf_rop_dp_enq_dir_isol_en	1		in
rf_rop_dp_enq_dir_pwr_enable_b_in	1		in
rf_rop_dp_enq_dir_pwr_enable_b_out	1		out
rf_rop_dp_enq_dir_raddr	[1:0]		in
rf_rop_dp_enq_dir_rclk	1		in
rf_rop_dp_enq_dir_rclk_rst_n	1		in
rf_rop_dp_enq_dir_rdata	[99:0]		out
rf_rop_dp_enq_dir_re	1		in
rf_rop_dp_enq_dir_waddr	[1:0]		in
rf_rop_dp_enq_dir_wclk	1		in
rf_rop_dp_enq_dir_wclk_rst_n	1		in
rf_rop_dp_enq_dir_wdata	[99:0]		in
rf_rop_dp_enq_dir_we	1		in
rf_rop_dp_enq_ro_isol_en	1		in
rf_rop_dp_enq_ro_pwr_enable_b_in	1		in
rf_rop_dp_enq_ro_pwr_enable_b_out	1		out
rf_rop_dp_enq_ro_raddr	[1:0]		in
rf_rop_dp_enq_ro_rclk	1		in
rf_rop_dp_enq_ro_rclk_rst_n	1		in
rf_rop_dp_enq_ro_rdata	[99:0]		out
rf_rop_dp_enq_ro_re	1		in
rf_rop_dp_enq_ro_waddr	[1:0]		in
rf_rop_dp_enq_ro_wclk	1		in
rf_rop_dp_enq_ro_wclk_rst_n	1		in
rf_rop_dp_enq_ro_wdata	[99:0]		in
rf_rop_dp_enq_ro_we	1		in
rf_rop_nalb_enq_ro_isol_en	1		in
rf_rop_nalb_enq_ro_pwr_enable_b_in	1		in
rf_rop_nalb_enq_ro_pwr_enable_b_out	1		out
rf_rop_nalb_enq_ro_raddr	[1:0]		in
rf_rop_nalb_enq_ro_rclk	1		in
rf_rop_nalb_enq_ro_rclk_rst_n	1		in
rf_rop_nalb_enq_ro_rdata	[99:0]		out
rf_rop_nalb_enq_ro_re	1		in
rf_rop_nalb_enq_ro_waddr	[1:0]		in
rf_rop_nalb_enq_ro_wclk	1		in
rf_rop_nalb_enq_ro_wclk_rst_n	1		in
rf_rop_nalb_enq_ro_wdata	[99:0]		in
rf_rop_nalb_enq_ro_we	1		in
rf_rop_nalb_enq_unoord_isol_en	1		in
rf_rop_nalb_enq_unoord_pwr_enable_b_in	1		in
rf_rop_nalb_enq_unoord_pwr_enable_b_out	1		out
rf_rop_nalb_enq_unoord_raddr	[1:0]		in
rf_rop_nalb_enq_unoord_rclk	1		in
rf_rop_nalb_enq_unoord_rclk_rst_n	1		in
rf_rop_nalb_enq_unoord_rdata	[99:0]		out
rf_rop_nalb_enq_unoord_re	1		in
rf_rop_nalb_enq_unoord_waddr	[1:0]		in
rf_rop_nalb_enq_unoord_wclk	1		in
rf_rop_nalb_enq_unoord_wclk_rst_n	1		in
rf_rop_nalb_enq_unoord_wdata	[99:0]		in
rf_rop_nalb_enq_unoord_we	1		in
rf_rx_sync_dp_dqed_data_isol_en	1		in
rf_rx_sync_dp_dqed_data_pwr_enable_b_in	1		in
rf_rx_sync_dp_dqed_data_pwr_enable_b_out	1		out
rf_rx_sync_dp_dqed_data_raddr	[1:0]		in
rf_rx_sync_dp_dqed_data_rclk	1		in
rf_rx_sync_dp_dqed_data_rclk_rst_n	1		in
rf_rx_sync_dp_dqed_data_rdata	[44:0]		out
rf_rx_sync_dp_dqed_data_re	1		in
rf_rx_sync_dp_dqed_data_waddr	[1:0]		in
rf_rx_sync_dp_dqed_data_wclk	1		in
rf_rx_sync_dp_dqed_data_wclk_rst_n	1		in
rf_rx_sync_dp_dqed_data_wdata	[44:0]		in
rf_rx_sync_dp_dqed_data_we	1		in
rf_rx_sync_lsp_dp_sch_dir_isol_en	1		in
rf_rx_sync_lsp_dp_sch_dir_pwr_enable_b_in	1		in
rf_rx_sync_lsp_dp_sch_dir_pwr_enable_b_out	1		out
rf_rx_sync_lsp_dp_sch_dir_raddr	[1:0]		in
rf_rx_sync_lsp_dp_sch_dir_rclk	1		in
rf_rx_sync_lsp_dp_sch_dir_rclk_rst_n	1		in
rf_rx_sync_lsp_dp_sch_dir_rdata	[26:0]		out
rf_rx_sync_lsp_dp_sch_dir_re	1		in
rf_rx_sync_lsp_dp_sch_dir_waddr	[1:0]		in
rf_rx_sync_lsp_dp_sch_dir_wclk	1		in
rf_rx_sync_lsp_dp_sch_dir_wclk_rst_n	1		in
rf_rx_sync_lsp_dp_sch_dir_wdata	[26:0]		in
rf_rx_sync_lsp_dp_sch_dir_we	1		in
rf_rx_sync_lsp_dp_sch_rorply_isol_en	1		in
rf_rx_sync_lsp_dp_sch_rorply_pwr_enable_b_in	1		in
rf_rx_sync_lsp_dp_sch_rorply_pwr_enable_b_out	1		out
rf_rx_sync_lsp_dp_sch_rorply_raddr	[1:0]		in
rf_rx_sync_lsp_dp_sch_rorply_rclk	1		in
rf_rx_sync_lsp_dp_sch_rorply_rclk_rst_n	1		in
rf_rx_sync_lsp_dp_sch_rorply_rdata	[7:0]		out
rf_rx_sync_lsp_dp_sch_rorply_re	1		in
rf_rx_sync_lsp_dp_sch_rorply_waddr	[1:0]		in
rf_rx_sync_lsp_dp_sch_rorply_wclk	1		in
rf_rx_sync_lsp_dp_sch_rorply_wclk_rst_n	1		in
rf_rx_sync_lsp_dp_sch_rorply_wdata	[7:0]		in
rf_rx_sync_lsp_dp_sch_rorply_we	1		in
rf_rx_sync_lsp_nalb_sch_atq_isol_en	1		in
rf_rx_sync_lsp_nalb_sch_atq_pwr_enable_b_in	1		in
rf_rx_sync_lsp_nalb_sch_atq_pwr_enable_b_out	1		out
rf_rx_sync_lsp_nalb_sch_atq_raddr	[1:0]		in
rf_rx_sync_lsp_nalb_sch_atq_rclk	1		in
rf_rx_sync_lsp_nalb_sch_atq_rclk_rst_n	1		in
rf_rx_sync_lsp_nalb_sch_atq_rdata	[7:0]		out
rf_rx_sync_lsp_nalb_sch_atq_re	1		in
rf_rx_sync_lsp_nalb_sch_atq_waddr	[1:0]		in
rf_rx_sync_lsp_nalb_sch_atq_wclk	1		in
rf_rx_sync_lsp_nalb_sch_atq_wclk_rst_n	1		in
rf_rx_sync_lsp_nalb_sch_atq_wdata	[7:0]		in
rf_rx_sync_lsp_nalb_sch_atq_we	1		in
rf_rx_sync_lsp_nalb_sch_rorply_isol_en	1		in
rf_rx_sync_lsp_nalb_sch_rorply_pwr_enable_b_in	1		in
rf_rx_sync_lsp_nalb_sch_rorply_pwr_enable_b_out	1		out
rf_rx_sync_lsp_nalb_sch_rorply_raddr	[1:0]		in
rf_rx_sync_lsp_nalb_sch_rorply_rclk	1		in
rf_rx_sync_lsp_nalb_sch_rorply_rclk_rst_n	1		in
rf_rx_sync_lsp_nalb_sch_rorply_rdata	[7:0]		out
rf_rx_sync_lsp_nalb_sch_rorply_re	1		in
rf_rx_sync_lsp_nalb_sch_rorply_waddr	[1:0]		in
rf_rx_sync_lsp_nalb_sch_rorply_wclk	1		in
rf_rx_sync_lsp_nalb_sch_rorply_wclk_rst_n	1		in
rf_rx_sync_lsp_nalb_sch_rorply_wdata	[7:0]		in
rf_rx_sync_lsp_nalb_sch_rorply_we	1		in
rf_rx_sync_lsp_nalb_sch_unoord_isol_en	1		in
rf_rx_sync_lsp_nalb_sch_unoord_pwr_enable_b_in	1		in
rf_rx_sync_lsp_nalb_sch_unoord_pwr_enable_b_out	1		out
rf_rx_sync_lsp_nalb_sch_unoord_raddr	[1:0]		in
rf_rx_sync_lsp_nalb_sch_unoord_rclk	1		in
rf_rx_sync_lsp_nalb_sch_unoord_rclk_rst_n	1		in
rf_rx_sync_lsp_nalb_sch_unoord_rdata	[26:0]		out
rf_rx_sync_lsp_nalb_sch_unoord_re	1		in
rf_rx_sync_lsp_nalb_sch_unoord_waddr	[1:0]		in
rf_rx_sync_lsp_nalb_sch_unoord_wclk	1		in
rf_rx_sync_lsp_nalb_sch_unoord_wclk_rst_n	1		in
rf_rx_sync_lsp_nalb_sch_unoord_wdata	[26:0]		in
rf_rx_sync_lsp_nalb_sch_unoord_we	1		in
rf_rx_sync_nalb_qed_data_isol_en	1		in
rf_rx_sync_nalb_qed_data_pwr_enable_b_in	1		in
rf_rx_sync_nalb_qed_data_pwr_enable_b_out	1		out
rf_rx_sync_nalb_qed_data_raddr	[1:0]		in
rf_rx_sync_nalb_qed_data_rclk	1		in
rf_rx_sync_nalb_qed_data_rclk_rst_n	1		in
rf_rx_sync_nalb_qed_data_rdata	[44:0]		out
rf_rx_sync_nalb_qed_data_re	1		in
rf_rx_sync_nalb_qed_data_waddr	[1:0]		in
rf_rx_sync_nalb_qed_data_wclk	1		in
rf_rx_sync_nalb_qed_data_wclk_rst_n	1		in
rf_rx_sync_nalb_qed_data_wdata	[44:0]		in
rf_rx_sync_nalb_qed_data_we	1		in
rf_rx_sync_rop_dp_enq_isol_en	1		in
rf_rx_sync_rop_dp_enq_pwr_enable_b_in	1		in
rf_rx_sync_rop_dp_enq_pwr_enable_b_out	1		out
rf_rx_sync_rop_dp_enq_raddr	[1:0]		in
rf_rx_sync_rop_dp_enq_rclk	1		in
rf_rx_sync_rop_dp_enq_rclk_rst_n	1		in
rf_rx_sync_rop_dp_enq_rdata	[99:0]		out
rf_rx_sync_rop_dp_enq_re	1		in
rf_rx_sync_rop_dp_enq_waddr	[1:0]		in
rf_rx_sync_rop_dp_enq_wclk	1		in
rf_rx_sync_rop_dp_enq_wclk_rst_n	1		in
rf_rx_sync_rop_dp_enq_wdata	[99:0]		in
rf_rx_sync_rop_dp_enq_we	1		in
rf_rx_sync_rop_nalb_enq_isol_en	1		in
rf_rx_sync_rop_nalb_enq_pwr_enable_b_in	1		in
rf_rx_sync_rop_nalb_enq_pwr_enable_b_out	1		out
rf_rx_sync_rop_nalb_enq_raddr	[1:0]		in
rf_rx_sync_rop_nalb_enq_rclk	1		in
rf_rx_sync_rop_nalb_enq_rclk_rst_n	1		in
rf_rx_sync_rop_nalb_enq_rdata	[99:0]		out
rf_rx_sync_rop_nalb_enq_re	1		in
rf_rx_sync_rop_nalb_enq_waddr	[1:0]		in
rf_rx_sync_rop_nalb_enq_wclk	1		in
rf_rx_sync_rop_nalb_enq_wclk_rst_n	1		in
rf_rx_sync_rop_nalb_enq_wdata	[99:0]		in
rf_rx_sync_rop_nalb_enq_we	1		in
rf_rx_sync_rop_qed_dqed_enq_isol_en	1		in
rf_rx_sync_rop_qed_dqed_enq_pwr_enable_b_in	1		in
rf_rx_sync_rop_qed_dqed_enq_pwr_enable_b_out	1		out
rf_rx_sync_rop_qed_dqed_enq_raddr	[1:0]		in
rf_rx_sync_rop_qed_dqed_enq_rclk	1		in
rf_rx_sync_rop_qed_dqed_enq_rclk_rst_n	1		in
rf_rx_sync_rop_qed_dqed_enq_rdata	[156:0]		out
rf_rx_sync_rop_qed_dqed_enq_re	1		in
rf_rx_sync_rop_qed_dqed_enq_waddr	[1:0]		in
rf_rx_sync_rop_qed_dqed_enq_wclk	1		in
rf_rx_sync_rop_qed_dqed_enq_wclk_rst_n	1		in
rf_rx_sync_rop_qed_dqed_enq_wdata	[156:0]		in
rf_rx_sync_rop_qed_dqed_enq_we	1		in
sr_dir_nxthp_addr	[13:0]		in
sr_dir_nxthp_clk	1		in
sr_dir_nxthp_clk_rst_n	1		in
sr_dir_nxthp_isol_en	1		in
sr_dir_nxthp_pwr_enable_b_in	1		in
sr_dir_nxthp_pwr_enable_b_out	1		out
sr_dir_nxthp_rdata	[20:0]		out
sr_dir_nxthp_re	1		in
sr_dir_nxthp_wdata	[20:0]		in
sr_dir_nxthp_we	1		in
sr_nalb_nxthp_addr	[13:0]		in
sr_nalb_nxthp_clk	1		in
sr_nalb_nxthp_clk_rst_n	1		in
sr_nalb_nxthp_isol_en	1		in
sr_nalb_nxthp_pwr_enable_b_in	1		in
sr_nalb_nxthp_pwr_enable_b_out	1		out
sr_nalb_nxthp_rdata	[20:0]		out
sr_nalb_nxthp_re	1		in
sr_nalb_nxthp_wdata	[20:0]		in
sr_nalb_nxthp_we	1		in
sr_qed_0_addr	[10:0]		in
sr_qed_0_clk	1		in
sr_qed_0_clk_rst_n	1		in
sr_qed_0_isol_en	1		in
sr_qed_0_pwr_enable_b_in	1		in
sr_qed_0_pwr_enable_b_out	1		out
sr_qed_0_rdata	[138:0]		out
sr_qed_0_re	1		in
sr_qed_0_wdata	[138:0]		in
sr_qed_0_we	1		in
sr_qed_1_addr	[10:0]		in
sr_qed_1_clk	1		in
sr_qed_1_clk_rst_n	1		in
sr_qed_1_isol_en	1		in
sr_qed_1_pwr_enable_b_in	1		in
sr_qed_1_pwr_enable_b_out	1		out
sr_qed_1_rdata	[138:0]		out
sr_qed_1_re	1		in
sr_qed_1_wdata	[138:0]		in
sr_qed_1_we	1		in
sr_qed_2_addr	[10:0]		in
sr_qed_2_clk	1		in
sr_qed_2_clk_rst_n	1		in
sr_qed_2_isol_en	1		in
sr_qed_2_pwr_enable_b_in	1		in
sr_qed_2_pwr_enable_b_out	1		out
sr_qed_2_rdata	[138:0]		out
sr_qed_2_re	1		in
sr_qed_2_wdata	[138:0]		in
sr_qed_2_we	1		in
sr_qed_3_addr	[10:0]		in
sr_qed_3_clk	1		in
sr_qed_3_clk_rst_n	1		in
sr_qed_3_isol_en	1		in
sr_qed_3_pwr_enable_b_in	1		in
sr_qed_3_pwr_enable_b_out	1		out
sr_qed_3_rdata	[138:0]		out
sr_qed_3_re	1		in
sr_qed_3_wdata	[138:0]		in
sr_qed_3_we	1		in
sr_qed_4_addr	[10:0]		in
sr_qed_4_clk	1		in
sr_qed_4_clk_rst_n	1		in
sr_qed_4_isol_en	1		in
sr_qed_4_pwr_enable_b_in	1		in
sr_qed_4_pwr_enable_b_out	1		out
sr_qed_4_rdata	[138:0]		out
sr_qed_4_re	1		in
sr_qed_4_wdata	[138:0]		in
sr_qed_4_we	1		in
sr_qed_5_addr	[10:0]		in
sr_qed_5_clk	1		in
sr_qed_5_clk_rst_n	1		in
sr_qed_5_isol_en	1		in
sr_qed_5_pwr_enable_b_in	1		in
sr_qed_5_pwr_enable_b_out	1		out
sr_qed_5_rdata	[138:0]		out
sr_qed_5_re	1		in
sr_qed_5_wdata	[138:0]		in
sr_qed_5_we	1		in
sr_qed_6_addr	[10:0]		in
sr_qed_6_clk	1		in
sr_qed_6_clk_rst_n	1		in
sr_qed_6_isol_en	1		in
sr_qed_6_pwr_enable_b_in	1		in
sr_qed_6_pwr_enable_b_out	1		out
sr_qed_6_rdata	[138:0]		out
sr_qed_6_re	1		in
sr_qed_6_wdata	[138:0]		in
sr_qed_6_we	1		in
sr_qed_7_addr	[10:0]		in
sr_qed_7_clk	1		in
sr_qed_7_clk_rst_n	1		in
sr_qed_7_isol_en	1		in
sr_qed_7_pwr_enable_b_in	1		in
sr_qed_7_pwr_enable_b_out	1		out
sr_qed_7_rdata	[138:0]		out
sr_qed_7_re	1		in
sr_qed_7_wdata	[138:0]		in
sr_qed_7_we	1		in

########################################
# Non-standard Interfaces Ports (info only)
########################################
fscan_byprst_b
fscan_clkungate
fscan_rstbypen
hqm_pwrgood_rst_b
powergood_rst_b
rf_atq_cnt_isol_en
rf_atq_cnt_pwr_enable_b_in
rf_atq_cnt_pwr_enable_b_out
rf_atq_cnt_raddr
rf_atq_cnt_rclk
rf_atq_cnt_rclk_rst_n
rf_atq_cnt_rdata
rf_atq_cnt_re
rf_atq_cnt_waddr
rf_atq_cnt_wclk
rf_atq_cnt_wclk_rst_n
rf_atq_cnt_wdata
rf_atq_cnt_we
rf_atq_hp_isol_en
rf_atq_hp_pwr_enable_b_in
rf_atq_hp_pwr_enable_b_out
rf_atq_hp_raddr
rf_atq_hp_rclk
rf_atq_hp_rclk_rst_n
rf_atq_hp_rdata
rf_atq_hp_re
rf_atq_hp_waddr
rf_atq_hp_wclk
rf_atq_hp_wclk_rst_n
rf_atq_hp_wdata
rf_atq_hp_we
rf_atq_tp_isol_en
rf_atq_tp_pwr_enable_b_in
rf_atq_tp_pwr_enable_b_out
rf_atq_tp_raddr
rf_atq_tp_rclk
rf_atq_tp_rclk_rst_n
rf_atq_tp_rdata
rf_atq_tp_re
rf_atq_tp_waddr
rf_atq_tp_wclk
rf_atq_tp_wclk_rst_n
rf_atq_tp_wdata
rf_atq_tp_we
rf_dir_cnt_isol_en
rf_dir_cnt_pwr_enable_b_in
rf_dir_cnt_pwr_enable_b_out
rf_dir_cnt_raddr
rf_dir_cnt_rclk
rf_dir_cnt_rclk_rst_n
rf_dir_cnt_rdata
rf_dir_cnt_re
rf_dir_cnt_waddr
rf_dir_cnt_wclk
rf_dir_cnt_wclk_rst_n
rf_dir_cnt_wdata
rf_dir_cnt_we
rf_dir_hp_isol_en
rf_dir_hp_pwr_enable_b_in
rf_dir_hp_pwr_enable_b_out
rf_dir_hp_raddr
rf_dir_hp_rclk
rf_dir_hp_rclk_rst_n
rf_dir_hp_rdata
rf_dir_hp_re
rf_dir_hp_waddr
rf_dir_hp_wclk
rf_dir_hp_wclk_rst_n
rf_dir_hp_wdata
rf_dir_hp_we
rf_dir_replay_cnt_isol_en
rf_dir_replay_cnt_pwr_enable_b_in
rf_dir_replay_cnt_pwr_enable_b_out
rf_dir_replay_cnt_raddr
rf_dir_replay_cnt_rclk
rf_dir_replay_cnt_rclk_rst_n
rf_dir_replay_cnt_rdata
rf_dir_replay_cnt_re
rf_dir_replay_cnt_waddr
rf_dir_replay_cnt_wclk
rf_dir_replay_cnt_wclk_rst_n
rf_dir_replay_cnt_wdata
rf_dir_replay_cnt_we
rf_dir_replay_hp_isol_en
rf_dir_replay_hp_pwr_enable_b_in
rf_dir_replay_hp_pwr_enable_b_out
rf_dir_replay_hp_raddr
rf_dir_replay_hp_rclk
rf_dir_replay_hp_rclk_rst_n
rf_dir_replay_hp_rdata
rf_dir_replay_hp_re
rf_dir_replay_hp_waddr
rf_dir_replay_hp_wclk
rf_dir_replay_hp_wclk_rst_n
rf_dir_replay_hp_wdata
rf_dir_replay_hp_we
rf_dir_replay_tp_isol_en
rf_dir_replay_tp_pwr_enable_b_in
rf_dir_replay_tp_pwr_enable_b_out
rf_dir_replay_tp_raddr
rf_dir_replay_tp_rclk
rf_dir_replay_tp_rclk_rst_n
rf_dir_replay_tp_rdata
rf_dir_replay_tp_re
rf_dir_replay_tp_waddr
rf_dir_replay_tp_wclk
rf_dir_replay_tp_wclk_rst_n
rf_dir_replay_tp_wdata
rf_dir_replay_tp_we
rf_dir_rofrag_cnt_isol_en
rf_dir_rofrag_cnt_pwr_enable_b_in
rf_dir_rofrag_cnt_pwr_enable_b_out
rf_dir_rofrag_cnt_raddr
rf_dir_rofrag_cnt_rclk
rf_dir_rofrag_cnt_rclk_rst_n
rf_dir_rofrag_cnt_rdata
rf_dir_rofrag_cnt_re
rf_dir_rofrag_cnt_waddr
rf_dir_rofrag_cnt_wclk
rf_dir_rofrag_cnt_wclk_rst_n
rf_dir_rofrag_cnt_wdata
rf_dir_rofrag_cnt_we
rf_dir_rofrag_hp_isol_en
rf_dir_rofrag_hp_pwr_enable_b_in
rf_dir_rofrag_hp_pwr_enable_b_out
rf_dir_rofrag_hp_raddr
rf_dir_rofrag_hp_rclk
rf_dir_rofrag_hp_rclk_rst_n
rf_dir_rofrag_hp_rdata
rf_dir_rofrag_hp_re
rf_dir_rofrag_hp_waddr
rf_dir_rofrag_hp_wclk
rf_dir_rofrag_hp_wclk_rst_n
rf_dir_rofrag_hp_wdata
rf_dir_rofrag_hp_we
rf_dir_rofrag_tp_isol_en
rf_dir_rofrag_tp_pwr_enable_b_in
rf_dir_rofrag_tp_pwr_enable_b_out
rf_dir_rofrag_tp_raddr
rf_dir_rofrag_tp_rclk
rf_dir_rofrag_tp_rclk_rst_n
rf_dir_rofrag_tp_rdata
rf_dir_rofrag_tp_re
rf_dir_rofrag_tp_waddr
rf_dir_rofrag_tp_wclk
rf_dir_rofrag_tp_wclk_rst_n
rf_dir_rofrag_tp_wdata
rf_dir_rofrag_tp_we
rf_dir_tp_isol_en
rf_dir_tp_pwr_enable_b_in
rf_dir_tp_pwr_enable_b_out
rf_dir_tp_raddr
rf_dir_tp_rclk
rf_dir_tp_rclk_rst_n
rf_dir_tp_rdata
rf_dir_tp_re
rf_dir_tp_waddr
rf_dir_tp_wclk
rf_dir_tp_wclk_rst_n
rf_dir_tp_wdata
rf_dir_tp_we
rf_dp_dqed_isol_en
rf_dp_dqed_pwr_enable_b_in
rf_dp_dqed_pwr_enable_b_out
rf_dp_dqed_raddr
rf_dp_dqed_rclk
rf_dp_dqed_rclk_rst_n
rf_dp_dqed_rdata
rf_dp_dqed_re
rf_dp_dqed_waddr
rf_dp_dqed_wclk
rf_dp_dqed_wclk_rst_n
rf_dp_dqed_wdata
rf_dp_dqed_we
rf_dp_lsp_enq_dir_isol_en
rf_dp_lsp_enq_dir_pwr_enable_b_in
rf_dp_lsp_enq_dir_pwr_enable_b_out
rf_dp_lsp_enq_dir_raddr
rf_dp_lsp_enq_dir_rclk
rf_dp_lsp_enq_dir_rclk_rst_n
rf_dp_lsp_enq_dir_rdata
rf_dp_lsp_enq_dir_re
rf_dp_lsp_enq_dir_waddr
rf_dp_lsp_enq_dir_wclk
rf_dp_lsp_enq_dir_wclk_rst_n
rf_dp_lsp_enq_dir_wdata
rf_dp_lsp_enq_dir_we
rf_dp_lsp_enq_rorply_isol_en
rf_dp_lsp_enq_rorply_pwr_enable_b_in
rf_dp_lsp_enq_rorply_pwr_enable_b_out
rf_dp_lsp_enq_rorply_raddr
rf_dp_lsp_enq_rorply_rclk
rf_dp_lsp_enq_rorply_rclk_rst_n
rf_dp_lsp_enq_rorply_rdata
rf_dp_lsp_enq_rorply_re
rf_dp_lsp_enq_rorply_waddr
rf_dp_lsp_enq_rorply_wclk
rf_dp_lsp_enq_rorply_wclk_rst_n
rf_dp_lsp_enq_rorply_wdata
rf_dp_lsp_enq_rorply_we
rf_lsp_dp_sch_dir_isol_en
rf_lsp_dp_sch_dir_pwr_enable_b_in
rf_lsp_dp_sch_dir_pwr_enable_b_out
rf_lsp_dp_sch_dir_raddr
rf_lsp_dp_sch_dir_rclk
rf_lsp_dp_sch_dir_rclk_rst_n
rf_lsp_dp_sch_dir_rdata
rf_lsp_dp_sch_dir_re
rf_lsp_dp_sch_dir_waddr
rf_lsp_dp_sch_dir_wclk
rf_lsp_dp_sch_dir_wclk_rst_n
rf_lsp_dp_sch_dir_wdata
rf_lsp_dp_sch_dir_we
rf_lsp_dp_sch_rorply_isol_en
rf_lsp_dp_sch_rorply_pwr_enable_b_in
rf_lsp_dp_sch_rorply_pwr_enable_b_out
rf_lsp_dp_sch_rorply_raddr
rf_lsp_dp_sch_rorply_rclk
rf_lsp_dp_sch_rorply_rclk_rst_n
rf_lsp_dp_sch_rorply_rdata
rf_lsp_dp_sch_rorply_re
rf_lsp_dp_sch_rorply_waddr
rf_lsp_dp_sch_rorply_wclk
rf_lsp_dp_sch_rorply_wclk_rst_n
rf_lsp_dp_sch_rorply_wdata
rf_lsp_dp_sch_rorply_we
rf_lsp_nalb_sch_atq_isol_en
rf_lsp_nalb_sch_atq_pwr_enable_b_in
rf_lsp_nalb_sch_atq_pwr_enable_b_out
rf_lsp_nalb_sch_atq_raddr
rf_lsp_nalb_sch_atq_rclk
rf_lsp_nalb_sch_atq_rclk_rst_n
rf_lsp_nalb_sch_atq_rdata
rf_lsp_nalb_sch_atq_re
rf_lsp_nalb_sch_atq_waddr
rf_lsp_nalb_sch_atq_wclk
rf_lsp_nalb_sch_atq_wclk_rst_n
rf_lsp_nalb_sch_atq_wdata
rf_lsp_nalb_sch_atq_we
rf_lsp_nalb_sch_rorply_isol_en
rf_lsp_nalb_sch_rorply_pwr_enable_b_in
rf_lsp_nalb_sch_rorply_pwr_enable_b_out
rf_lsp_nalb_sch_rorply_raddr
rf_lsp_nalb_sch_rorply_rclk
rf_lsp_nalb_sch_rorply_rclk_rst_n
rf_lsp_nalb_sch_rorply_rdata
rf_lsp_nalb_sch_rorply_re
rf_lsp_nalb_sch_rorply_waddr
rf_lsp_nalb_sch_rorply_wclk
rf_lsp_nalb_sch_rorply_wclk_rst_n
rf_lsp_nalb_sch_rorply_wdata
rf_lsp_nalb_sch_rorply_we
rf_lsp_nalb_sch_unoord_isol_en
rf_lsp_nalb_sch_unoord_pwr_enable_b_in
rf_lsp_nalb_sch_unoord_pwr_enable_b_out
rf_lsp_nalb_sch_unoord_raddr
rf_lsp_nalb_sch_unoord_rclk
rf_lsp_nalb_sch_unoord_rclk_rst_n
rf_lsp_nalb_sch_unoord_rdata
rf_lsp_nalb_sch_unoord_re
rf_lsp_nalb_sch_unoord_waddr
rf_lsp_nalb_sch_unoord_wclk
rf_lsp_nalb_sch_unoord_wclk_rst_n
rf_lsp_nalb_sch_unoord_wdata
rf_lsp_nalb_sch_unoord_we
rf_nalb_cnt_isol_en
rf_nalb_cnt_pwr_enable_b_in
rf_nalb_cnt_pwr_enable_b_out
rf_nalb_cnt_raddr
rf_nalb_cnt_rclk
rf_nalb_cnt_rclk_rst_n
rf_nalb_cnt_rdata
rf_nalb_cnt_re
rf_nalb_cnt_waddr
rf_nalb_cnt_wclk
rf_nalb_cnt_wclk_rst_n
rf_nalb_cnt_wdata
rf_nalb_cnt_we
rf_nalb_hp_isol_en
rf_nalb_hp_pwr_enable_b_in
rf_nalb_hp_pwr_enable_b_out
rf_nalb_hp_raddr
rf_nalb_hp_rclk
rf_nalb_hp_rclk_rst_n
rf_nalb_hp_rdata
rf_nalb_hp_re
rf_nalb_hp_waddr
rf_nalb_hp_wclk
rf_nalb_hp_wclk_rst_n
rf_nalb_hp_wdata
rf_nalb_hp_we
rf_nalb_lsp_enq_rorply_isol_en
rf_nalb_lsp_enq_rorply_pwr_enable_b_in
rf_nalb_lsp_enq_rorply_pwr_enable_b_out
rf_nalb_lsp_enq_rorply_raddr
rf_nalb_lsp_enq_rorply_rclk
rf_nalb_lsp_enq_rorply_rclk_rst_n
rf_nalb_lsp_enq_rorply_rdata
rf_nalb_lsp_enq_rorply_re
rf_nalb_lsp_enq_rorply_waddr
rf_nalb_lsp_enq_rorply_wclk
rf_nalb_lsp_enq_rorply_wclk_rst_n
rf_nalb_lsp_enq_rorply_wdata
rf_nalb_lsp_enq_rorply_we
rf_nalb_lsp_enq_unoord_isol_en
rf_nalb_lsp_enq_unoord_pwr_enable_b_in
rf_nalb_lsp_enq_unoord_pwr_enable_b_out
rf_nalb_lsp_enq_unoord_raddr
rf_nalb_lsp_enq_unoord_rclk
rf_nalb_lsp_enq_unoord_rclk_rst_n
rf_nalb_lsp_enq_unoord_rdata
rf_nalb_lsp_enq_unoord_re
rf_nalb_lsp_enq_unoord_waddr
rf_nalb_lsp_enq_unoord_wclk
rf_nalb_lsp_enq_unoord_wclk_rst_n
rf_nalb_lsp_enq_unoord_wdata
rf_nalb_lsp_enq_unoord_we
rf_nalb_qed_isol_en
rf_nalb_qed_pwr_enable_b_in
rf_nalb_qed_pwr_enable_b_out
rf_nalb_qed_raddr
rf_nalb_qed_rclk
rf_nalb_qed_rclk_rst_n
rf_nalb_qed_rdata
rf_nalb_qed_re
rf_nalb_qed_waddr
rf_nalb_qed_wclk
rf_nalb_qed_wclk_rst_n
rf_nalb_qed_wdata
rf_nalb_qed_we
rf_nalb_replay_cnt_isol_en
rf_nalb_replay_cnt_pwr_enable_b_in
rf_nalb_replay_cnt_pwr_enable_b_out
rf_nalb_replay_cnt_raddr
rf_nalb_replay_cnt_rclk
rf_nalb_replay_cnt_rclk_rst_n
rf_nalb_replay_cnt_rdata
rf_nalb_replay_cnt_re
rf_nalb_replay_cnt_waddr
rf_nalb_replay_cnt_wclk
rf_nalb_replay_cnt_wclk_rst_n
rf_nalb_replay_cnt_wdata
rf_nalb_replay_cnt_we
rf_nalb_replay_hp_isol_en
rf_nalb_replay_hp_pwr_enable_b_in
rf_nalb_replay_hp_pwr_enable_b_out
rf_nalb_replay_hp_raddr
rf_nalb_replay_hp_rclk
rf_nalb_replay_hp_rclk_rst_n
rf_nalb_replay_hp_rdata
rf_nalb_replay_hp_re
rf_nalb_replay_hp_waddr
rf_nalb_replay_hp_wclk
rf_nalb_replay_hp_wclk_rst_n
rf_nalb_replay_hp_wdata
rf_nalb_replay_hp_we
rf_nalb_replay_tp_isol_en
rf_nalb_replay_tp_pwr_enable_b_in
rf_nalb_replay_tp_pwr_enable_b_out
rf_nalb_replay_tp_raddr
rf_nalb_replay_tp_rclk
rf_nalb_replay_tp_rclk_rst_n
rf_nalb_replay_tp_rdata
rf_nalb_replay_tp_re
rf_nalb_replay_tp_waddr
rf_nalb_replay_tp_wclk
rf_nalb_replay_tp_wclk_rst_n
rf_nalb_replay_tp_wdata
rf_nalb_replay_tp_we
rf_nalb_rofrag_cnt_isol_en
rf_nalb_rofrag_cnt_pwr_enable_b_in
rf_nalb_rofrag_cnt_pwr_enable_b_out
rf_nalb_rofrag_cnt_raddr
rf_nalb_rofrag_cnt_rclk
rf_nalb_rofrag_cnt_rclk_rst_n
rf_nalb_rofrag_cnt_rdata
rf_nalb_rofrag_cnt_re
rf_nalb_rofrag_cnt_waddr
rf_nalb_rofrag_cnt_wclk
rf_nalb_rofrag_cnt_wclk_rst_n
rf_nalb_rofrag_cnt_wdata
rf_nalb_rofrag_cnt_we
rf_nalb_rofrag_hp_isol_en
rf_nalb_rofrag_hp_pwr_enable_b_in
rf_nalb_rofrag_hp_pwr_enable_b_out
rf_nalb_rofrag_hp_raddr
rf_nalb_rofrag_hp_rclk
rf_nalb_rofrag_hp_rclk_rst_n
rf_nalb_rofrag_hp_rdata
rf_nalb_rofrag_hp_re
rf_nalb_rofrag_hp_waddr
rf_nalb_rofrag_hp_wclk
rf_nalb_rofrag_hp_wclk_rst_n
rf_nalb_rofrag_hp_wdata
rf_nalb_rofrag_hp_we
rf_nalb_rofrag_tp_isol_en
rf_nalb_rofrag_tp_pwr_enable_b_in
rf_nalb_rofrag_tp_pwr_enable_b_out
rf_nalb_rofrag_tp_raddr
rf_nalb_rofrag_tp_rclk
rf_nalb_rofrag_tp_rclk_rst_n
rf_nalb_rofrag_tp_rdata
rf_nalb_rofrag_tp_re
rf_nalb_rofrag_tp_waddr
rf_nalb_rofrag_tp_wclk
rf_nalb_rofrag_tp_wclk_rst_n
rf_nalb_rofrag_tp_wdata
rf_nalb_rofrag_tp_we
rf_nalb_tp_isol_en
rf_nalb_tp_pwr_enable_b_in
rf_nalb_tp_pwr_enable_b_out
rf_nalb_tp_raddr
rf_nalb_tp_rclk
rf_nalb_tp_rclk_rst_n
rf_nalb_tp_rdata
rf_nalb_tp_re
rf_nalb_tp_waddr
rf_nalb_tp_wclk
rf_nalb_tp_wclk_rst_n
rf_nalb_tp_wdata
rf_nalb_tp_we
rf_qed_chp_sch_data_isol_en
rf_qed_chp_sch_data_pwr_enable_b_in
rf_qed_chp_sch_data_pwr_enable_b_out
rf_qed_chp_sch_data_raddr
rf_qed_chp_sch_data_rclk
rf_qed_chp_sch_data_rclk_rst_n
rf_qed_chp_sch_data_rdata
rf_qed_chp_sch_data_re
rf_qed_chp_sch_data_waddr
rf_qed_chp_sch_data_wclk
rf_qed_chp_sch_data_wclk_rst_n
rf_qed_chp_sch_data_wdata
rf_qed_chp_sch_data_we
rf_rop_dp_enq_dir_isol_en
rf_rop_dp_enq_dir_pwr_enable_b_in
rf_rop_dp_enq_dir_pwr_enable_b_out
rf_rop_dp_enq_dir_raddr
rf_rop_dp_enq_dir_rclk
rf_rop_dp_enq_dir_rclk_rst_n
rf_rop_dp_enq_dir_rdata
rf_rop_dp_enq_dir_re
rf_rop_dp_enq_dir_waddr
rf_rop_dp_enq_dir_wclk
rf_rop_dp_enq_dir_wclk_rst_n
rf_rop_dp_enq_dir_wdata
rf_rop_dp_enq_dir_we
rf_rop_dp_enq_ro_isol_en
rf_rop_dp_enq_ro_pwr_enable_b_in
rf_rop_dp_enq_ro_pwr_enable_b_out
rf_rop_dp_enq_ro_raddr
rf_rop_dp_enq_ro_rclk
rf_rop_dp_enq_ro_rclk_rst_n
rf_rop_dp_enq_ro_rdata
rf_rop_dp_enq_ro_re
rf_rop_dp_enq_ro_waddr
rf_rop_dp_enq_ro_wclk
rf_rop_dp_enq_ro_wclk_rst_n
rf_rop_dp_enq_ro_wdata
rf_rop_dp_enq_ro_we
rf_rop_nalb_enq_ro_isol_en
rf_rop_nalb_enq_ro_pwr_enable_b_in
rf_rop_nalb_enq_ro_pwr_enable_b_out
rf_rop_nalb_enq_ro_raddr
rf_rop_nalb_enq_ro_rclk
rf_rop_nalb_enq_ro_rclk_rst_n
rf_rop_nalb_enq_ro_rdata
rf_rop_nalb_enq_ro_re
rf_rop_nalb_enq_ro_waddr
rf_rop_nalb_enq_ro_wclk
rf_rop_nalb_enq_ro_wclk_rst_n
rf_rop_nalb_enq_ro_wdata
rf_rop_nalb_enq_ro_we
rf_rop_nalb_enq_unoord_isol_en
rf_rop_nalb_enq_unoord_pwr_enable_b_in
rf_rop_nalb_enq_unoord_pwr_enable_b_out
rf_rop_nalb_enq_unoord_raddr
rf_rop_nalb_enq_unoord_rclk
rf_rop_nalb_enq_unoord_rclk_rst_n
rf_rop_nalb_enq_unoord_rdata
rf_rop_nalb_enq_unoord_re
rf_rop_nalb_enq_unoord_waddr
rf_rop_nalb_enq_unoord_wclk
rf_rop_nalb_enq_unoord_wclk_rst_n
rf_rop_nalb_enq_unoord_wdata
rf_rop_nalb_enq_unoord_we
rf_rx_sync_dp_dqed_data_isol_en
rf_rx_sync_dp_dqed_data_pwr_enable_b_in
rf_rx_sync_dp_dqed_data_pwr_enable_b_out
rf_rx_sync_dp_dqed_data_raddr
rf_rx_sync_dp_dqed_data_rclk
rf_rx_sync_dp_dqed_data_rclk_rst_n
rf_rx_sync_dp_dqed_data_rdata
rf_rx_sync_dp_dqed_data_re
rf_rx_sync_dp_dqed_data_waddr
rf_rx_sync_dp_dqed_data_wclk
rf_rx_sync_dp_dqed_data_wclk_rst_n
rf_rx_sync_dp_dqed_data_wdata
rf_rx_sync_dp_dqed_data_we
rf_rx_sync_lsp_dp_sch_dir_isol_en
rf_rx_sync_lsp_dp_sch_dir_pwr_enable_b_in
rf_rx_sync_lsp_dp_sch_dir_pwr_enable_b_out
rf_rx_sync_lsp_dp_sch_dir_raddr
rf_rx_sync_lsp_dp_sch_dir_rclk
rf_rx_sync_lsp_dp_sch_dir_rclk_rst_n
rf_rx_sync_lsp_dp_sch_dir_rdata
rf_rx_sync_lsp_dp_sch_dir_re
rf_rx_sync_lsp_dp_sch_dir_waddr
rf_rx_sync_lsp_dp_sch_dir_wclk
rf_rx_sync_lsp_dp_sch_dir_wclk_rst_n
rf_rx_sync_lsp_dp_sch_dir_wdata
rf_rx_sync_lsp_dp_sch_dir_we
rf_rx_sync_lsp_dp_sch_rorply_isol_en
rf_rx_sync_lsp_dp_sch_rorply_pwr_enable_b_in
rf_rx_sync_lsp_dp_sch_rorply_pwr_enable_b_out
rf_rx_sync_lsp_dp_sch_rorply_raddr
rf_rx_sync_lsp_dp_sch_rorply_rclk
rf_rx_sync_lsp_dp_sch_rorply_rclk_rst_n
rf_rx_sync_lsp_dp_sch_rorply_rdata
rf_rx_sync_lsp_dp_sch_rorply_re
rf_rx_sync_lsp_dp_sch_rorply_waddr
rf_rx_sync_lsp_dp_sch_rorply_wclk
rf_rx_sync_lsp_dp_sch_rorply_wclk_rst_n
rf_rx_sync_lsp_dp_sch_rorply_wdata
rf_rx_sync_lsp_dp_sch_rorply_we
rf_rx_sync_lsp_nalb_sch_atq_isol_en
rf_rx_sync_lsp_nalb_sch_atq_pwr_enable_b_in
rf_rx_sync_lsp_nalb_sch_atq_pwr_enable_b_out
rf_rx_sync_lsp_nalb_sch_atq_raddr
rf_rx_sync_lsp_nalb_sch_atq_rclk
rf_rx_sync_lsp_nalb_sch_atq_rclk_rst_n
rf_rx_sync_lsp_nalb_sch_atq_rdata
rf_rx_sync_lsp_nalb_sch_atq_re
rf_rx_sync_lsp_nalb_sch_atq_waddr
rf_rx_sync_lsp_nalb_sch_atq_wclk
rf_rx_sync_lsp_nalb_sch_atq_wclk_rst_n
rf_rx_sync_lsp_nalb_sch_atq_wdata
rf_rx_sync_lsp_nalb_sch_atq_we
rf_rx_sync_lsp_nalb_sch_rorply_isol_en
rf_rx_sync_lsp_nalb_sch_rorply_pwr_enable_b_in
rf_rx_sync_lsp_nalb_sch_rorply_pwr_enable_b_out
rf_rx_sync_lsp_nalb_sch_rorply_raddr
rf_rx_sync_lsp_nalb_sch_rorply_rclk
rf_rx_sync_lsp_nalb_sch_rorply_rclk_rst_n
rf_rx_sync_lsp_nalb_sch_rorply_rdata
rf_rx_sync_lsp_nalb_sch_rorply_re
rf_rx_sync_lsp_nalb_sch_rorply_waddr
rf_rx_sync_lsp_nalb_sch_rorply_wclk
rf_rx_sync_lsp_nalb_sch_rorply_wclk_rst_n
rf_rx_sync_lsp_nalb_sch_rorply_wdata
rf_rx_sync_lsp_nalb_sch_rorply_we
rf_rx_sync_lsp_nalb_sch_unoord_isol_en
rf_rx_sync_lsp_nalb_sch_unoord_pwr_enable_b_in
rf_rx_sync_lsp_nalb_sch_unoord_pwr_enable_b_out
rf_rx_sync_lsp_nalb_sch_unoord_raddr
rf_rx_sync_lsp_nalb_sch_unoord_rclk
rf_rx_sync_lsp_nalb_sch_unoord_rclk_rst_n
rf_rx_sync_lsp_nalb_sch_unoord_rdata
rf_rx_sync_lsp_nalb_sch_unoord_re
rf_rx_sync_lsp_nalb_sch_unoord_waddr
rf_rx_sync_lsp_nalb_sch_unoord_wclk
rf_rx_sync_lsp_nalb_sch_unoord_wclk_rst_n
rf_rx_sync_lsp_nalb_sch_unoord_wdata
rf_rx_sync_lsp_nalb_sch_unoord_we
rf_rx_sync_nalb_qed_data_isol_en
rf_rx_sync_nalb_qed_data_pwr_enable_b_in
rf_rx_sync_nalb_qed_data_pwr_enable_b_out
rf_rx_sync_nalb_qed_data_raddr
rf_rx_sync_nalb_qed_data_rclk
rf_rx_sync_nalb_qed_data_rclk_rst_n
rf_rx_sync_nalb_qed_data_rdata
rf_rx_sync_nalb_qed_data_re
rf_rx_sync_nalb_qed_data_waddr
rf_rx_sync_nalb_qed_data_wclk
rf_rx_sync_nalb_qed_data_wclk_rst_n
rf_rx_sync_nalb_qed_data_wdata
rf_rx_sync_nalb_qed_data_we
rf_rx_sync_rop_dp_enq_isol_en
rf_rx_sync_rop_dp_enq_pwr_enable_b_in
rf_rx_sync_rop_dp_enq_pwr_enable_b_out
rf_rx_sync_rop_dp_enq_raddr
rf_rx_sync_rop_dp_enq_rclk
rf_rx_sync_rop_dp_enq_rclk_rst_n
rf_rx_sync_rop_dp_enq_rdata
rf_rx_sync_rop_dp_enq_re
rf_rx_sync_rop_dp_enq_waddr
rf_rx_sync_rop_dp_enq_wclk
rf_rx_sync_rop_dp_enq_wclk_rst_n
rf_rx_sync_rop_dp_enq_wdata
rf_rx_sync_rop_dp_enq_we
rf_rx_sync_rop_nalb_enq_isol_en
rf_rx_sync_rop_nalb_enq_pwr_enable_b_in
rf_rx_sync_rop_nalb_enq_pwr_enable_b_out
rf_rx_sync_rop_nalb_enq_raddr
rf_rx_sync_rop_nalb_enq_rclk
rf_rx_sync_rop_nalb_enq_rclk_rst_n
rf_rx_sync_rop_nalb_enq_rdata
rf_rx_sync_rop_nalb_enq_re
rf_rx_sync_rop_nalb_enq_waddr
rf_rx_sync_rop_nalb_enq_wclk
rf_rx_sync_rop_nalb_enq_wclk_rst_n
rf_rx_sync_rop_nalb_enq_wdata
rf_rx_sync_rop_nalb_enq_we
rf_rx_sync_rop_qed_dqed_enq_isol_en
rf_rx_sync_rop_qed_dqed_enq_pwr_enable_b_in
rf_rx_sync_rop_qed_dqed_enq_pwr_enable_b_out
rf_rx_sync_rop_qed_dqed_enq_raddr
rf_rx_sync_rop_qed_dqed_enq_rclk
rf_rx_sync_rop_qed_dqed_enq_rclk_rst_n
rf_rx_sync_rop_qed_dqed_enq_rdata
rf_rx_sync_rop_qed_dqed_enq_re
rf_rx_sync_rop_qed_dqed_enq_waddr
rf_rx_sync_rop_qed_dqed_enq_wclk
rf_rx_sync_rop_qed_dqed_enq_wclk_rst_n
rf_rx_sync_rop_qed_dqed_enq_wdata
rf_rx_sync_rop_qed_dqed_enq_we
sr_dir_nxthp_addr
sr_dir_nxthp_clk
sr_dir_nxthp_clk_rst_n
sr_dir_nxthp_isol_en
sr_dir_nxthp_pwr_enable_b_in
sr_dir_nxthp_pwr_enable_b_out
sr_dir_nxthp_rdata
sr_dir_nxthp_re
sr_dir_nxthp_wdata
sr_dir_nxthp_we
sr_nalb_nxthp_addr
sr_nalb_nxthp_clk
sr_nalb_nxthp_clk_rst_n
sr_nalb_nxthp_isol_en
sr_nalb_nxthp_pwr_enable_b_in
sr_nalb_nxthp_pwr_enable_b_out
sr_nalb_nxthp_rdata
sr_nalb_nxthp_re
sr_nalb_nxthp_wdata
sr_nalb_nxthp_we
sr_qed_0_addr
sr_qed_0_clk
sr_qed_0_clk_rst_n
sr_qed_0_isol_en
sr_qed_0_pwr_enable_b_in
sr_qed_0_pwr_enable_b_out
sr_qed_0_rdata
sr_qed_0_re
sr_qed_0_wdata
sr_qed_0_we
sr_qed_1_addr
sr_qed_1_clk
sr_qed_1_clk_rst_n
sr_qed_1_isol_en
sr_qed_1_pwr_enable_b_in
sr_qed_1_pwr_enable_b_out
sr_qed_1_rdata
sr_qed_1_re
sr_qed_1_wdata
sr_qed_1_we
sr_qed_2_addr
sr_qed_2_clk
sr_qed_2_clk_rst_n
sr_qed_2_isol_en
sr_qed_2_pwr_enable_b_in
sr_qed_2_pwr_enable_b_out
sr_qed_2_rdata
sr_qed_2_re
sr_qed_2_wdata
sr_qed_2_we
sr_qed_3_addr
sr_qed_3_clk
sr_qed_3_clk_rst_n
sr_qed_3_isol_en
sr_qed_3_pwr_enable_b_in
sr_qed_3_pwr_enable_b_out
sr_qed_3_rdata
sr_qed_3_re
sr_qed_3_wdata
sr_qed_3_we
sr_qed_4_addr
sr_qed_4_clk
sr_qed_4_clk_rst_n
sr_qed_4_isol_en
sr_qed_4_pwr_enable_b_in
sr_qed_4_pwr_enable_b_out
sr_qed_4_rdata
sr_qed_4_re
sr_qed_4_wdata
sr_qed_4_we
sr_qed_5_addr
sr_qed_5_clk
sr_qed_5_clk_rst_n
sr_qed_5_isol_en
sr_qed_5_pwr_enable_b_in
sr_qed_5_pwr_enable_b_out
sr_qed_5_rdata
sr_qed_5_re
sr_qed_5_wdata
sr_qed_5_we
sr_qed_6_addr
sr_qed_6_clk
sr_qed_6_clk_rst_n
sr_qed_6_isol_en
sr_qed_6_pwr_enable_b_in
sr_qed_6_pwr_enable_b_out
sr_qed_6_rdata
sr_qed_6_re
sr_qed_6_wdata
sr_qed_6_we
sr_qed_7_addr
sr_qed_7_clk
sr_qed_7_clk_rst_n
sr_qed_7_isol_en
sr_qed_7_pwr_enable_b_in
sr_qed_7_pwr_enable_b_out
sr_qed_7_rdata
sr_qed_7_re
sr_qed_7_wdata
sr_qed_7_we

#########################################################################
# Non-standard Interfaces Ports with IfUnconnected attribute 
#########################################################################

#########################################################################
# Non-standard Interfaces Ports with user defined tags 
#########################################################################

#########################################################################
# Statistics                                                            
# Num Standard               : 0                                 
# Num AdHoc                  : 716                               
# Num AdHoc (attribute)      : 0                          
# Num AdHoc (user tagged)    : 0                          
#########################################################################
