######## IP Build Summary Report #######
########################################
#Info only 
########################################
ip_top_module_name = hqm_AW_viewpin_mux
KitVendor          = Intel
KitLibrary         = Intel
ip_version         = 1.0

########################################
# RTL Parameters (info only)
########################################
#RTL Parameter	Value
MUX_SEL_WIDTH	3
NUM_IN	8
NUM_IN_SCALED	0x8
NUM_OUT	2

########################################
# Ports with PortWidth and PortDirection (info only)
########################################
#Port_name	PortWidth	Port_Direction
mux_in	[(@NUM_IN-1):0]		in
mux_out	[(@NUM_OUT-1):0]		out
mux_sel	[((@NUM_OUT*@MUX_SEL_WIDTH)-1):0]		in

########################################
# Non-standard Interfaces Ports (info only)
########################################
mux_in
mux_sel

#########################################################################
# Non-standard Interfaces Ports with IfUnconnected attribute 
#########################################################################

#########################################################################
# Non-standard Interfaces Ports with user defined tags 
#########################################################################

#########################################################################
# Statistics                                                            
# Num Standard               : 1                                 
# Num AdHoc                  : 2                               
# Num AdHoc (attribute)      : 0                          
# Num AdHoc (user tagged)    : 0                          
#########################################################################
-----------------------------------------------
-- Report        : interfaceInstance
-- Interface     : viewpins_dig
-- InterfaceDefn : ViewPin
-- InterfaceVer  : 1.0_r1.2__v1.0_r1.2
-- Definition    : ViewPin
-- Version       : 1.0_r1.2__v1.0_r1.2
-- InterfaceType : consumer
-- Tool Version  : T-2022.06-SP2
-----------------------------------------------
Port                          LinkDirection       PortDirection       InterfaceLink
**************************************************************************************
ana_view_out_0                fromProvider        in                  <open>
ana_view_out_1                fromProvider        in                  <open>
dig_view_out_0                fromConsumer        out                 mux_out[0]
dig_view_out_1                fromConsumer        out                 mux_out[1]

Parameter                     Type                Value               InterfaceLink
**************************************************************************************
SlotNumber                    integer             -1                  <open>


