// Golden root module: dfxsecure_plugin
// Revised root module: dfxsecure_plugin
// Golden -- Revised
add mapped points fdfx_powergood fdfx_powergood -type PI PI -module dfxsecure_plugin dfxsecure_plugin
add mapped points fdfx_secure_policy[3] fdfx_secure_policy[3] -type PI PI -module dfxsecure_plugin dfxsecure_plugin
add mapped points fdfx_secure_policy[2] fdfx_secure_policy[2] -type PI PI -module dfxsecure_plugin dfxsecure_plugin
add mapped points fdfx_secure_policy[1] fdfx_secure_policy[1] -type PI PI -module dfxsecure_plugin dfxsecure_plugin
add mapped points fdfx_secure_policy[0] fdfx_secure_policy[0] -type PI PI -module dfxsecure_plugin dfxsecure_plugin
add mapped points fdfx_earlyboot_exit fdfx_earlyboot_exit -type PI PI -module dfxsecure_plugin dfxsecure_plugin
add mapped points fdfx_policy_update fdfx_policy_update -type PI PI -module dfxsecure_plugin dfxsecure_plugin
add mapped points sb_policy_ovr_value[2] sb_policy_ovr_value[2] -type PI PI -module dfxsecure_plugin dfxsecure_plugin
add mapped points sb_policy_ovr_value[1] sb_policy_ovr_value[1] -type PI PI -module dfxsecure_plugin dfxsecure_plugin
add mapped points sb_policy_ovr_value[0] sb_policy_ovr_value[0] -type PI PI -module dfxsecure_plugin dfxsecure_plugin
add mapped points oem_secure_policy[3] oem_secure_policy[3] -type PI PI -module dfxsecure_plugin dfxsecure_plugin
add mapped points oem_secure_policy[2] oem_secure_policy[2] -type PI PI -module dfxsecure_plugin dfxsecure_plugin
add mapped points oem_secure_policy[1] oem_secure_policy[1] -type PI PI -module dfxsecure_plugin dfxsecure_plugin
add mapped points oem_secure_policy[0] oem_secure_policy[0] -type PI PI -module dfxsecure_plugin dfxsecure_plugin
add mapped points dfxsecure_feature_en[0] dfxsecure_feature_en[0] -type PO PO -module dfxsecure_plugin dfxsecure_plugin
add mapped points visa_all_dis visa_all_dis -type PO PO -module dfxsecure_plugin dfxsecure_plugin
add mapped points visa_customer_dis visa_customer_dis -type PO PO -module dfxsecure_plugin dfxsecure_plugin
add mapped points /dfxsecure_feature_lch_reg[1] /dfxsecure_feature_lch_reg_1/o_reg -type DLAT DLAT -module dfxsecure_plugin dfxsecure_plugin
add mapped points /dfxsecure_feature_lch_reg[2] /dfxsecure_feature_lch_reg_2/o_reg -type DLAT DLAT -module dfxsecure_plugin dfxsecure_plugin
add mapped points /dfxsecure_feature_lch_reg[0] /dfxsecure_feature_lch_reg_0/o_reg -type DLAT DLAT -module dfxsecure_plugin dfxsecure_plugin
add mapped points /dfxsecure_feature_lch_reg[3] /dfxsecure_feature_lch_reg_3/o_reg -type DLAT DLAT -module dfxsecure_plugin dfxsecure_plugin
