.repeat 10
hqm_cfg_test:hcw                        -dut hqm_ss -model hqm_tb -dirtag cov_hcw
hqm_cfg_test:hcw_batch                  -dut hqm_ss -model hqm_tb -dirtag cov_hcw_batch
hqm_cfg_test:hcw_ws                     -dut hqm_ss -model hqm_tb -dirtag cov_hcw_ws
hqm_cfg_test:hcw_wv                     -dut hqm_ss -model hqm_tb -dirtag cov_hcw_wv
hqm_cfg_test:hcw_nows1                  -dut hqm_ss -model hqm_tb -dirtag cov_hcw_nows1
hqm_cfg_test:hcw_agitate                -dut hqm_ss -model hqm_tb -dirtag cov_hcw_agitate
hqm_cfg_test:hcw_wr_rdy_agitate         -dut hqm_ss -model hqm_tb -dirtag cov_hcw_wr_rdy_agitate
hqm_cfg_test:hcw_agitate_cq_dis         -dut hqm_ss -model hqm_tb -dirtag cov_hcw_agitate_cq_dis
hqm_cfg_test:hcw_agitate_cq_dis_phdr    -dut hqm_ss -model hqm_tb -dirtag cov_hcw_agitate_cq_dis_phdr
hqm_cfg_test:hcw_agitate_cq_dis_pdata   -dut hqm_ss -model hqm_tb -dirtag cov_hcw_agitate_cq_dis_pdata
hqm_cfg_test:hcw_ws_agitate             -dut hqm_ss -model hqm_tb -dirtag cov_hcw_ws_agitate
hqm_cfg_test:hcw_wv_agitate             -dut hqm_ss -model hqm_tb -dirtag cov_hcw_wv_agitate
hqm_cfg_test:hcw_nows1_agitate          -dut hqm_ss -model hqm_tb -dirtag cov_hcw_nows1_agitate
hqm_cfg_test:hcw_idle                   -dut hqm_ss -model hqm_tb -dirtag cov_hcw_idle
hqm_cfg_test:hcw_ldb                    -dut hqm_ss -model hqm_tb -dirtag cov_hcw_ldb
hqm_cfg_test:hcw_ldb_ws                 -dut hqm_ss -model hqm_tb -dirtag cov_hcw_ldb_ws
hqm_cfg_test:hcw_ldb_wv                 -dut hqm_ss -model hqm_tb -dirtag cov_hcw_ldb_wv
hcw_test1                               -dut hqm_ss -model hqm_tb -dirtag cov_hcw_test1
hcw_ldb_test1:std_short                 -dut hqm_ss -model hqm_tb -dirtag cov_std_short
hcw_ldb_test1:burst1_short              -dut hqm_ss -model hqm_tb -dirtag cov_burst1_short
hcw_ldb_test1:two_pp_short              -dut hqm_ss -model hqm_tb -dirtag cov_two_pp_short
hcw_perf_dir_ldb_test1:q8_short         -dut hqm_ss -model hqm_tb -dirtag cov_q8_short
hqm_cfg_test:dmv_r                      -dut hqm_ss -model hqm_tb -dirtag cov_dmv_r
hqm_cfg_test:dmv_rx                     -dut hqm_ss -model hqm_tb -dirtag cov_dmv_rx
hqm_cfg_test:dmv_w                      -dut hqm_ss -model hqm_tb -dirtag cov_dmv_w
hqm_cfg_test:dmv_w_256                  -dut hqm_ss -model hqm_tb -dirtag cov_dmv_w_256
hqm_cfg_test:dmv_w_512                  -dut hqm_ss -model hqm_tb -dirtag cov_dmv_w_512
hqm_cfg_test:dmv_rw                     -dut hqm_ss -model hqm_tb -dirtag cov_dmv_rw
hqm_cfg_test:hcw_dir_burst_4cq          -dut hqm_ss -model hqm_tb -dirtag cov_hcw_dir_burst_4cq
hqm_cfg_test:hcw_dir_burst_16cq         -dut hqm_ss -model hqm_tb -dirtag cov_hcw_dir_burst_16cq
hqm_cfg_test:hcw_dir_batch_16cq         -dut hqm_ss -model hqm_tb -dirtag cov_hcw_dir_batch_16cq
hqm_cfg_test:hcw_dmv_noop               -dut hqm_ss -model hqm_tb -dirtag cov_hcw_dmv_noop
hqm_cfg_test:hcw_dmv_vf_noop            -dut hqm_ss -model hqm_tb -dirtag cov_hcw_dmv_vf_noop
hqm_cfg_test:hcw_dmv_copy               -dut hqm_ss -model hqm_tb -dirtag cov_hcw_dmv_copy
hqm_cfg_test:hcw_dmv_vf_copy            -dut hqm_ss -model hqm_tb -dirtag cov_hcw_dmv_vf_copy
.repeat

+defaults   -ace_args -simv_args '"'+hqm_func_base_strap=100'"' -ace_args-
hqm_cfg_test:hcw                        -dut hqm_ss -model hqm_tb -dirtag func_base_strap_100_hcw
hqm_cfg_test:hcw_ldb                    -dut hqm_ss -model hqm_tb -dirtag func_base_strap_100_hcw_ldb
hqm_cfg_test:func_pf_bar                -dut hqm_ss -model hqm_tb -dirtag func_base_strap_100_func_pf_bar
-defaults   -ace_args -simv_args '"'+hqm_func_base_strap=100 '"' -ace_args-

+defaults   -ace_args -simv_args '"'+hqm_func_base_strap=50'"' -ace_args-
hqm_cfg_test:hcw                        -dut hqm_ss -model hqm_tb -dirtag func_base_strap_50_hcw
hqm_cfg_test:hcw_ldb                    -dut hqm_ss -model hqm_tb -dirtag func_base_strap_50_hcw_ldb
hqm_cfg_test:func_pf_bar                -dut hqm_ss -model hqm_tb -dirtag func_base_strap_50_func_pf_bar
-defaults   -ace_args -simv_args '"'+hqm_func_base_strap=50 '"' -ace_args-

+defaults   -ace_args -simv_args '"'+hqm_func_base_strap=150'"' -ace_args-
hqm_cfg_test:hcw                        -dut hqm_ss -model hqm_tb -dirtag func_base_strap_150_hcw
hqm_cfg_test:hcw_ldb                    -dut hqm_ss -model hqm_tb -dirtag func_base_strap_150_hcw_ldb
hqm_cfg_test:func_pf_bar                -dut hqm_ss -model hqm_tb -dirtag func_base_strap_150_func_pf_bar
-defaults   -ace_args -simv_args '"'+hqm_func_base_strap=150 '"' -ace_args-

+defaults   -ace_args -simv_args '"'+hqm_func_base_strap=200'"' -ace_args-
hqm_cfg_test:hcw                        -dut hqm_ss -model hqm_tb -dirtag func_base_strap_200_hcw
hqm_cfg_test:hcw_ldb                    -dut hqm_ss -model hqm_tb -dirtag func_base_strap_200_hcw_ldb
hqm_cfg_test:func_pf_bar                -dut hqm_ss -model hqm_tb -dirtag func_base_strap_200_func_pf_bar
-defaults   -ace_args -simv_args '"'+hqm_func_base_strap=200 '"' -ace_args-

hqm_cfg_test:hcw_dmv_vf_release_resource_copy -dut hqm_ss -model hqm_tb -dirtag hcw_dmv_vf_release_resource_copy
hqm_cfg_test:hcw_diff_qtypes                  -dut hqm_ss -model hqm_tb -dirtag hcw_diff_qtypes
hqm_cfg_test:pcie_cfg_rc_init				  -dut hqm_ss -model hqm_tb -dirtag pcie_cfg_rc_init
