#*****************************************#
# Title    : Duet Summary File            #
# Date     : Fri Jan 31 11:23:05 IST 2020 #
# User     : badithya                     #
# Project  : EndUSER_N7                   #
# Hostname : inlc1902.iind.intel.com      #
# PID      : 14584                        #
#*****************************************#


##-------------------------##
## Section 1: Runtime Info ##
##-------------------------##

# Summary Version: When summary report was created
# Run Version    : When violation DB (batch run) was last refreshed
+--------------+--------------------+--------------------+
|              | Summary Version    | Run Version        |
+--------------+--------------------+--------------------+
| duet         | 19.2.1_stPseOpt64X | 19.2.1_stPseOpt64X |
+--------------+--------------------+--------------------+
| duet version | 19.2.1             | 19.2.1             |
+--------------+--------------------+--------------------+
| duet_proj    | duet_proj          | duet_proj          |
+--------------+--------------------+--------------------+
| duet_queries | rules              | rules              |
+--------------+--------------------+--------------------+
| cr_structs   |                    | {{}}               |
+--------------+--------------------+--------------------+
| tango        |                    | {{}}               |
+--------------+--------------------+--------------------+
| cedar        |                    |                    |
+--------------+--------------------+--------------------+

Ruleset (Summary): /p/hdk/pu_tu/prd/caliber/cheetah_19.04.003/ruleset/syn_caliber_rules.init
Ruleset (Run)    : /p/hdk/pu_tu/prd/caliber/cheetah_19.04.003/ruleset/syn_caliber_rules.init

# Stage runtime (in seconds)
+------------------+---------+
| Stage            | Runtime |
+------------------+---------+
| startup          |       0 |
| init             |       2 |
| query_exec       |       3 |
+------------------+---------+
| Total            |       5 |
+------------------+---------+

##-------------------------##
## Section 2: Queries Data ##
##-------------------------##

#--------------------------------------------------------------------------------------------------------------#
# Legend:                                                                                                      #
#                                                                                                              #
#    TV: Total Violations                CV: Compressed Violations    RV: Remaining Violations (Not waived)    #
#    GW: Globally Waived violations      UW: User Waived violations   RW: Redundant Waivers                    #
#    CW: Collateral Waived violations                                                                          #
#    UA: User Approved violations        RA: Redundant Approvals      CA: Collateral Approved violations       #
#--------------------------------------------------------------------------------------------------------------#

+-------------------------------+---------+---------+---------+---------+---------+---------+---------+---------+---------+---------+----------+------------+
| Query Name                    | TV      | CV      | GW      | UW      | RW      | CW      | UA      | RA      | CA      | RV      | Severity | Run status |
+-------------------------------+---------+---------+---------+---------+---------+---------+---------+---------+---------+---------+----------+------------+
| LogicOnClockPath              | 0       | 0       | 0       | 0       | 0       | 0       | 0       | 0       | 0       | 0       | must     | OK         |
+-------------------------------+---------+---------+---------+---------+---------+---------+---------+---------+---------+---------+----------+------------+
| MultilevelClockGating         | 0       | 0       | 0       | 0       | 0       | 0       | 0       | 0       | 0       | 0       | must     | OK         |
+-------------------------------+---------+---------+---------+---------+---------+---------+---------+---------+---------+---------+----------+------------+
| ClkShortedMacroEnb            | 0       | 0       | 0       | 0       | 0       | 0       | 0       | 0       | 0       | 0       | must     | OK         |
+-------------------------------+---------+---------+---------+---------+---------+---------+---------+---------+---------+---------+----------+------------+
| MissingClockOnDualClockCells  | 0       | 0       | 0       | 0       | 0       | 0       | 0       | 0       | 0       | 0       | must     | OK         |
+-------------------------------+---------+---------+---------+---------+---------+---------+---------+---------+---------+---------+----------+------------+
| NoClocksOnRegisters           | 139     | 139     | 0       | 139     | 0       | 0       | 0       | 0       | 0       | 0       | must     | OK         |
+-------------------------------+---------+---------+---------+---------+---------+---------+---------+---------+---------+---------+----------+------------+
| FuncClockStoppingPoints       | 0       | 0       | 0       | 0       | 0       | 0       | 0       | 0       | 0       | 0       | must     | OK         |
+-------------------------------+---------+---------+---------+---------+---------+---------+---------+---------+---------+---------+----------+------------+
| ConstantClockRegisters        | 0       | 0       | 0       | 0       | 0       | 0       | 0       | 0       | 0       | 0       | must     | OK         |
+-------------------------------+---------+---------+---------+---------+---------+---------+---------+---------+---------+---------+----------+------------+
| TimingLoops                   | 0       | 0       | 0       | 0       | 0       | 0       | 0       | 0       | 0       | 0       | must     | OK         |
+-------------------------------+---------+---------+---------+---------+---------+---------+---------+---------+---------+---------+----------+------------+
| ShortedGateOutput             | 0       | 0       | 0       | 0       | 0       | 0       | 0       | 0       | 0       | 0       | must     | OK         |
+-------------------------------+---------+---------+---------+---------+---------+---------+---------+---------+---------+---------+----------+------------+
| BlackBoxFound                 | 0       | 0       | 0       | 0       | 0       | 0       | 0       | 0       | 0       | 0       | must     | OK         |
+-------------------------------+---------+---------+---------+---------+---------+---------+---------+---------+---------+---------+----------+------------+
| LatchWithClockedData          | 0       | 0       | 0       | 0       | 0       | 0       | 0       | 0       | 0       | 0       | must     | OK         |
+-------------------------------+---------+---------+---------+---------+---------+---------+---------+---------+---------+---------+----------+------------+
| WrongGatedClockColor          | 0       | 0       | 0       | 0       | 0       | 0       | 0       | 0       | 0       | 0       | must     | OK         |
+-------------------------------+---------+---------+---------+---------+---------+---------+---------+---------+---------+---------+----------+------------+
| ClockCellOnDataPath           | 0       | 0       | 0       | 0       | 0       | 0       | 0       | 0       | 0       | 0       | must     | OK         |
+-------------------------------+---------+---------+---------+---------+---------+---------+---------+---------+---------+---------+----------+------------+
| IllegalCells                  | 0       | 0       | 0       | 0       | 0       | 0       | 0       | 0       | 0       | 0       | must     | OK         |
+-------------------------------+---------+---------+---------+---------+---------+---------+---------+---------+---------+---------+----------+------------+
| IllegalTiedOnIso              | 0       | 0       | 0       | 0       | 0       | 0       | 0       | 0       | 0       | 0       | must     | OK         |
+-------------------------------+---------+---------+---------+---------+---------+---------+---------+---------+---------+---------+----------+------------+
| MissingLibClockPins           | 0       | 0       | 0       | 0       | 0       | 0       | 0       | 0       | 0       | 0       | must     | OK         |
+-------------------------------+---------+---------+---------+---------+---------+---------+---------+---------+---------+---------+----------+------------+
| DanglingInNet                 | 0       | 0       | 0       | 0       | 0       | 0       | 0       | 0       | 0       | 0       | must     | OK         |
+-------------------------------+---------+---------+---------+---------+---------+---------+---------+---------+---------+---------+----------+------------+
| VisaCrossClksSameLane         | 0       | 0       | 0       | 0       | 0       | 0       | 0       | 0       | 0       | 0       | must     | OK         |
+-------------------------------+---------+---------+---------+---------+---------+---------+---------+---------+---------+---------+----------+------------+
| VisaNoStaticSignal            | 0       | 0       | 0       | 0       | 0       | 0       | 0       | 0       | 0       | 0       | must     | OK         |
+-------------------------------+---------+---------+---------+---------+---------+---------+---------+---------+---------+---------+----------+------------+
| InvalidClockStampingOnDivider | 0       | 0       | 0       | 0       | 0       | 0       | 0       | 0       | 0       | 0       | must     | OK         |
+-------------------------------+---------+---------+---------+---------+---------+---------+---------+---------+---------+---------+----------+------------+
| VisaClkMuxInputFreq           | 0       | 0       | 0       | 0       | 0       | 0       | 0       | 0       | 0       | 0       | must     | OK         |
+-------------------------------+---------+---------+---------+---------+---------+---------+---------+---------+---------+---------+----------+------------+
| VisaPhase2Signals             | 0       | 0       | 0       | 0       | 0       | 0       | 0       | 0       | 0       | 0       | must     | OK         |
+-------------------------------+---------+---------+---------+---------+---------+---------+---------+---------+---------+---------+----------+------------+
| ClockPropCheck                | 0       | 0       | 0       | 0       | 0       | 0       | 0       | 0       | 0       | 0       | must     | OK         |
+-------------------------------+---------+---------+---------+---------+---------+---------+---------+---------+---------+---------+----------+------------+
| GeneratedClocks               | 0       | 0       | 0       | 0       | 0       | 0       | 0       | 0       | 0       | 0       | must     | OK         |
+-------------------------------+---------+---------+---------+---------+---------+---------+---------+---------+---------+---------+----------+------------+
| BadVariationCellOnClockPath   | 0       | 0       | 0       | 0       | 0       | 0       | 0       | 0       | 0       | 0       | must     | OK         |
+-------------------------------+---------+---------+---------+---------+---------+---------+---------+---------+---------+---------+----------+------------+
| MetaFlopCtechMapping          | 0       | 0       | 0       | 0       | 0       | 0       | 0       | 0       | 0       | 0       | must     | OK         |
+-------------------------------+---------+---------+---------+---------+---------+---------+---------+---------+---------+---------+----------+------------+
| GeneratedClocksSource         | 0       | 0       | 0       | 0       | 0       | 0       | 0       | 0       | 0       | 0       | must     | OK         |
+-------------------------------+---------+---------+---------+---------+---------+---------+---------+---------+---------+---------+----------+------------+
| AsyncLoopDetected             | 0       | 0       | 0       | 0       | 0       | 0       | 0       | 0       | 0       | 0       | must     | OK         |
+-------------------------------+---------+---------+---------+---------+---------+---------+---------+---------+---------+---------+----------+------------+
| WhiteBoxFound                 | 0       | 0       | 0       | 0       | 0       | 0       | 0       | 0       | 0       | 0       | must     | OK         |
+-------------------------------+---------+---------+---------+---------+---------+---------+---------+---------+---------+---------+----------+------------+
| TimingOverrideFound           | 0       | 0       | 0       | 0       | 0       | 0       | 0       | 0       | 0       | 0       | must     | OK         |
+-------------------------------+---------+---------+---------+---------+---------+---------+---------+---------+---------+---------+----------+------------+
| VisaMuxOutputFreq             | 0       | 0       | 0       | 0       | 0       | 0       | 0       | 0       | 0       | 0       | must     | OK         |
+-------------------------------+---------+---------+---------+---------+---------+---------+---------+---------+---------+---------+----------+------------+
| Back2BackFirewall             | 0       | 0       | 0       | 0       | 0       | 0       | 0       | 0       | 0       | 0       | must     | OK         |
+-------------------------------+---------+---------+---------+---------+---------+---------+---------+---------+---------+---------+----------+------------+
| CaliberError                  | 1       | 1       | 0       | 1       | 0       | 0       | 0       | 0       | 0       | 0       | must     | OK         |
+-------------------------------+---------+---------+---------+---------+---------+---------+---------+---------+---------+---------+----------+------------+


##------------------------------------##
## Section 3: Quality Summary of stap ##
##------------------------------------##
Total number of rules with errors                     : 0
Total number of violations                            : 140
Total number of violations (compressed)               : 140
Total number of globally waived                       : 0
Total number of user waived                           : 140
Total number of redundant waivers                     : 0
Total number of collateral waived                     : 0
Total number of user approved                         : 0
Total number of redundant approvals                   : 0
Total number of collateral approved                   : 0
Total number of remaining violations                  : 0
Total number of remaining violations (fatal)          : 0
Total number of remaining violations (must)           : 0
Total number of remaining violations (review)         : 0
Total number of remaining violations (recommended)    : 0
Total number of remaining violations (info)           : 0

#=== END OF SUMMARY ===
