######## IP Build Summary Report #######
########################################
#Info only 
########################################
ip_top_module_name = hqm_master
KitVendor          = Intel
KitLibrary         = Intel
ip_version         = 1.0

########################################
# RTL Parameters (info only)
########################################
#RTL Parameter	Value
HQM_TRIGGER_WIDTH	3

########################################
# Ports with PortWidth and PortDirection (info only)
########################################
#Port_name	PortWidth	Port_Direction
aon_clk	1		in
cdc_hqm_jta_clkgate_ovrd	1		in
cdc_hqm_jta_force_clkreq	1		in
fdfx_pgcb_bypass	1		in
fdfx_pgcb_ovr	1		in
fdfx_powergood	1		in
final_pgcb_fet_en_ack_b	1		out
flr_triggered	1		in
fscan_byprst_b	1		in
fscan_clkungate	1		in
fscan_fet_en_sel	1		in
fscan_fet_on	1		in
fscan_isol_ctrl	1		in
fscan_isol_lat_ctrl	1		in
fscan_mode	1		in
fscan_ret_ctrl	1		in
fscan_rstbypen	1		in
fscan_trigger_mask	[29:0]		in
fscan_trigger_mask_v	1		in
fuse_force_on	1		in
fuse_proc_disable	1		in
hqm_cdc_clk	1		in
hqm_cdc_clk_enable	1		out
hqm_cdc_visa	[23:0]		out
hqm_cfg_master_clkreq_b	1		out
hqm_clk_enable	1		out
hqm_clk_rptr_rst_b	1		out
hqm_clk_throttle	1		out
hqm_clk_ungate	1		out
hqm_flr_prep	1		out
hqm_freerun_clk	1		in
hqm_fullrate_clk	1		in
hqm_gated_local_override	1		out
hqm_gated_rst_b	1		out
hqm_gclock_enable	1		out
hqm_inp_gated_clk	1		in
hqm_pgcbunit_visa	[23:0]		out
hqm_pmsm_visa	[31:0]		out
hqm_proc_clkreq_b	1		out
hqm_proc_reset_done	1		out
hqm_proc_reset_done_sync_hqm	1		out
hqm_pwrgood_rst_b	1		out
hqm_shields_up	1		out
hqm_triggers	[9:0]		out
hqm_triggers_in	[9:0]		in
hw_reset_force_pwr_on	1		in
master_chp_timestamp	[15:0]		out
master_ctl	[31:0]		in
master_ctl_load	1		in
mstr_cfg_req_down	[(@work.hqm_AW_pkg.BITS_CFG_REQ_T-1):0]		out
mstr_cfg_req_down_read	1		out
mstr_cfg_req_down_write	1		out
mstr_cfg_req_up	[(@work.hqm_AW_pkg.BITS_CFG_REQ_T-1):0]		in
mstr_cfg_req_up_read	1		in
mstr_cfg_req_up_write	1		in
mstr_cfg_rsp_up	[(@work.hqm_AW_pkg.BITS_CFG_RSP_T-1):0]		in
mstr_cfg_rsp_up_ack	1		in
mstr_hqm_reset_done	[(@work.hqm_core_pkg.BITS_HQM_MSTR_RESET_DONE_T-1):0]		in
mstr_lcb_enable	[(@work.hqm_core_pkg.BITS_HQM_MSTR_LCB_ENABLE_T-1):0]		in
mstr_unit_idle	[(@work.hqm_core_pkg.BITS_HQM_MSTR_UNIT_IDLE_T-1):0]		in
mstr_unit_pipeidle	[(@work.hqm_core_pkg.BITS_HQM_MSTR_UNIT_PIPEIDLE_T-1):0]		in
paddr	[31:0]		in
penable	1		in
pgcb_clk	1		in
pgcb_fet_en_ack_b	1		in
pgcb_fet_en_b	1		out
pgcb_fet_en_b_out	1		out
pgcb_force_rst_b	1		out
pgcb_hqm_pwrgate_active	1		out
pgcb_isol_en	1		out
pgcb_isol_en_b	1		out
pgcb_tck	1		in
pm_allow_ing_drop	1		out
pm_fsm_active	1		out
pm_fsm_d0tod3_ok	1		out
pm_fsm_d3tod0_ok	1		out
pm_fsm_in_run	1		out
pm_ip_clk_halt_b_2_rpt_0_iosf	1		in
pm_state	[1:0]		in
prdata	[31:0]		out
prdata_par	1		out
pready	1		out
prim_clk_enable	1		in
prim_freerun_clk	1		in
prim_gated_clk	1		in
prim_gated_rst_b	1		in
prochot	1		in
psel	1		in
pslverr	1		out
puser	[19:0]		in
pwdata	[31:0]		in
pwrite	1		in
side_rst_b	1		in
visa_str_hqm_cdc_clk_enable	1		out
visa_str_hqm_clk_enable	1		out
visa_str_hqm_clk_throttle	1		out
visa_str_hqm_flr_prep	1		out
visa_str_hqm_gated_local_override	1		out
visa_str_hqm_gclock_enable	1		out
visa_str_hqm_proc_idle	1		out
visa_str_hqm_proc_pipeidle	1		out
visa_str_pm_ip_clk_halt_b_2_rpt_0_iosf	1		out
visa_str_prim_clk_enable	1		out
wd_clkreq	1		in

########################################
# Non-standard Interfaces Ports (info only)
########################################
aon_clk
cdc_hqm_jta_clkgate_ovrd
cdc_hqm_jta_force_clkreq
fdfx_pgcb_bypass
fdfx_pgcb_ovr
final_pgcb_fet_en_ack_b
flr_triggered
fscan_byprst_b
fscan_clkungate
fscan_fet_en_sel
fscan_fet_on
fscan_isol_ctrl
fscan_isol_lat_ctrl
fscan_mode
fscan_ret_ctrl
fscan_rstbypen
fscan_trigger_mask
fscan_trigger_mask_v
fuse_force_on
fuse_proc_disable
hqm_cdc_clk
hqm_cdc_clk_enable
hqm_cdc_visa
hqm_cfg_master_clkreq_b
hqm_clk_enable
hqm_clk_rptr_rst_b
hqm_clk_throttle
hqm_clk_ungate
hqm_flr_prep
hqm_freerun_clk
hqm_fullrate_clk
hqm_gated_local_override
hqm_gated_rst_b
hqm_gclock_enable
hqm_inp_gated_clk
hqm_pgcbunit_visa
hqm_pmsm_visa
hqm_proc_clkreq_b
hqm_proc_reset_done
hqm_proc_reset_done_sync_hqm
hqm_pwrgood_rst_b
hqm_shields_up
hqm_triggers
hqm_triggers_in
hw_reset_force_pwr_on
master_chp_timestamp
master_ctl
master_ctl_load
mstr_cfg_req_down
mstr_cfg_req_down_read
mstr_cfg_req_down_write
mstr_cfg_req_up
mstr_cfg_req_up_read
mstr_cfg_req_up_write
mstr_cfg_rsp_up
mstr_cfg_rsp_up_ack
mstr_hqm_reset_done
mstr_lcb_enable
mstr_unit_idle
mstr_unit_pipeidle
paddr
penable
pgcb_clk
pgcb_fet_en_ack_b
pgcb_fet_en_b
pgcb_fet_en_b_out
pgcb_force_rst_b
pgcb_hqm_pwrgate_active
pgcb_isol_en
pgcb_isol_en_b
pgcb_tck
pm_allow_ing_drop
pm_fsm_active
pm_fsm_d0tod3_ok
pm_fsm_d3tod0_ok
pm_fsm_in_run
pm_ip_clk_halt_b_2_rpt_0_iosf
pm_state
prdata
prdata_par
pready
prim_clk_enable
prim_freerun_clk
prim_gated_clk
prim_gated_rst_b
prochot
psel
pslverr
puser
pwdata
pwrite
side_rst_b
visa_str_hqm_cdc_clk_enable
visa_str_hqm_clk_enable
visa_str_hqm_clk_throttle
visa_str_hqm_flr_prep
visa_str_hqm_gated_local_override
visa_str_hqm_gclock_enable
visa_str_hqm_proc_idle
visa_str_hqm_proc_pipeidle
visa_str_pm_ip_clk_halt_b_2_rpt_0_iosf
visa_str_prim_clk_enable
wd_clkreq

#########################################################################
# Non-standard Interfaces Ports with IfUnconnected attribute 
#########################################################################

#########################################################################
# Non-standard Interfaces Ports with user defined tags 
#########################################################################

#########################################################################
# Statistics                                                            
# Num Standard               : 1                                 
# Num AdHoc                  : 103                               
# Num AdHoc (attribute)      : 0                          
# Num AdHoc (user tagged)    : 0                          
#########################################################################
-----------------------------------------------
-- Report        : interfaceInstance
-- Interface     : scan_reset
-- InterfaceDefn : IOSF::DFX::SCAN::Reset
-- InterfaceVer  : 2.4_r1.4__v2.4_r1.4
-- Definition    : IOSF::DFX::SCAN::Reset
-- Version       : 2.4_r1.4__v2.4_r1.4
-- InterfaceType : consumer
-- Tool Version  : T-2022.06-SP2
-----------------------------------------------
Port                          LinkDirection       PortDirection       InterfaceLink
**************************************************************************************
FDFX_POWERGOOD                fromProvider        in                  fdfx_powergood

Parameter                     Type                Value               InterfaceLink
**************************************************************************************
SlotNumber                    integer             -1                  <open>


