######## IP Build Summary Report #######
########################################
#Info only 
########################################
ip_top_module_name = hqm_AW_rtdr_reg
KitVendor          = Intel
KitLibrary         = Intel
ip_version         = 1.0

########################################
# RTL Parameters (info only)
########################################
#RTL Parameter	Value
DWIDTH	32

########################################
# Ports with PortWidth and PortDirection (info only)
########################################
#Port_name	PortWidth	Port_Direction
capturedr	1		in
func_pi	[(@DWIDTH-1):0]		in
func_po	[(@DWIDTH-1):0]		out
irdec	1		in
shiftdr	1		in
tck	1		in
tdi	1		in
tdo	1		out
trstb	1		in
updatedr	1		in

########################################
# Non-standard Interfaces Ports (info only)
########################################
func_pi
func_po

#########################################################################
# Non-standard Interfaces Ports with IfUnconnected attribute 
#########################################################################

#########################################################################
# Non-standard Interfaces Ports with user defined tags 
#########################################################################

#########################################################################
# Statistics                                                            
# Num Standard               : 8                                 
# Num AdHoc                  : 2                               
# Num AdHoc (attribute)      : 0                          
# Num AdHoc (user tagged)    : 0                          
#########################################################################
-----------------------------------------------
-- Report        : interfaceInstance
-- Interface     : rtdr
-- InterfaceDefn : IOSF::DFX::RTDR
-- InterfaceVer  : 1.5_r1.1__v1.5_r1.1
-- Definition    : IOSF::DFX::RTDR
-- Version       : 1.5_r1.1__v1.5_r1.1
-- InterfaceType : consumer
-- Tool Version  : T-2022.06-SP2
-----------------------------------------------
Port                          LinkDirection       PortDirection       InterfaceLink
**************************************************************************************
RTDR_CAPTURE                  fromProvider        in                  capturedr
RTDR_IRDEC                    fromProvider        in                  irdec
RTDR_SHIFT                    fromProvider        in                  shiftdr
RTDR_TDI                      fromProvider        in                  tdi
RTDR_TDO                      fromConsumer        out                 tdo
RTDR_UPDATE                   fromProvider        in                  updatedr

Parameter                     Type                Value               InterfaceLink
**************************************************************************************
CTRL_TDI_WIDTH                integer             1                   <open>
NUM_RTDR                      integer             1                   <open>
NUM_TDO                       integer             1                   <open>
SlotNumber                    integer             -1                  <open>

-----------------------------------------------
-- Report        : interfaceInstance
-- Interface     : rtdr_clock
-- InterfaceDefn : IOSF::DFX::RTDR::Clock
-- InterfaceVer  : 1.5_r1.1__v1.5_r1.1
-- Definition    : IOSF::DFX::RTDR::Clock
-- Version       : 1.5_r1.1__v1.5_r1.1
-- InterfaceType : consumer
-- Tool Version  : T-2022.06-SP2
-----------------------------------------------
Port                          LinkDirection       PortDirection       InterfaceLink
**************************************************************************************
RTDR_TCK                      fromProvider        in                  tck

Parameter                     Type                Value               InterfaceLink
**************************************************************************************
SlotNumber                    integer             -1                  <open>

-----------------------------------------------
-- Report        : interfaceInstance
-- Interface     : rtdr_reset
-- InterfaceDefn : IOSF::DFX::RTDR::Reset
-- InterfaceVer  : 1.5_r1.1__v1.5_r1.1
-- Definition    : IOSF::DFX::RTDR::Reset
-- Version       : 1.5_r1.1__v1.5_r1.1
-- InterfaceType : consumer
-- Tool Version  : T-2022.06-SP2
-----------------------------------------------
Port                          LinkDirection       PortDirection       InterfaceLink
**************************************************************************************
RTDR_PWRGOOD_RST_B            fromProvider        in                  trstb

Parameter                     Type                Value               InterfaceLink
**************************************************************************************
SlotNumber                    integer             -1                  <open>


