######## IP Build Summary Report #######
########################################
#Info only 
########################################
ip_top_module_name = hqm_AW_clkmux21
KitVendor          = Intel
KitLibrary         = Intel
ip_version         = 1.0

########################################
# RTL Parameters (info only)
########################################
#RTL Parameter	Value

########################################
# Ports with PortWidth and PortDirection (info only)
########################################
#Port_name	PortWidth	Port_Direction
d0	1		in
d1	1		in
s	1		in
z	1		out

########################################
# Non-standard Interfaces Ports (info only)
########################################
d0
d1
s
z

#########################################################################
# Non-standard Interfaces Ports with IfUnconnected attribute 
#########################################################################

#########################################################################
# Non-standard Interfaces Ports with user defined tags 
#########################################################################

#########################################################################
# Statistics                                                            
# Num Standard               : 0                                 
# Num AdHoc                  : 4                               
# Num AdHoc (attribute)      : 0                          
# Num AdHoc (user tagged)    : 0                          
#########################################################################
