// Golden root module: stap
// Revised root module: stap
// Golden -- Revised
add mapped points ftap_tck ftap_tck -type PI PI -module stap stap
add mapped points ftap_tms ftap_tms -type PI PI -module stap stap
add mapped points ftap_trst_b ftap_trst_b -type PI PI -module stap stap
add mapped points ftap_tdi ftap_tdi -type PI PI -module stap stap
add mapped points ftap_slvidcode[31] ftap_slvidcode[31] -type PI PI -module stap stap
add mapped points ftap_slvidcode[30] ftap_slvidcode[30] -type PI PI -module stap stap
add mapped points ftap_slvidcode[29] ftap_slvidcode[29] -type PI PI -module stap stap
add mapped points ftap_slvidcode[28] ftap_slvidcode[28] -type PI PI -module stap stap
add mapped points ftap_slvidcode[27] ftap_slvidcode[27] -type PI PI -module stap stap
add mapped points ftap_slvidcode[26] ftap_slvidcode[26] -type PI PI -module stap stap
add mapped points ftap_slvidcode[25] ftap_slvidcode[25] -type PI PI -module stap stap
add mapped points ftap_slvidcode[24] ftap_slvidcode[24] -type PI PI -module stap stap
add mapped points ftap_slvidcode[23] ftap_slvidcode[23] -type PI PI -module stap stap
add mapped points ftap_slvidcode[22] ftap_slvidcode[22] -type PI PI -module stap stap
add mapped points ftap_slvidcode[21] ftap_slvidcode[21] -type PI PI -module stap stap
add mapped points ftap_slvidcode[20] ftap_slvidcode[20] -type PI PI -module stap stap
add mapped points ftap_slvidcode[19] ftap_slvidcode[19] -type PI PI -module stap stap
add mapped points ftap_slvidcode[18] ftap_slvidcode[18] -type PI PI -module stap stap
add mapped points ftap_slvidcode[17] ftap_slvidcode[17] -type PI PI -module stap stap
add mapped points ftap_slvidcode[16] ftap_slvidcode[16] -type PI PI -module stap stap
add mapped points ftap_slvidcode[15] ftap_slvidcode[15] -type PI PI -module stap stap
add mapped points ftap_slvidcode[14] ftap_slvidcode[14] -type PI PI -module stap stap
add mapped points ftap_slvidcode[13] ftap_slvidcode[13] -type PI PI -module stap stap
add mapped points ftap_slvidcode[12] ftap_slvidcode[12] -type PI PI -module stap stap
add mapped points ftap_slvidcode[11] ftap_slvidcode[11] -type PI PI -module stap stap
add mapped points ftap_slvidcode[10] ftap_slvidcode[10] -type PI PI -module stap stap
add mapped points ftap_slvidcode[9] ftap_slvidcode[9] -type PI PI -module stap stap
add mapped points ftap_slvidcode[8] ftap_slvidcode[8] -type PI PI -module stap stap
add mapped points ftap_slvidcode[7] ftap_slvidcode[7] -type PI PI -module stap stap
add mapped points ftap_slvidcode[6] ftap_slvidcode[6] -type PI PI -module stap stap
add mapped points ftap_slvidcode[5] ftap_slvidcode[5] -type PI PI -module stap stap
add mapped points ftap_slvidcode[4] ftap_slvidcode[4] -type PI PI -module stap stap
add mapped points ftap_slvidcode[3] ftap_slvidcode[3] -type PI PI -module stap stap
add mapped points ftap_slvidcode[2] ftap_slvidcode[2] -type PI PI -module stap stap
add mapped points ftap_slvidcode[1] ftap_slvidcode[1] -type PI PI -module stap stap
add mapped points ftap_slvidcode[0] ftap_slvidcode[0] -type PI PI -module stap stap
add mapped points fdfx_powergood fdfx_powergood -type PI PI -module stap stap
add mapped points tdr_data_in[0] tdr_data_in[0] -type PI PI -module stap stap
add mapped points fdfx_secure_policy[3] fdfx_secure_policy[3] -type PI PI -module stap stap
add mapped points fdfx_secure_policy[2] fdfx_secure_policy[2] -type PI PI -module stap stap
add mapped points fdfx_secure_policy[1] fdfx_secure_policy[1] -type PI PI -module stap stap
add mapped points fdfx_secure_policy[0] fdfx_secure_policy[0] -type PI PI -module stap stap
add mapped points fdfx_earlyboot_exit fdfx_earlyboot_exit -type PI PI -module stap stap
add mapped points fdfx_policy_update fdfx_policy_update -type PI PI -module stap stap
add mapped points sntapnw_atap_tdo sntapnw_atap_tdo -type PI PI -module stap stap
add mapped points sntapnw_atap_tdo_en[0] sntapnw_atap_tdo_en[0] -type PI PI -module stap stap
add mapped points ftapsslv_tck ftapsslv_tck -type PI PI -module stap stap
add mapped points ftapsslv_tms ftapsslv_tms -type PI PI -module stap stap
add mapped points ftapsslv_trst_b ftapsslv_trst_b -type PI PI -module stap stap
add mapped points ftapsslv_tdi ftapsslv_tdi -type PI PI -module stap stap
add mapped points sntapnw_atap_tdo2 sntapnw_atap_tdo2 -type PI PI -module stap stap
add mapped points sntapnw_atap_tdo2_en[0] sntapnw_atap_tdo2_en[0] -type PI PI -module stap stap
add mapped points sn_awtap_wso[0] sn_awtap_wso[0] -type PI PI -module stap stap
add mapped points stap_abscan_tdo stap_abscan_tdo -type PI PI -module stap stap
add mapped points rtdr_tap_tdo[0] rtdr_tap_tdo[0] -type PI PI -module stap stap
add mapped points atap_tdo atap_tdo -type PO PO -module stap stap
add mapped points atap_tdoen atap_tdoen -type PO PO -module stap stap
add mapped points tdr_data_out[0] tdr_data_out[0] -type PO PO -module stap stap
add mapped points sftapnw_ftap_secsel[0] sftapnw_ftap_secsel[0] -type PO PO -module stap stap
add mapped points sftapnw_ftap_enabletdo[0] sftapnw_ftap_enabletdo[0] -type PO PO -module stap stap
add mapped points sftapnw_ftap_enabletap[0] sftapnw_ftap_enabletap[0] -type PO PO -module stap stap
add mapped points sntapnw_ftap_tck sntapnw_ftap_tck -type PO PO -module stap stap
add mapped points sntapnw_ftap_tms sntapnw_ftap_tms -type PO PO -module stap stap
add mapped points sntapnw_ftap_trst_b sntapnw_ftap_trst_b -type PO PO -module stap stap
add mapped points sntapnw_ftap_tdi sntapnw_ftap_tdi -type PO PO -module stap stap
add mapped points atapsslv_tdo atapsslv_tdo -type PO PO -module stap stap
add mapped points atapsslv_tdoen atapsslv_tdoen -type PO PO -module stap stap
add mapped points sntapnw_ftap_tck2 sntapnw_ftap_tck2 -type PO PO -module stap stap
add mapped points sntapnw_ftap_tms2 sntapnw_ftap_tms2 -type PO PO -module stap stap
add mapped points sntapnw_ftap_trst2_b sntapnw_ftap_trst2_b -type PO PO -module stap stap
add mapped points sntapnw_ftap_tdi2 sntapnw_ftap_tdi2 -type PO PO -module stap stap
add mapped points sn_fwtap_wrck sn_fwtap_wrck -type PO PO -module stap stap
add mapped points sn_fwtap_wrst_b sn_fwtap_wrst_b -type PO PO -module stap stap
add mapped points sn_fwtap_capturewr sn_fwtap_capturewr -type PO PO -module stap stap
add mapped points sn_fwtap_shiftwr sn_fwtap_shiftwr -type PO PO -module stap stap
add mapped points sn_fwtap_updatewr sn_fwtap_updatewr -type PO PO -module stap stap
add mapped points sn_fwtap_rti sn_fwtap_rti -type PO PO -module stap stap
add mapped points sn_fwtap_selectwir sn_fwtap_selectwir -type PO PO -module stap stap
add mapped points sn_fwtap_wsi[0] sn_fwtap_wsi[0] -type PO PO -module stap stap
add mapped points stap_fbscan_tck stap_fbscan_tck -type PO PO -module stap stap
add mapped points stap_fbscan_capturedr stap_fbscan_capturedr -type PO PO -module stap stap
add mapped points stap_fbscan_shiftdr stap_fbscan_shiftdr -type PO PO -module stap stap
add mapped points stap_fbscan_updatedr stap_fbscan_updatedr -type PO PO -module stap stap
add mapped points stap_fbscan_updatedr_clk stap_fbscan_updatedr_clk -type PO PO -module stap stap
add mapped points stap_fbscan_runbist_en stap_fbscan_runbist_en -type PO PO -module stap stap
add mapped points stap_fbscan_highz stap_fbscan_highz -type PO PO -module stap stap
add mapped points stap_fbscan_extogen stap_fbscan_extogen -type PO PO -module stap stap
add mapped points stap_fbscan_intest_mode stap_fbscan_intest_mode -type PO PO -module stap stap
add mapped points stap_fbscan_chainen stap_fbscan_chainen -type PO PO -module stap stap
add mapped points stap_fbscan_mode stap_fbscan_mode -type PO PO -module stap stap
add mapped points stap_fbscan_extogsig_b stap_fbscan_extogsig_b -type PO PO -module stap stap
add mapped points stap_fbscan_d6init stap_fbscan_d6init -type PO PO -module stap stap
add mapped points stap_fbscan_d6actestsig_b stap_fbscan_d6actestsig_b -type PO PO -module stap stap
add mapped points stap_fbscan_d6select stap_fbscan_d6select -type PO PO -module stap stap
add mapped points tap_rtdr_irdec[0] tap_rtdr_irdec[0] -type PO PO -module stap stap
add mapped points tap_rtdr_prog_rst_b[0] tap_rtdr_prog_rst_b[0] -type PO PO -module stap stap
add mapped points tap_rtdr_tdi[0] tap_rtdr_tdi[0] -type PO PO -module stap stap
add mapped points tap_rtdr_capture[0] tap_rtdr_capture[0] -type PO PO -module stap stap
add mapped points tap_rtdr_shift[0] tap_rtdr_shift[0] -type PO PO -module stap stap
add mapped points tap_rtdr_update[0] tap_rtdr_update[0] -type PO PO -module stap stap
add mapped points tap_rtdr_tck tap_rtdr_tck -type PO PO -module stap stap
add mapped points tap_rtdr_powergood tap_rtdr_powergood -type PO PO -module stap stap
add mapped points tap_rtdr_selectir tap_rtdr_selectir -type PO PO -module stap stap
add mapped points tap_rtdr_rti tap_rtdr_rti -type PO PO -module stap stap
add mapped points /i_stap_dfxsecure_plugin/dfxsecure_feature_lch_reg[1] /i_stap_dfxsecure_plugin/dfxsecure_feature_lch_reg_1/o_reg -type DLAT DLAT -module stap stap
add mapped points /i_stap_drreg/slvidcode_reg_reg[22] /i_stap_drreg/slvidcode_reg_reg_22/o_reg -type DFF DFF -module stap stap
add mapped points /i_stap_drreg/reset_pulse0_reg /i_stap_drreg/reset_pulse0_reg/o_reg -type DFF DFF -module stap stap
add mapped points /i_stap_drreg/slvidcode_reg_reg[13] /i_stap_drreg/slvidcode_reg_reg_13/o_reg -type DFF DFF -module stap stap
add mapped points /i_stap_irreg/shift_reg_reg[0] /i_stap_irreg/shift_reg_reg_0/o_reg -type DFF DFF -module stap stap
add mapped points /i_stap_fsm/state_ps_reg[7] /i_stap_fsm/state_ps_reg_7/o_reg -type DFF DFF -module stap stap
add mapped points /i_stap_irreg/stap_irreg_ireg_reg[1] /i_stap_irreg/stap_irreg_ireg_reg_1/o_reg -type DFF DFF -module stap stap
add mapped points /i_stap_drreg/slvidcode_reg_reg[27] /i_stap_drreg/slvidcode_reg_reg_27/o_reg -type DFF DFF -module stap stap
add mapped points /i_stap_drreg/slvidcode_reg_reg[20] /i_stap_drreg/slvidcode_reg_reg_20/o_reg -type DFF DFF -module stap stap
add mapped points /i_stap_tdomux/stap_mux_tdo_int_reg /i_stap_tdomux/stap_mux_tdo_int_reg/o_reg -type DFF DFF -module stap stap
add mapped points /i_stap_drreg/slvidcode_reg_reg[5] /i_stap_drreg/slvidcode_reg_reg_5/o_reg -type DFF DFF -module stap stap
add mapped points /i_stap_irreg/stap_irreg_ireg_reg[2] /i_stap_irreg/stap_irreg_ireg_reg_2/o_reg -type DFF DFF -module stap stap
add mapped points /i_stap_dfxsecure_plugin/dfxsecure_feature_lch_reg[3] /i_stap_dfxsecure_plugin/dfxsecure_feature_lch_reg_3/o_reg -type DLAT DLAT -module stap stap
add mapped points /i_stap_drreg/slvidcode_reg_reg[16] /i_stap_drreg/slvidcode_reg_reg_16/o_reg -type DFF DFF -module stap stap
add mapped points /i_stap_drreg/slvidcode_reg_reg[6] /i_stap_drreg/slvidcode_reg_reg_6/o_reg -type DFF DFF -module stap stap
add mapped points /i_stap_drreg/slvidcode_reg_reg[18] /i_stap_drreg/slvidcode_reg_reg_18/o_reg -type DFF DFF -module stap stap
add mapped points /i_stap_irdecoder/stap_irdecoder_drselect_reg[0] /i_stap_irdecoder/stap_irdecoder_drselect_reg_0/o_reg -type DFF DFF -module stap stap
add mapped points /i_stap_irreg/stap_irreg_ireg_reg[6] /i_stap_irreg/stap_irreg_ireg_reg_6/o_reg -type DFF DFF -module stap stap
add mapped points /i_stap_fsm/state_ps_reg[4] /i_stap_fsm/state_ps_reg_4/o_reg -type DFF DFF -module stap stap
add mapped points /i_stap_drreg/slvidcode_reg_reg[14] /i_stap_drreg/slvidcode_reg_reg_14/o_reg -type DFF DFF -module stap stap
add mapped points /i_stap_fsm/state_ps_reg[6] /i_stap_fsm/state_ps_reg_6/o_reg -type DFF DFF -module stap stap
add mapped points /i_stap_drreg/slvidcode_reg_reg[11] /i_stap_drreg/slvidcode_reg_reg_11/o_reg -type DFF DFF -module stap stap
add mapped points /i_stap_drreg/slvidcode_reg_reg[29] /i_stap_drreg/slvidcode_reg_reg_29/o_reg -type DFF DFF -module stap stap
add mapped points /i_stap_irreg/shift_reg_reg[1] /i_stap_irreg/shift_reg_reg_1/o_reg -type DFF DFF -module stap stap
add mapped points /i_stap_drreg/slvidcode_reg_reg[10] /i_stap_drreg/slvidcode_reg_reg_10/o_reg -type DFF DFF -module stap stap
add mapped points /i_stap_fsm/state_ps_reg[1] /i_stap_fsm/state_ps_reg_1/o_reg -type DFF DFF -module stap stap
add mapped points /i_stap_drreg/slvidcode_reg_reg[3] /i_stap_drreg/slvidcode_reg_reg_3/o_reg -type DFF DFF -module stap stap
add mapped points /i_stap_fsm/state_ps_reg[11] /i_stap_fsm/state_ps_reg_11/o_reg -type DFF DFF -module stap stap
add mapped points /i_stap_drreg/slvidcode_reg_reg[30] /i_stap_drreg/slvidcode_reg_reg_30/o_reg -type DFF DFF -module stap stap
add mapped points /i_stap_fsm/state_ps_reg[3] /i_stap_fsm/state_ps_reg_3/o_reg -type DFF DFF -module stap stap
add mapped points /i_stap_fsm/state_ps_reg[2] /i_stap_fsm/state_ps_reg_2/o_reg -type DFF DFF -module stap stap
add mapped points /i_stap_irreg/shift_reg_reg[4] /i_stap_irreg/shift_reg_reg_4/o_reg -type DFF DFF -module stap stap
add mapped points /i_stap_irreg/shift_reg_reg[7] /i_stap_irreg/shift_reg_reg_7/o_reg -type DFF DFF -module stap stap
add mapped points /i_stap_drreg/slvidcode_reg_reg[7] /i_stap_drreg/slvidcode_reg_reg_7/o_reg -type DFF DFF -module stap stap
add mapped points /i_stap_fsm/state_ps_reg[14] /i_stap_fsm/state_ps_reg_14/o_reg -type DFF DFF -module stap stap
add mapped points /i_stap_irreg/shift_reg_reg[5] /i_stap_irreg/shift_reg_reg_5/o_reg -type DFF DFF -module stap stap
add mapped points /i_stap_fsm/state_ps_reg[10] /i_stap_fsm/state_ps_reg_10/o_reg -type DFF DFF -module stap stap
add mapped points /i_stap_drreg/slvidcode_reg_reg[24] /i_stap_drreg/slvidcode_reg_reg_24/o_reg -type DFF DFF -module stap stap
add mapped points /i_stap_drreg/slvidcode_reg_reg[19] /i_stap_drreg/slvidcode_reg_reg_19/o_reg -type DFF DFF -module stap stap
add mapped points /i_stap_drreg/slvidcode_reg_reg[21] /i_stap_drreg/slvidcode_reg_reg_21/o_reg -type DFF DFF -module stap stap
add mapped points /i_stap_fsm/tms_bit_reg[2] /i_stap_fsm/tms_bit_reg_2/o_reg -type DFF DFF -module stap stap
add mapped points /i_stap_fsm/state_ps_reg[5] /i_stap_fsm/state_ps_reg_5/o_reg -type DFF DFF -module stap stap
add mapped points /i_stap_fsm/tms_bit_reg[1] /i_stap_fsm/tms_bit_reg_1/o_reg -type DFF DFF -module stap stap
add mapped points /i_stap_drreg/slvidcode_reg_reg[25] /i_stap_drreg/slvidcode_reg_reg_25/o_reg -type DFF DFF -module stap stap
add mapped points /i_stap_irreg/stap_irreg_ireg_reg[3] /i_stap_irreg/stap_irreg_ireg_reg_3/o_reg -type DFF DFF -module stap stap
add mapped points /i_stap_irreg/stap_irreg_ireg_reg[7] /i_stap_irreg/stap_irreg_ireg_reg_7/o_reg -type DFF DFF -module stap stap
add mapped points /i_stap_drreg/bypass_reg_reg /i_stap_drreg/bypass_reg_reg/o_reg -type DFF DFF -module stap stap
add mapped points /i_stap_fsm/state_ps_reg[9] /i_stap_fsm/state_ps_reg_9/o_reg -type DFF DFF -module stap stap
add mapped points /i_stap_fsm/tms_bit_reg[0] /i_stap_fsm/tms_bit_reg_0/o_reg -type DFF DFF -module stap stap
add mapped points /i_stap_tdomux/stap_tdomux_tdoen_reg /i_stap_tdomux/stap_tdomux_tdoen_reg/o_reg -type DFF DFF -module stap stap
add mapped points /i_stap_drreg/slvidcode_reg_reg[26] /i_stap_drreg/slvidcode_reg_reg_26/o_reg -type DFF DFF -module stap stap
add mapped points /i_stap_drreg/slvidcode_reg_reg[4] /i_stap_drreg/slvidcode_reg_reg_4/o_reg -type DFF DFF -module stap stap
add mapped points /i_stap_fsm/state_ps_reg[13] /i_stap_fsm/state_ps_reg_13/o_reg -type DFF DFF -module stap stap
add mapped points /i_stap_drreg/slvidcode_reg_reg[31] /i_stap_drreg/slvidcode_reg_reg_31/o_reg -type DFF DFF -module stap stap
add mapped points /i_stap_drreg/slvidcode_reg_reg[0] /i_stap_drreg/slvidcode_reg_reg_0/o_reg -type DFF DFF -module stap stap
add mapped points /i_stap_fsm/state_ps_reg[8] /i_stap_fsm/state_ps_reg_8/o_reg -type DFF DFF -module stap stap
add mapped points /i_stap_irreg/shift_reg_reg[3] /i_stap_irreg/shift_reg_reg_3/o_reg -type DFF DFF -module stap stap
add mapped points /i_stap_irreg/stap_irreg_ireg_reg[0] /i_stap_irreg/stap_irreg_ireg_reg_0/o_reg -type DFF DFF -module stap stap
add mapped points /i_stap_drreg/slvidcode_reg_reg[2] /i_stap_drreg/slvidcode_reg_reg_2/o_reg -type DFF DFF -module stap stap
add mapped points /i_stap_drreg/slvidcode_reg_reg[23] /i_stap_drreg/slvidcode_reg_reg_23/o_reg -type DFF DFF -module stap stap
add mapped points /i_stap_drreg/slvidcode_reg_reg[15] /i_stap_drreg/slvidcode_reg_reg_15/o_reg -type DFF DFF -module stap stap
add mapped points /i_stap_drreg/reset_pulse1_reg /i_stap_drreg/reset_pulse1_reg/o_reg -type DFF DFF -module stap stap
add mapped points /i_stap_irreg/stap_irreg_ireg_reg[4] /i_stap_irreg/stap_irreg_ireg_reg_4/o_reg -type DFF DFF -module stap stap
add mapped points /i_stap_fsm/state_ps_reg[15] /i_stap_fsm/state_ps_reg_15/o_reg -type DFF DFF -module stap stap
add mapped points /i_stap_drreg/slvidcode_reg_reg[1] /i_stap_drreg/slvidcode_reg_reg_1/o_reg -type DFF DFF -module stap stap
add mapped points /i_stap_fsm/tms_bit_reg[3] /i_stap_fsm/tms_bit_reg_3/o_reg -type DFF DFF -module stap stap
add mapped points /i_stap_drreg/slvidcode_reg_reg[8] /i_stap_drreg/slvidcode_reg_reg_8/o_reg -type DFF DFF -module stap stap
add mapped points /i_stap_drreg/slvidcode_reg_reg[17] /i_stap_drreg/slvidcode_reg_reg_17/o_reg -type DFF DFF -module stap stap
add mapped points /i_stap_fsm/state_ps_reg[0] /i_stap_fsm/state_ps_reg_0/o_reg -type DFF DFF -module stap stap
add mapped points /i_stap_drreg/slvidcode_reg_reg[9] /i_stap_drreg/slvidcode_reg_reg_9/o_reg -type DFF DFF -module stap stap
add mapped points /i_stap_irdecoder/stap_irdecoder_drselect_reg[1] /i_stap_irdecoder/stap_irdecoder_drselect_reg_1/o_reg -type DFF DFF -module stap stap
add mapped points /i_stap_irreg/shift_reg_reg[2] /i_stap_irreg/shift_reg_reg_2/o_reg -type DFF DFF -module stap stap
add mapped points /i_stap_fsm/state_ps_reg[12] /i_stap_fsm/state_ps_reg_12/o_reg -type DFF DFF -module stap stap
add mapped points /i_stap_dfxsecure_plugin/dfxsecure_feature_lch_reg[0] /i_stap_dfxsecure_plugin/dfxsecure_feature_lch_reg_0/o_reg -type DLAT DLAT -module stap stap
add mapped points /i_stap_irreg/stap_irreg_ireg_reg[5] /i_stap_irreg/stap_irreg_ireg_reg_5/o_reg -type DFF DFF -module stap stap
add mapped points /i_stap_drreg/slvidcode_reg_reg[28] /i_stap_drreg/slvidcode_reg_reg_28/o_reg -type DFF DFF -module stap stap
add mapped points /i_stap_irreg/shift_reg_reg[6] /i_stap_irreg/shift_reg_reg_6/o_reg -type DFF DFF -module stap stap
add mapped points /i_stap_drreg/slvidcode_reg_reg[12] /i_stap_drreg/slvidcode_reg_reg_12/o_reg -type DFF DFF -module stap stap
add mapped points /i_stap_dfxsecure_plugin/dfxsecure_feature_lch_reg[2] /i_stap_dfxsecure_plugin/dfxsecure_feature_lch_reg_2/o_reg -type DLAT DLAT -module stap stap
