##################################################################################
# Date: Fri Apr 28 05:18:51 PDT 2023
# Milestone: UV1
# Block: ip764hduspsr2048x39m8b2s0r2p0d0
# Closure Directory: /nfs/site/disks/ipg_scf_00159/ajavidi_ship/SHIP_23ww17d4/ip764hduspsr2048x39m8b2s0r2p0d0_work/ship/ip/ip764hduspsr2048x39m8b2s0r2p0d0/zsc11_scea121612_28Apr2023_044735/staging/review
# Source file md5sum: c7a18da09f08337ff43a4a57a7d98c13
# User: ajavidi
# Finale Version: 23.01.011
# XML Metadata User: ajavidi
# XML Metadata Date: Fri Apr 28 05:18:11 2023
# XML Metadata Command: /p/hdk/pu_tu/prd/crossfire_checkers/23.01.002/crossfire_checker.py --block ip764hduspsr2048x39m8b2s0r2p0d0 --tool crossfire_timing --input_dir /nfs/site/disks/ipg_scf_00159/ajavidi_ship/SHIP_23ww17d4/ip764hduspsr2048x39m8b2s0r2p0d0_work/ship/ip/ip764hduspsr2048x39m8b2s0r2p0d0/zsc11_scea121612_28Apr2023_044735/crossfire/collateral/ebb/checks/ --output_dir /nfs/site/disks/ipg_scf_00159/ajavidi_ship/SHIP_23ww17d4/ip764hduspsr2048x39m8b2s0r2p0d0_work/ship/ip/ip764hduspsr2048x39m8b2s0r2p0d0/zsc11_scea121612_28Apr2023_044735/crossfire/review/
# XML Metadata Ward: /nfs/site/disks/ipg_scf_00159/ajavidi_ship/SHIP_23ww17d4/ip764hduspsr2048x39m8b2s0r2p0d0_work

##################################################################################
# Legend:
#   ERROR - :E: Some kind of error occurred so the check could not be done (e.g. file was missing, failed to parse file correctly, etc.)
#   FAIL  - :F: Failing with no waivers in place.
#         - :R: Rejected. This indicates the violation was waived, but the waiver was rejected by the reviewer.
#   WAIVE - :W: DE has written a waiver for this failure (a review is still required).
#   APPRV - :A: Reviewer has approved the waiver for this failure.
#   PASS  -     Everything is good.
#

>>>>>>>>>>>>>>>>>>>>>>>>>>>>>>>>>>>>>>>>>>>>>>>>>>>>>>>>>>>>   crossfire_horizontal  <<<<<<<<<<<<<<<<<<<<<<<<<<<<<<<<<<<<<<<<<<<<<<<<<<<<<<<<<<<<<<<<<<<<<<<<<<<<<<<<

--------------------------------------------------------------------------------------------------------------------------------------------------------------------
PASS	 crossfire_horizontal (1)
	 DEFINITION: {verify_crossfire_horizontal_input_file_exists} Verify the crossfire_horizontal log file exists
	 The crossfire_horizontal log file exists
	 See file: /nfs/site/disks/ipg_scf_00159/ajavidi_ship/SHIP_23ww17d4/ip764hduspsr2048x39m8b2s0r2p0d0_work/ship/ip/ip764hduspsr2048x39m8b2s0r2p0d0/zsc11_scea121612_28Apr2023_044735/crossfire/collateral/ebb/checks//ip764hduspsr2048x39m8b2s0r2p0d0.crossfire_horizontal.log

--------------------------------------------------------------------------------------------------------------------------------------------------------------------
PASS	 crossfire_horizontal (2)
	 DEFINITION: {1103} Crossfire Rule: 1103 - RelatedPowerPinCheck
	 firefox -new-window /nfs/site/disks/ipg_scf_00159/ajavidi_ship/SHIP_23ww17d4/ip764hduspsr2048x39m8b2s0r2p0d0_work/ship/ip/ip764hduspsr2048x39m8b2s0r2p0d0/zsc11_scea121612_28Apr2023_044735/crossfire/crossfire/ip764hduspsr2048x39m8b2s0r2p0d0.uv1.2023_04_28_050249.25026/html/index_per_rule.html
	 There are no errors/failures on this checklist.
	 See file: /nfs/site/disks/ipg_scf_00159/ajavidi_ship/SHIP_23ww17d4/ip764hduspsr2048x39m8b2s0r2p0d0_work/ship/ip/ip764hduspsr2048x39m8b2s0r2p0d0/zsc11_scea121612_28Apr2023_044735/crossfire/collateral/ebb/checks//ip764hduspsr2048x39m8b2s0r2p0d0.crossfire_horizontal.log

--------------------------------------------------------------------------------------------------------------------------------------------------------------------
PASS	 crossfire_horizontal (3)
	 DEFINITION: {15105} Crossfire Rule: 15105 - BusNamingCheck
	 firefox -new-window /nfs/site/disks/ipg_scf_00159/ajavidi_ship/SHIP_23ww17d4/ip764hduspsr2048x39m8b2s0r2p0d0_work/ship/ip/ip764hduspsr2048x39m8b2s0r2p0d0/zsc11_scea121612_28Apr2023_044735/crossfire/crossfire/ip764hduspsr2048x39m8b2s0r2p0d0.uv1.2023_04_28_050249.25026/html/index_per_rule.html
	 There are no errors/failures on this checklist.
	 See file: /nfs/site/disks/ipg_scf_00159/ajavidi_ship/SHIP_23ww17d4/ip764hduspsr2048x39m8b2s0r2p0d0_work/ship/ip/ip764hduspsr2048x39m8b2s0r2p0d0/zsc11_scea121612_28Apr2023_044735/crossfire/collateral/ebb/checks//ip764hduspsr2048x39m8b2s0r2p0d0.crossfire_horizontal.log

--------------------------------------------------------------------------------------------------------------------------------------------------------------------
PASS	 crossfire_horizontal (4)
	 DEFINITION: {15106} Crossfire Rule: 15106 - FilePresent
	 firefox -new-window /nfs/site/disks/ipg_scf_00159/ajavidi_ship/SHIP_23ww17d4/ip764hduspsr2048x39m8b2s0r2p0d0_work/ship/ip/ip764hduspsr2048x39m8b2s0r2p0d0/zsc11_scea121612_28Apr2023_044735/crossfire/crossfire/ip764hduspsr2048x39m8b2s0r2p0d0.uv1.2023_04_28_050249.25026/html/index_per_rule.html
	 There are no errors/failures on this checklist.
	 See file: /nfs/site/disks/ipg_scf_00159/ajavidi_ship/SHIP_23ww17d4/ip764hduspsr2048x39m8b2s0r2p0d0_work/ship/ip/ip764hduspsr2048x39m8b2s0r2p0d0/zsc11_scea121612_28Apr2023_044735/crossfire/collateral/ebb/checks//ip764hduspsr2048x39m8b2s0r2p0d0.crossfire_horizontal.log

--------------------------------------------------------------------------------------------------------------------------------------------------------------------
PASS	 crossfire_horizontal (5)
	 DEFINITION: {15112:PinDirectionCheck} Crossfire Rule: 15112:PinDirectionCheck - PinDirectionCheck
	 firefox -new-window /nfs/site/disks/ipg_scf_00159/ajavidi_ship/SHIP_23ww17d4/ip764hduspsr2048x39m8b2s0r2p0d0_work/ship/ip/ip764hduspsr2048x39m8b2s0r2p0d0/zsc11_scea121612_28Apr2023_044735/crossfire/crossfire/ip764hduspsr2048x39m8b2s0r2p0d0.uv1.2023_04_28_050249.25026/html/index_per_rule.html
	 There are no errors/failures on this checklist.
	 See file: /nfs/site/disks/ipg_scf_00159/ajavidi_ship/SHIP_23ww17d4/ip764hduspsr2048x39m8b2s0r2p0d0_work/ship/ip/ip764hduspsr2048x39m8b2s0r2p0d0/zsc11_scea121612_28Apr2023_044735/crossfire/collateral/ebb/checks//ip764hduspsr2048x39m8b2s0r2p0d0.crossfire_horizontal.log

--------------------------------------------------------------------------------------------------------------------------------------------------------------------
PASS	 crossfire_horizontal (6)
	 DEFINITION: {15112:Lef_pin_direction_check} Crossfire Rule: 15112:Lef_pin_direction_check - Lef_pin_direction_check
	 firefox -new-window /nfs/site/disks/ipg_scf_00159/ajavidi_ship/SHIP_23ww17d4/ip764hduspsr2048x39m8b2s0r2p0d0_work/ship/ip/ip764hduspsr2048x39m8b2s0r2p0d0/zsc11_scea121612_28Apr2023_044735/crossfire/crossfire/ip764hduspsr2048x39m8b2s0r2p0d0.uv1.2023_04_28_050249.25026/html/index_per_rule.html
	 There are no errors/failures on this checklist.
	 See file: /nfs/site/disks/ipg_scf_00159/ajavidi_ship/SHIP_23ww17d4/ip764hduspsr2048x39m8b2s0r2p0d0_work/ship/ip/ip764hduspsr2048x39m8b2s0r2p0d0/zsc11_scea121612_28Apr2023_044735/crossfire/collateral/ebb/checks//ip764hduspsr2048x39m8b2s0r2p0d0.crossfire_horizontal.log

--------------------------------------------------------------------------------------------------------------------------------------------------------------------
PASS	 crossfire_horizontal (7)
	 DEFINITION: {15122} Crossfire Rule: 15122 - LIBvsUPF
	 firefox -new-window /nfs/site/disks/ipg_scf_00159/ajavidi_ship/SHIP_23ww17d4/ip764hduspsr2048x39m8b2s0r2p0d0_work/ship/ip/ip764hduspsr2048x39m8b2s0r2p0d0/zsc11_scea121612_28Apr2023_044735/crossfire/crossfire/ip764hduspsr2048x39m8b2s0r2p0d0.uv1.2023_04_28_050249.25026/html/index_per_rule.html
	 There are no errors/failures on this checklist.
	 See file: /nfs/site/disks/ipg_scf_00159/ajavidi_ship/SHIP_23ww17d4/ip764hduspsr2048x39m8b2s0r2p0d0_work/ship/ip/ip764hduspsr2048x39m8b2s0r2p0d0/zsc11_scea121612_28Apr2023_044735/crossfire/collateral/ebb/checks//ip764hduspsr2048x39m8b2s0r2p0d0.crossfire_horizontal.log

--------------------------------------------------------------------------------------------------------------------------------------------------------------------
PASS	 crossfire_horizontal (8)
	 DEFINITION: {15133} Crossfire Rule: 15133 - Analog_inout_pins
	 firefox -new-window /nfs/site/disks/ipg_scf_00159/ajavidi_ship/SHIP_23ww17d4/ip764hduspsr2048x39m8b2s0r2p0d0_work/ship/ip/ip764hduspsr2048x39m8b2s0r2p0d0/zsc11_scea121612_28Apr2023_044735/crossfire/crossfire/ip764hduspsr2048x39m8b2s0r2p0d0.uv1.2023_04_28_050249.25026/html/index_per_rule.html
	 There are no errors/failures on this checklist.
	 See file: /nfs/site/disks/ipg_scf_00159/ajavidi_ship/SHIP_23ww17d4/ip764hduspsr2048x39m8b2s0r2p0d0_work/ship/ip/ip764hduspsr2048x39m8b2s0r2p0d0/zsc11_scea121612_28Apr2023_044735/crossfire/collateral/ebb/checks//ip764hduspsr2048x39m8b2s0r2p0d0.crossfire_horizontal.log

--------------------------------------------------------------------------------------------------------------------------------------------------------------------
PASS	 crossfire_horizontal (9)
	 DEFINITION: {15211} Crossfire Rule: 15211 - NDM_vs_Lef_pin_location_drift_check
	 firefox -new-window /nfs/site/disks/ipg_scf_00159/ajavidi_ship/SHIP_23ww17d4/ip764hduspsr2048x39m8b2s0r2p0d0_work/ship/ip/ip764hduspsr2048x39m8b2s0r2p0d0/zsc11_scea121612_28Apr2023_044735/crossfire/crossfire/ip764hduspsr2048x39m8b2s0r2p0d0.uv1.2023_04_28_050249.25026/html/index_per_rule.html
	 There are no errors/failures on this checklist.
	 See file: /nfs/site/disks/ipg_scf_00159/ajavidi_ship/SHIP_23ww17d4/ip764hduspsr2048x39m8b2s0r2p0d0_work/ship/ip/ip764hduspsr2048x39m8b2s0r2p0d0/zsc11_scea121612_28Apr2023_044735/crossfire/collateral/ebb/checks//ip764hduspsr2048x39m8b2s0r2p0d0.crossfire_horizontal.log

--------------------------------------------------------------------------------------------------------------------------------------------------------------------
PASS	 crossfire_horizontal (10)
	 DEFINITION: {16015} Crossfire Rule: 16015 - Attribute_xml_check
	 firefox -new-window /nfs/site/disks/ipg_scf_00159/ajavidi_ship/SHIP_23ww17d4/ip764hduspsr2048x39m8b2s0r2p0d0_work/ship/ip/ip764hduspsr2048x39m8b2s0r2p0d0/zsc11_scea121612_28Apr2023_044735/crossfire/crossfire/ip764hduspsr2048x39m8b2s0r2p0d0.uv1.2023_04_28_050249.25026/html/index_per_rule.html
	 There are no errors/failures on this checklist.
	 See file: /nfs/site/disks/ipg_scf_00159/ajavidi_ship/SHIP_23ww17d4/ip764hduspsr2048x39m8b2s0r2p0d0_work/ship/ip/ip764hduspsr2048x39m8b2s0r2p0d0/zsc11_scea121612_28Apr2023_044735/crossfire/collateral/ebb/checks//ip764hduspsr2048x39m8b2s0r2p0d0.crossfire_horizontal.log

--------------------------------------------------------------------------------------------------------------------------------------------------------------------
PASS	 crossfire_horizontal (11)
	 DEFINITION: {16024} Crossfire Rule: 16024 - Ip2sd_logcheck
	 firefox -new-window /nfs/site/disks/ipg_scf_00159/ajavidi_ship/SHIP_23ww17d4/ip764hduspsr2048x39m8b2s0r2p0d0_work/ship/ip/ip764hduspsr2048x39m8b2s0r2p0d0/zsc11_scea121612_28Apr2023_044735/crossfire/crossfire/ip764hduspsr2048x39m8b2s0r2p0d0.uv1.2023_04_28_050249.25026/html/index_per_rule.html
	 There are no errors/failures on this checklist.
	 See file: /nfs/site/disks/ipg_scf_00159/ajavidi_ship/SHIP_23ww17d4/ip764hduspsr2048x39m8b2s0r2p0d0_work/ship/ip/ip764hduspsr2048x39m8b2s0r2p0d0/zsc11_scea121612_28Apr2023_044735/crossfire/collateral/ebb/checks//ip764hduspsr2048x39m8b2s0r2p0d0.crossfire_horizontal.log

--------------------------------------------------------------------------------------------------------------------------------------------------------------------
PASS	 crossfire_horizontal (12)
	 DEFINITION: {16029} Crossfire Rule: 16029 - Upf_parsing_check
	 firefox -new-window /nfs/site/disks/ipg_scf_00159/ajavidi_ship/SHIP_23ww17d4/ip764hduspsr2048x39m8b2s0r2p0d0_work/ship/ip/ip764hduspsr2048x39m8b2s0r2p0d0/zsc11_scea121612_28Apr2023_044735/crossfire/crossfire/ip764hduspsr2048x39m8b2s0r2p0d0.uv1.2023_04_28_050249.25026/html/index_per_rule.html
	 There are no errors/failures on this checklist.
	 See file: /nfs/site/disks/ipg_scf_00159/ajavidi_ship/SHIP_23ww17d4/ip764hduspsr2048x39m8b2s0r2p0d0_work/ship/ip/ip764hduspsr2048x39m8b2s0r2p0d0/zsc11_scea121612_28Apr2023_044735/crossfire/collateral/ebb/checks//ip764hduspsr2048x39m8b2s0r2p0d0.crossfire_horizontal.log

--------------------------------------------------------------------------------------------------------------------------------------------------------------------
PASS	 crossfire_horizontal (13)
	 DEFINITION: {16048} Crossfire Rule: 16048 - Attributexml_attributeCheck
	 firefox -new-window /nfs/site/disks/ipg_scf_00159/ajavidi_ship/SHIP_23ww17d4/ip764hduspsr2048x39m8b2s0r2p0d0_work/ship/ip/ip764hduspsr2048x39m8b2s0r2p0d0/zsc11_scea121612_28Apr2023_044735/crossfire/crossfire/ip764hduspsr2048x39m8b2s0r2p0d0.uv1.2023_04_28_050249.25026/html/index_per_rule.html
	 There are no errors/failures on this checklist.
	 See file: /nfs/site/disks/ipg_scf_00159/ajavidi_ship/SHIP_23ww17d4/ip764hduspsr2048x39m8b2s0r2p0d0_work/ship/ip/ip764hduspsr2048x39m8b2s0r2p0d0/zsc11_scea121612_28Apr2023_044735/crossfire/collateral/ebb/checks//ip764hduspsr2048x39m8b2s0r2p0d0.crossfire_horizontal.log

--------------------------------------------------------------------------------------------------------------------------------------------------------------------
FAIL	 crossfire_horizontal (14)
	 DEFINITION: {16109} Crossfire Rule: 16109 - Psccsv_check
	 firefox -new-window /nfs/site/disks/ipg_scf_00159/ajavidi_ship/SHIP_23ww17d4/ip764hduspsr2048x39m8b2s0r2p0d0_work/ship/ip/ip764hduspsr2048x39m8b2s0r2p0d0/zsc11_scea121612_28Apr2023_044735/crossfire/crossfire/ip764hduspsr2048x39m8b2s0r2p0d0.uv1.2023_04_28_050249.25026/html/index_per_rule.html
	 :F: No matching lib file was found for line 268 in the csv file --> temp(100.0000) Checktypes(max) devskew(tttt) rcskew(tttt) liblabel(opt4) vddp(0.5500) File(/p/ipx/ipcache2/plt/psc1276/dmrimh1/3/plt.psc1276/psc_soc_1276d4_dmrimh1.csv)
	 :F: No matching lib file was found for line 269 in the csv file --> temp(100.0000) Checktypes(max) devskew(tttt) rcskew(tttt) liblabel(opt4) vddp(0.6500) File(/p/ipx/ipcache2/plt/psc1276/dmrimh1/3/plt.psc1276/psc_soc_1276d4_dmrimh1.csv)
	 :F: No matching lib file was found for line 270 in the csv file --> temp(100.0000) Checktypes(max) devskew(tttt) rcskew(tttt) liblabel(opt4) vddp(0.8500) File(/p/ipx/ipcache2/plt/psc1276/dmrimh1/3/plt.psc1276/psc_soc_1276d4_dmrimh1.csv)
	 :F: No matching lib file was found for line 271 in the csv file --> temp(100.0000) Checktypes(max) devskew(tttt) rcskew(tttt) liblabel(opt4) vddp(1.1000) File(/p/ipx/ipcache2/plt/psc1276/dmrimh1/3/plt.psc1276/psc_soc_1276d4_dmrimh1.csv)
	 See file: /nfs/site/disks/ipg_scf_00159/ajavidi_ship/SHIP_23ww17d4/ip764hduspsr2048x39m8b2s0r2p0d0_work/ship/ip/ip764hduspsr2048x39m8b2s0r2p0d0/zsc11_scea121612_28Apr2023_044735/crossfire/collateral/ebb/checks//ip764hduspsr2048x39m8b2s0r2p0d0.crossfire_horizontal.log

--------------------------------------------------------------------------------------------------------------------------------------------------------------------
PASS	 crossfire_horizontal (15)
	 DEFINITION: {16200} Crossfire Rule: 16200 - Power_csv_check
	 firefox -new-window /nfs/site/disks/ipg_scf_00159/ajavidi_ship/SHIP_23ww17d4/ip764hduspsr2048x39m8b2s0r2p0d0_work/ship/ip/ip764hduspsr2048x39m8b2s0r2p0d0/zsc11_scea121612_28Apr2023_044735/crossfire/crossfire/ip764hduspsr2048x39m8b2s0r2p0d0.uv1.2023_04_28_050249.25026/html/index_per_rule.html
	 There are no errors/failures on this checklist.
	 See file: /nfs/site/disks/ipg_scf_00159/ajavidi_ship/SHIP_23ww17d4/ip764hduspsr2048x39m8b2s0r2p0d0_work/ship/ip/ip764hduspsr2048x39m8b2s0r2p0d0/zsc11_scea121612_28Apr2023_044735/crossfire/collateral/ebb/checks//ip764hduspsr2048x39m8b2s0r2p0d0.crossfire_horizontal.log

--------------------------------------------------------------------------------------------------------------------------------------------------------------------
PASS	 crossfire_horizontal (16)
	 DEFINITION: {16206} Crossfire Rule: 16206 - Hip_Spec_Compliance_Check
	 firefox -new-window /nfs/site/disks/ipg_scf_00159/ajavidi_ship/SHIP_23ww17d4/ip764hduspsr2048x39m8b2s0r2p0d0_work/ship/ip/ip764hduspsr2048x39m8b2s0r2p0d0/zsc11_scea121612_28Apr2023_044735/crossfire/crossfire/ip764hduspsr2048x39m8b2s0r2p0d0.uv1.2023_04_28_050249.25026/html/index_per_rule.html
	 There are no errors/failures on this checklist.
	 See file: /nfs/site/disks/ipg_scf_00159/ajavidi_ship/SHIP_23ww17d4/ip764hduspsr2048x39m8b2s0r2p0d0_work/ship/ip/ip764hduspsr2048x39m8b2s0r2p0d0/zsc11_scea121612_28Apr2023_044735/crossfire/collateral/ebb/checks//ip764hduspsr2048x39m8b2s0r2p0d0.crossfire_horizontal.log

--------------------------------------------------------------------------------------------------------------------------------------------------------------------
PASS	 crossfire_horizontal (17)
	 DEFINITION: {16217} Crossfire Rule: 16217 - Related_pin_check
	 firefox -new-window /nfs/site/disks/ipg_scf_00159/ajavidi_ship/SHIP_23ww17d4/ip764hduspsr2048x39m8b2s0r2p0d0_work/ship/ip/ip764hduspsr2048x39m8b2s0r2p0d0/zsc11_scea121612_28Apr2023_044735/crossfire/crossfire/ip764hduspsr2048x39m8b2s0r2p0d0.uv1.2023_04_28_050249.25026/html/index_per_rule.html
	 There are no errors/failures on this checklist.
	 See file: /nfs/site/disks/ipg_scf_00159/ajavidi_ship/SHIP_23ww17d4/ip764hduspsr2048x39m8b2s0r2p0d0_work/ship/ip/ip764hduspsr2048x39m8b2s0r2p0d0/zsc11_scea121612_28Apr2023_044735/crossfire/collateral/ebb/checks//ip764hduspsr2048x39m8b2s0r2p0d0.crossfire_horizontal.log

--------------------------------------------------------------------------------------------------------------------------------------------------------------------
PASS	 crossfire_horizontal (18)
	 DEFINITION: {16225} Crossfire Rule: 16225 - Swizzled_logcheck
	 firefox -new-window /nfs/site/disks/ipg_scf_00159/ajavidi_ship/SHIP_23ww17d4/ip764hduspsr2048x39m8b2s0r2p0d0_work/ship/ip/ip764hduspsr2048x39m8b2s0r2p0d0/zsc11_scea121612_28Apr2023_044735/crossfire/crossfire/ip764hduspsr2048x39m8b2s0r2p0d0.uv1.2023_04_28_050249.25026/html/index_per_rule.html
	 There are no errors/failures on this checklist.
	 See file: /nfs/site/disks/ipg_scf_00159/ajavidi_ship/SHIP_23ww17d4/ip764hduspsr2048x39m8b2s0r2p0d0_work/ship/ip/ip764hduspsr2048x39m8b2s0r2p0d0/zsc11_scea121612_28Apr2023_044735/crossfire/collateral/ebb/checks//ip764hduspsr2048x39m8b2s0r2p0d0.crossfire_horizontal.log

--------------------------------------------------------------------------------------------------------------------------------------------------------------------
PASS	 crossfire_horizontal (19)
	 DEFINITION: {16227} Crossfire Rule: 16227 - Custom_cfs_check
	 firefox -new-window /nfs/site/disks/ipg_scf_00159/ajavidi_ship/SHIP_23ww17d4/ip764hduspsr2048x39m8b2s0r2p0d0_work/ship/ip/ip764hduspsr2048x39m8b2s0r2p0d0/zsc11_scea121612_28Apr2023_044735/crossfire/crossfire/ip764hduspsr2048x39m8b2s0r2p0d0.uv1.2023_04_28_050249.25026/html/index_per_rule.html
	 There are no errors/failures on this checklist.
	 See file: /nfs/site/disks/ipg_scf_00159/ajavidi_ship/SHIP_23ww17d4/ip764hduspsr2048x39m8b2s0r2p0d0_work/ship/ip/ip764hduspsr2048x39m8b2s0r2p0d0/zsc11_scea121612_28Apr2023_044735/crossfire/collateral/ebb/checks//ip764hduspsr2048x39m8b2s0r2p0d0.crossfire_horizontal.log

--------------------------------------------------------------------------------------------------------------------------------------------------------------------
PASS	 crossfire_horizontal (20)
	 DEFINITION: {16350} Crossfire Rule: 16350 - Link_check
	 firefox -new-window /nfs/site/disks/ipg_scf_00159/ajavidi_ship/SHIP_23ww17d4/ip764hduspsr2048x39m8b2s0r2p0d0_work/ship/ip/ip764hduspsr2048x39m8b2s0r2p0d0/zsc11_scea121612_28Apr2023_044735/crossfire/crossfire/ip764hduspsr2048x39m8b2s0r2p0d0.uv1.2023_04_28_050249.25026/html/index_per_rule.html
	 There are no errors/failures on this checklist.
	 See file: /nfs/site/disks/ipg_scf_00159/ajavidi_ship/SHIP_23ww17d4/ip764hduspsr2048x39m8b2s0r2p0d0_work/ship/ip/ip764hduspsr2048x39m8b2s0r2p0d0/zsc11_scea121612_28Apr2023_044735/crossfire/collateral/ebb/checks//ip764hduspsr2048x39m8b2s0r2p0d0.crossfire_horizontal.log

--------------------------------------------------------------------------------------------------------------------------------------------------------------------
PASS	 crossfire_horizontal (21)
	 DEFINITION: {21} Crossfire Rule: 21 - cell_presence
	 firefox -new-window /nfs/site/disks/ipg_scf_00159/ajavidi_ship/SHIP_23ww17d4/ip764hduspsr2048x39m8b2s0r2p0d0_work/ship/ip/ip764hduspsr2048x39m8b2s0r2p0d0/zsc11_scea121612_28Apr2023_044735/crossfire/crossfire/ip764hduspsr2048x39m8b2s0r2p0d0.uv1.2023_04_28_050249.25026/html/index_per_rule.html
	 There are no errors/failures on this checklist.
	 See file: /nfs/site/disks/ipg_scf_00159/ajavidi_ship/SHIP_23ww17d4/ip764hduspsr2048x39m8b2s0r2p0d0_work/ship/ip/ip764hduspsr2048x39m8b2s0r2p0d0/zsc11_scea121612_28Apr2023_044735/crossfire/collateral/ebb/checks//ip764hduspsr2048x39m8b2s0r2p0d0.crossfire_horizontal.log

--------------------------------------------------------------------------------------------------------------------------------------------------------------------
PASS	 crossfire_horizontal (22)
	 DEFINITION: {7309} Crossfire Rule: 7309 - ComparePinProps
	 firefox -new-window /nfs/site/disks/ipg_scf_00159/ajavidi_ship/SHIP_23ww17d4/ip764hduspsr2048x39m8b2s0r2p0d0_work/ship/ip/ip764hduspsr2048x39m8b2s0r2p0d0/zsc11_scea121612_28Apr2023_044735/crossfire/crossfire/ip764hduspsr2048x39m8b2s0r2p0d0.uv1.2023_04_28_050249.25026/html/index_per_rule.html
	 There are no errors/failures on this checklist.
	 See file: /nfs/site/disks/ipg_scf_00159/ajavidi_ship/SHIP_23ww17d4/ip764hduspsr2048x39m8b2s0r2p0d0_work/ship/ip/ip764hduspsr2048x39m8b2s0r2p0d0/zsc11_scea121612_28Apr2023_044735/crossfire/collateral/ebb/checks//ip764hduspsr2048x39m8b2s0r2p0d0.crossfire_horizontal.log

--------------------------------------------------------------------------------------------------------------------------------------------------------------------
PASS	 crossfire_horizontal (23)
	 DEFINITION: {7505} Crossfire Rule: 7505 - IntraLibRelatedPGPin
	 firefox -new-window /nfs/site/disks/ipg_scf_00159/ajavidi_ship/SHIP_23ww17d4/ip764hduspsr2048x39m8b2s0r2p0d0_work/ship/ip/ip764hduspsr2048x39m8b2s0r2p0d0/zsc11_scea121612_28Apr2023_044735/crossfire/crossfire/ip764hduspsr2048x39m8b2s0r2p0d0.uv1.2023_04_28_050249.25026/html/index_per_rule.html
	 There are no errors/failures on this checklist.
	 See file: /nfs/site/disks/ipg_scf_00159/ajavidi_ship/SHIP_23ww17d4/ip764hduspsr2048x39m8b2s0r2p0d0_work/ship/ip/ip764hduspsr2048x39m8b2s0r2p0d0/zsc11_scea121612_28Apr2023_044735/crossfire/collateral/ebb/checks//ip764hduspsr2048x39m8b2s0r2p0d0.crossfire_horizontal.log

--------------------------------------------------------------------------------------------------------------------------------------------------------------------
PASS	 crossfire_horizontal (24)
	 DEFINITION: {7510} Crossfire Rule: 7510 - Generic_attribute_conditions_check
	 firefox -new-window /nfs/site/disks/ipg_scf_00159/ajavidi_ship/SHIP_23ww17d4/ip764hduspsr2048x39m8b2s0r2p0d0_work/ship/ip/ip764hduspsr2048x39m8b2s0r2p0d0/zsc11_scea121612_28Apr2023_044735/crossfire/crossfire/ip764hduspsr2048x39m8b2s0r2p0d0.uv1.2023_04_28_050249.25026/html/index_per_rule.html
	 There are no errors/failures on this checklist.
	 See file: /nfs/site/disks/ipg_scf_00159/ajavidi_ship/SHIP_23ww17d4/ip764hduspsr2048x39m8b2s0r2p0d0_work/ship/ip/ip764hduspsr2048x39m8b2s0r2p0d0/zsc11_scea121612_28Apr2023_044735/crossfire/collateral/ebb/checks//ip764hduspsr2048x39m8b2s0r2p0d0.crossfire_horizontal.log

--------------------------------------------------------------------------------------------------------------------------------------------------------------------
