######## IP Build Summary Report #######
########################################
#Info only 
########################################
ip_top_module_name = dfxsecure_plugin
KitVendor          = Intel
KitLibrary         = Intel
ip_version         = 1.0

########################################
# RTL Parameters (info only)
########################################
#RTL Parameter	Value
DFX_EARLYBOOT_FEATURE_ENABLE	0x1
DFX_NUM_OF_FEATURES_TO_SECURE	1
DFX_SECURE_POLICY_MATRIX	0x6924928d4319
DFX_SECURE_WIDTH	4
DFX_USE_SB_OVR	0
DFX_VISA_BLACK	0x3
DFX_VISA_GREEN	0x1
DFX_VISA_ORANGE	0x2
DFX_VISA_RED	0x0

########################################
# Ports with PortWidth and PortDirection (info only)
########################################
#Port_name	PortWidth	Port_Direction
dfxsecure_feature_en	[(@DFX_NUM_OF_FEATURES_TO_SECURE-1):0]		out
fdfx_earlyboot_exit	1		in
fdfx_policy_update	1		in
fdfx_powergood	1		in
fdfx_secure_policy	[(@DFX_SECURE_WIDTH-1):0]		in
oem_secure_policy	[(@DFX_SECURE_WIDTH-1):0]		in
sb_policy_ovr_value	[(@DFX_NUM_OF_FEATURES_TO_SECURE+1):0]		in
visa_all_dis	1		out
visa_customer_dis	1		out

########################################
# Non-standard Interfaces Ports (info only)
########################################
dfxsecure_feature_en
fdfx_powergood
oem_secure_policy
sb_policy_ovr_value
visa_all_dis
visa_customer_dis

#########################################################################
# Non-standard Interfaces Ports with IfUnconnected attribute 
#########################################################################

#########################################################################
# Non-standard Interfaces Ports with user defined tags 
#########################################################################

#########################################################################
# Statistics                                                            
# Num Standard               : 3                                 
# Num AdHoc                  : 6                               
# Num AdHoc (attribute)      : 0                          
# Num AdHoc (user tagged)    : 0                          
#########################################################################
-----------------------------------------------
-- Report        : interfaceInstance
-- Interface     : iosf_dfx_dfxsecure_plugin
-- InterfaceDefn : IOSF::DFX::DFXSECURE_PLUGIN
-- InterfaceVer  : 1.0
-- Definition    : IOSF::DFX::DFXSECURE_PLUGIN
-- Version       : 1.0
-- InterfaceType : consumer
-- Tool Version  : K-2015.06-SP7
-----------------------------------------------
Port                          LinkDirection       PortDirection       InterfaceLink
**************************************************************************************
DFX_SECURE_POLICY             fromProvider        in                  fdfx_secure_policy
EARLYBOOT_EXIT                fromProvider        in                  fdfx_earlyboot_exit
POLICY_UPDATE                 fromProvider        in                  fdfx_policy_update

Parameter                     Type                Value               InterfaceLink
**************************************************************************************
SlotNumber                    integer             -1                  <open>


