######## IP Build Summary Report #######
########################################
#Info only 
########################################
ip_top_module_name = stap
KitVendor          = Intel
KitLibrary         = Intel
ip_version         = 1.0

########################################
# RTL Parameters (info only)
########################################
#RTL Parameter	Value
STAP_DFX_EARLYBOOT_FEATURE_ENABLE	0x7
STAP_DFX_SECURE_POLICY_MATRIX	0x3ad6b5ae6b9cd733cce7
STAP_DFX_SECURE_POLICY_SELECTREG	0x0
STAP_ENABLE_BSCAN	0
STAP_ENABLE_ITDR_PROG_RST	0
STAP_ENABLE_RTDR_PROG_RST	0
STAP_ENABLE_TAPC_REMOVE	0
STAP_ENABLE_TDO_POS_EDGE	0
STAP_ENABLE_WTAP_CTRL_POS_EDGE	0
STAP_INSTRUCTION_FOR_DATA_REGISTERS	0xc3fc
STAP_LSB_VALUES_OF_TEST_DATA_REGISTERS	0x0
STAP_MSB_VALUES_OF_TEST_DATA_REGISTERS	0x0
STAP_NUMBER_OF_BITS_FOR_SLICE	16
STAP_NUMBER_OF_MANDATORY_REGISTERS	2
STAP_NUMBER_OF_REMOTE_TEST_DATA_REGISTERS	0
STAP_NUMBER_OF_TAPS_IN_TAP_NETWORK	0
STAP_NUMBER_OF_TEST_DATA_REGISTERS	0
STAP_NUMBER_OF_TOTAL_REGISTERS	2
STAP_NUMBER_OF_WTAPS_IN_NETWORK	0
STAP_RESET_VALUES_OF_TEST_DATA_REGISTERS	0x0
STAP_RTDR_IS_BUSSED	0
STAP_SECURE_GREEN	0x0
STAP_SECURE_ORANGE	0x1
STAP_SECURE_RED	0x2
STAP_SIZE_OF_EACH_INSTRUCTION	8
STAP_SIZE_OF_EACH_TEST_DATA_REGISTER	0x0
STAP_SUPPRESS_UPDATE_CAPTURE	0
STAP_SWCOMP_ACTIVE	0
STAP_SWCOMP_NUM_OF_COMPARE_BITS	10
STAP_TOTAL_WIDTH_OF_TEST_DATA_REGISTERS	0
STAP_WTAPCTRL_RESET_VALUE	0
STAP_WTAP_NETWORK_ONE_FOR_SERIES_ZERO_FOR_PARALLEL	0

########################################
# Ports with PortWidth and PortDirection (info only)
########################################
#Port_name	PortWidth	Port_Direction
atap_tdo	1		out
atap_tdoen	1		out
atapsslv_tdo	1		out
atapsslv_tdoen	1		out
fdfx_earlyboot_exit	1		in
fdfx_policy_update	1		in
fdfx_powergood	1		in
fdfx_secure_policy	[3:0]		in
ftap_pwrdomain_rst_b	1		in
ftap_slvidcode	[31:0]		in
ftap_tck	1		in
ftap_tdi	1		in
ftap_tms	1		in
ftap_trst_b	1		in
ftapsslv_tck	1		in
ftapsslv_tdi	1		in
ftapsslv_tms	1		in
ftapsslv_trst_b	1		in
rtdr_tap_tdo	[(((@STAP_NUMBER_OF_REMOTE_TEST_DATA_REGISTERS==0)?1:@STAP_NUMBER_OF_REMOTE_TEST_DATA_REGISTERS)-1):0]		in
sftapnw_ftap_enabletap	[(((@STAP_ENABLE_TDO_POS_EDGE==1)?1:((@STAP_NUMBER_OF_TAPS_IN_TAP_NETWORK==0)?1:@STAP_NUMBER_OF_TAPS_IN_TAP_NETWORK))-1):0]		out
sftapnw_ftap_enabletdo	[(((@STAP_ENABLE_TDO_POS_EDGE==1)?1:((@STAP_NUMBER_OF_TAPS_IN_TAP_NETWORK==0)?1:@STAP_NUMBER_OF_TAPS_IN_TAP_NETWORK))-1):0]		out
sftapnw_ftap_secsel	[(((@STAP_ENABLE_TDO_POS_EDGE==1)?1:((@STAP_NUMBER_OF_TAPS_IN_TAP_NETWORK==0)?1:@STAP_NUMBER_OF_TAPS_IN_TAP_NETWORK))-1):0]		out
sn_awtap_wso	[(((@STAP_ENABLE_TDO_POS_EDGE==1)?1:((@STAP_NUMBER_OF_WTAPS_IN_NETWORK==0)?1:((@STAP_WTAP_NETWORK_ONE_FOR_SERIES_ZERO_FOR_PARALLEL==1)?1:@STAP_NUMBER_OF_WTAPS_IN_NETWORK)))-1):0]		in
sn_fwtap_capturewr	1		out
sn_fwtap_rti	1		out
sn_fwtap_selectwir	1		out
sn_fwtap_shiftwr	1		out
sn_fwtap_updatewr	1		out
sn_fwtap_wrck	1		out
sn_fwtap_wrst_b	1		out
sn_fwtap_wsi	[(((@STAP_ENABLE_TDO_POS_EDGE==1)?1:((@STAP_NUMBER_OF_WTAPS_IN_NETWORK==0)?1:((@STAP_WTAP_NETWORK_ONE_FOR_SERIES_ZERO_FOR_PARALLEL==1)?1:@STAP_NUMBER_OF_WTAPS_IN_NETWORK)))-1):0]		out
sntapnw_atap_tdo	1		in
sntapnw_atap_tdo2	1		in
sntapnw_atap_tdo2_en	[(((@STAP_ENABLE_TDO_POS_EDGE==1)?1:((@STAP_NUMBER_OF_TAPS_IN_TAP_NETWORK==0)?1:@STAP_NUMBER_OF_TAPS_IN_TAP_NETWORK))-1):0]		in
sntapnw_atap_tdo_en	[(((@STAP_ENABLE_TDO_POS_EDGE==1)?1:((@STAP_NUMBER_OF_TAPS_IN_TAP_NETWORK==0)?1:@STAP_NUMBER_OF_TAPS_IN_TAP_NETWORK))-1):0]		in
sntapnw_ftap_tck	1		out
sntapnw_ftap_tck2	1		out
sntapnw_ftap_tdi	1		out
sntapnw_ftap_tdi2	1		out
sntapnw_ftap_tms	1		out
sntapnw_ftap_tms2	1		out
sntapnw_ftap_trst2_b	1		out
sntapnw_ftap_trst_b	1		out
stap_abscan_tdo	1		in
stap_fbscan_capturedr	1		out
stap_fbscan_chainen	1		out
stap_fbscan_d6actestsig_b	1		out
stap_fbscan_d6init	1		out
stap_fbscan_d6select	1		out
stap_fbscan_extogen	1		out
stap_fbscan_extogsig_b	1		out
stap_fbscan_highz	1		out
stap_fbscan_intest_mode	1		out
stap_fbscan_mode	1		out
stap_fbscan_runbist_en	1		out
stap_fbscan_shiftdr	1		out
stap_fbscan_tck	1		out
stap_fbscan_updatedr	1		out
stap_fbscan_updatedr_clk	1		out
stap_fsm_tlrs	1		out
stap_isol_en_b	1		in
tap_rtdr_capture	[(((@STAP_RTDR_IS_BUSSED==0)?1:((@STAP_NUMBER_OF_REMOTE_TEST_DATA_REGISTERS==0)?1:@STAP_NUMBER_OF_REMOTE_TEST_DATA_REGISTERS))-1):0]		out
tap_rtdr_irdec	[(((@STAP_NUMBER_OF_REMOTE_TEST_DATA_REGISTERS==0)?1:@STAP_NUMBER_OF_REMOTE_TEST_DATA_REGISTERS)-1):0]		out
tap_rtdr_powergood	1		out
tap_rtdr_prog_rst_b	[(((@STAP_NUMBER_OF_REMOTE_TEST_DATA_REGISTERS==0)?1:@STAP_NUMBER_OF_REMOTE_TEST_DATA_REGISTERS)-1):0]		out
tap_rtdr_rti	1		out
tap_rtdr_selectir	1		out
tap_rtdr_shift	[(((@STAP_RTDR_IS_BUSSED==0)?1:((@STAP_NUMBER_OF_REMOTE_TEST_DATA_REGISTERS==0)?1:@STAP_NUMBER_OF_REMOTE_TEST_DATA_REGISTERS))-1):0]		out
tap_rtdr_tck	1		out
tap_rtdr_tdi	[(((@STAP_RTDR_IS_BUSSED==0)?1:((@STAP_NUMBER_OF_REMOTE_TEST_DATA_REGISTERS==0)?1:@STAP_NUMBER_OF_REMOTE_TEST_DATA_REGISTERS))-1):0]		out
tap_rtdr_update	[(((@STAP_RTDR_IS_BUSSED==0)?1:((@STAP_NUMBER_OF_REMOTE_TEST_DATA_REGISTERS==0)?1:@STAP_NUMBER_OF_REMOTE_TEST_DATA_REGISTERS))-1):0]		out
tdr_data_in	[(((@STAP_TOTAL_WIDTH_OF_TEST_DATA_REGISTERS==0)?1:@STAP_TOTAL_WIDTH_OF_TEST_DATA_REGISTERS)-1):0]		in
tdr_data_out	[(((@STAP_TOTAL_WIDTH_OF_TEST_DATA_REGISTERS==0)?1:@STAP_TOTAL_WIDTH_OF_TEST_DATA_REGISTERS)-1):0]		out

########################################
# Non-standard Interfaces Ports (info only)
########################################
fdfx_powergood
ftap_pwrdomain_rst_b
ftap_slvidcode
stap_abscan_tdo
stap_fsm_tlrs
stap_isol_en_b
tdr_data_in
tdr_data_out

#########################################################################
# Non-standard Interfaces Ports with IfUnconnected attribute 
#########################################################################
sntapnw_atap_tdo_en

#########################################################################
# Non-standard Interfaces Ports with user defined tags 
#########################################################################

#########################################################################
# Statistics                                                            
# Num Standard               : 65                                 
# Num AdHoc                  : 8                               
# Num AdHoc (attribute)      : 1                          
# Num AdHoc (user tagged)    : 0                          
#########################################################################
-----------------------------------------------
-- Report        : interfaceInstance
-- Interface     : bscan_stap
-- InterfaceDefn : IOSF::DFX::BSCAN
-- InterfaceVer  : 1.5
-- Definition    : IOSF::DFX::BSCAN
-- Version       : 1.5
-- InterfaceType : provider
-- Tool Version  : N-2017.12-SP1-2
-----------------------------------------------
Port                          LinkDirection       PortDirection       InterfaceLink
**************************************************************************************
FBSCAN_CAPTUREDR              fromProvider        out                 stap_fbscan_capturedr
FBSCAN_CHAINEN                fromProvider        out                 stap_fbscan_chainen
FBSCAN_D6ACTESTSIG_B          fromProvider        out                 stap_fbscan_d6actestsig_b
FBSCAN_D6INIT                 fromProvider        out                 stap_fbscan_d6init
FBSCAN_D6SELECT               fromProvider        out                 stap_fbscan_d6select
FBSCAN_EXTOGEN                fromProvider        out                 stap_fbscan_extogen
FBSCAN_EXTOGSIG_B             fromProvider        out                 stap_fbscan_extogsig_b
FBSCAN_HIGHZ                  fromProvider        out                 stap_fbscan_highz
FBSCAN_INTEST_MODE            fromProvider        out                 stap_fbscan_intest_mode
FBSCAN_MODE                   fromProvider        out                 stap_fbscan_mode
FBSCAN_SHIFTDR                fromProvider        out                 stap_fbscan_shiftdr
FBSCAN_TCK                    fromProvider        out                 stap_fbscan_tck
FBSCAN_UPDATEDR               fromProvider        out                 stap_fbscan_updatedr
FBSCAN_UPDATEDR_CLK           fromProvider        out                 stap_fbscan_updatedr_clk
RUNBIST_EN                    fromProvider        out                 stap_fbscan_runbist_en

Parameter                     Type                Value               InterfaceLink
**************************************************************************************
NumConsumers                  integer             1                   <open>
SlotNumber                    integer             -1                  <open>
SupportsRunBistInstr          boolean             0                   <open>
UpdatedrClkMode               boolean             1                   <open>
UpdatedrMode                  boolean             1                   <open>

-----------------------------------------------
-- Report        : interfaceInstance
-- Interface     : iosf_dfx_dfxsecure_plugin
-- InterfaceDefn : IOSF::DFX::DFXSECURE_PLUGIN
-- InterfaceVer  : 1.0
-- Definition    : IOSF::DFX::DFXSECURE_PLUGIN
-- Version       : 1.0
-- InterfaceType : consumer
-- Tool Version  : N-2017.12-SP1-2
-----------------------------------------------
Port                          LinkDirection       PortDirection       InterfaceLink
**************************************************************************************
DFX_SECURE_POLICY             fromProvider        in                  fdfx_secure_policy
EARLYBOOT_EXIT                fromProvider        in                  fdfx_earlyboot_exit
POLICY_UPDATE                 fromProvider        in                  fdfx_policy_update

Parameter                     Type                Value               InterfaceLink
**************************************************************************************
SlotNumber                    integer             -1                  <open>

-----------------------------------------------
-- Report        : interfaceInstance
-- Interface     : jtag_pri
-- InterfaceDefn : IOSF::DFX::JTAG
-- InterfaceVer  : 1.0
-- Definition    : IOSF::DFX::JTAG
-- Version       : 1.0
-- InterfaceType : consumer
-- Tool Version  : N-2017.12-SP1-2
-----------------------------------------------
Port                          LinkDirection       PortDirection       InterfaceLink
**************************************************************************************
ATAP_TDO                      fromConsumer        out                 atap_tdo
ATAP_TDOEN                    fromConsumer        out                 atap_tdoen
FTAP_TCK                      fromProvider        in                  ftap_tck
FTAP_TDI                      fromProvider        in                  ftap_tdi
FTAP_TMS                      fromProvider        in                  ftap_tms
FTAP_TRST_B                   fromProvider        in                  ftap_trst_b

Parameter                     Type                Value               InterfaceLink
**************************************************************************************
SlotNumber                    integer             -1                  <open>

-----------------------------------------------
-- Report        : interfaceInstance
-- Interface     : jtag_sec
-- InterfaceDefn : IOSF::DFX::JTAG
-- InterfaceVer  : 1.0
-- Definition    : IOSF::DFX::JTAG
-- Version       : 1.0
-- InterfaceType : consumer
-- Tool Version  : N-2017.12-SP1-2
-----------------------------------------------
Port                          LinkDirection       PortDirection       InterfaceLink
**************************************************************************************
ATAP_TDO                      fromConsumer        out                 atapsslv_tdo
ATAP_TDOEN                    fromConsumer        out                 atapsslv_tdoen
FTAP_TCK                      fromProvider        in                  ftapsslv_tck
FTAP_TDI                      fromProvider        in                  ftapsslv_tdi
FTAP_TMS                      fromProvider        in                  ftapsslv_tms
FTAP_TRST_B                   fromProvider        in                  ftapsslv_trst_b

Parameter                     Type                Value               InterfaceLink
**************************************************************************************
SlotNumber                    integer             -1                  <open>

-----------------------------------------------
-- Report        : interfaceInstance
-- Interface     : rtdr
-- InterfaceDefn : IOSF::DFX::RTDR
-- InterfaceVer  : 1.5
-- Definition    : IOSF::DFX::RTDR
-- Version       : 1.5
-- InterfaceType : provider
-- Tool Version  : N-2017.12-SP1-2
-----------------------------------------------
Port                          LinkDirection       PortDirection       InterfaceLink
**************************************************************************************
REMOTE_TCK                    fromConsumer        in                  <open>
RTDR_CAPTURE                  fromProvider        out                 tap_rtdr_capture[@SlotNumber]
RTDR_IRDEC                    fromProvider        out                 tap_rtdr_irdec[@SlotNumber]
RTDR_SHIFT                    fromProvider        out                 tap_rtdr_shift[@SlotNumber]
RTDR_TDI                      fromProvider        out                 tap_rtdr_tdi[@SlotNumber]
RTDR_TDO                      fromConsumer        in                  rtdr_tap_tdo[@SlotNumber]
RTDR_UPDATE                   fromProvider        out                 tap_rtdr_update[@SlotNumber]

Parameter                     Type                Value               InterfaceLink
**************************************************************************************
NumConsumers                  integer             1                   <open>
SlotNumber                    integer             -1                  <open>

-----------------------------------------------
-- Report        : interfaceInstance
-- Interface     : rtdr_bussed_0
-- InterfaceDefn : IOSF::DFX::RTDR_BUSSED_0
-- InterfaceVer  : 1.5
-- Definition    : IOSF::DFX::RTDR_BUSSED_0
-- Version       : 1.5
-- InterfaceType : provider
-- Tool Version  : N-2017.12-SP1-2
-----------------------------------------------
Port                          LinkDirection       PortDirection       InterfaceLink
**************************************************************************************
REMOTE_TCK                    fromConsumer        in                  <open>
RTDR_CAPTURE                  fromProvider        out                 tap_rtdr_capture
RTDR_IRDEC                    fromProvider        out                 tap_rtdr_irdec[@SlotNumber]
RTDR_SHIFT                    fromProvider        out                 tap_rtdr_shift
RTDR_TDI                      fromProvider        out                 tap_rtdr_tdi
RTDR_TDO                      fromConsumer        in                  rtdr_tap_tdo[@SlotNumber]
RTDR_UPDATE                   fromProvider        out                 tap_rtdr_update

Parameter                     Type                Value               InterfaceLink
**************************************************************************************
NumConsumers                  integer             1                   <open>
SlotNumber                    integer             -1                  <open>

-----------------------------------------------
-- Report        : interfaceInstance
-- Interface     : rtdr_ctrl
-- InterfaceDefn : IOSF::DFX::RTDR_CTRL
-- InterfaceVer  : 1.5
-- Definition    : IOSF::DFX::RTDR_CTRL
-- Version       : 1.5
-- InterfaceType : provider
-- Tool Version  : N-2017.12-SP1-2
-----------------------------------------------
Port                          LinkDirection       PortDirection       InterfaceLink
**************************************************************************************
RTDR_POWERGOOD_RST_B          fromProvider        out                 tap_rtdr_powergood
RTDR_PROG_RST_B               fromProvider        out                 tap_rtdr_prog_rst_b[@SlotNumber]
RTDR_RTI                      fromProvider        out                 tap_rtdr_rti
RTDR_SELECTIR                 fromProvider        out                 tap_rtdr_selectir
TAP_TCK                       fromProvider        out                 tap_rtdr_tck

Parameter                     Type                Value               InterfaceLink
**************************************************************************************
NumConsumers                  integer             1                   <open>
SlotNumber                    integer             -1                  <open>

-----------------------------------------------
-- Report        : interfaceInstance
-- Interface     : tapnw_ctrl
-- InterfaceDefn : IOSF::DFX::TAPNW_CTRL
-- InterfaceVer  : 1.4
-- Definition    : IOSF::DFX::TAPNW_CTRL
-- Version       : 1.4
-- InterfaceType : provider
-- Tool Version  : N-2017.12-SP1-2
-----------------------------------------------
Port                          LinkDirection       PortDirection       InterfaceLink
**************************************************************************************
FTAP_ENABLETAP                fromProvider        out                 sftapnw_ftap_enabletap
FTAP_ENABLETDO                fromProvider        out                 sftapnw_ftap_enabletdo
FTAP_SECSEL                   fromProvider        out                 sftapnw_ftap_secsel

Parameter                     Type                Value               InterfaceLink
**************************************************************************************
NUMBER_OF_TAPS                integer             1                   STAP_NUMBER_OF_TAPS_IN_TAP_NETWORK_NZ
NumConsumers                  integer             1                   <open>
SlotNumber                    integer             -1                  <open>

-----------------------------------------------
-- Report        : interfaceInstance
-- Interface     : tapnw_pri
-- InterfaceDefn : IOSF::DFX::TAPNW
-- InterfaceVer  : 1.4
-- Definition    : IOSF::DFX::TAPNW
-- Version       : 1.4
-- InterfaceType : provider
-- Tool Version  : N-2017.12-SP1-2
-----------------------------------------------
Port                          LinkDirection       PortDirection       InterfaceLink
**************************************************************************************
TCK                           fromProvider        out                 sntapnw_ftap_tck
TDI                           fromProvider        out                 sntapnw_ftap_tdi
TDO                           fromConsumer        in                  sntapnw_atap_tdo
TDOEN                         fromConsumer        in                  sntapnw_atap_tdo_en[0]
TMS                           fromProvider        out                 sntapnw_ftap_tms
TRST_B                        fromProvider        out                 sntapnw_ftap_trst_b

Parameter                     Type                Value               InterfaceLink
**************************************************************************************
NumConsumers                  integer             1                   <open>
SlotNumber                    integer             -1                  <open>

-----------------------------------------------
-- Report        : interfaceInstance
-- Interface     : tapnw_sec
-- InterfaceDefn : IOSF::DFX::TAPNW
-- InterfaceVer  : 1.4
-- Definition    : IOSF::DFX::TAPNW
-- Version       : 1.4
-- InterfaceType : provider
-- Tool Version  : N-2017.12-SP1-2
-----------------------------------------------
Port                          LinkDirection       PortDirection       InterfaceLink
**************************************************************************************
TCK                           fromProvider        out                 sntapnw_ftap_tck2
TDI                           fromProvider        out                 sntapnw_ftap_tdi2
TDO                           fromConsumer        in                  sntapnw_atap_tdo2
TDOEN                         fromConsumer        in                  sntapnw_atap_tdo2_en[0]
TMS                           fromProvider        out                 sntapnw_ftap_tms2
TRST_B                        fromProvider        out                 sntapnw_ftap_trst2_b

Parameter                     Type                Value               InterfaceLink
**************************************************************************************
NumConsumers                  integer             1                   <open>
SlotNumber                    integer             -1                  <open>

-----------------------------------------------
-- Report        : interfaceInstance
-- Interface     : wtap
-- InterfaceDefn : IOSF::DFX::WTAP
-- InterfaceVer  : 1.4
-- Definition    : IOSF::DFX::WTAP
-- Version       : 1.4
-- InterfaceType : provider
-- Tool Version  : N-2017.12-SP1-2
-----------------------------------------------
Port                          LinkDirection       PortDirection       InterfaceLink
**************************************************************************************
AWTAP_WSO                     fromConsumer        in                  sn_awtap_wso[@SlotNumber]
FWTAP_CAPTUREWR               fromProvider        out                 sn_fwtap_capturewr
FWTAP_RTI                     fromProvider        out                 sn_fwtap_rti
FWTAP_SELECTWIR               fromProvider        out                 sn_fwtap_selectwir
FWTAP_SHIFTWR                 fromProvider        out                 sn_fwtap_shiftwr
FWTAP_UPDATEWR                fromProvider        out                 sn_fwtap_updatewr
FWTAP_WRCK                    fromProvider        out                 sn_fwtap_wrck
FWTAP_WRST_B                  fromProvider        out                 sn_fwtap_wrst_b
FWTAP_WSI                     fromProvider        out                 sn_fwtap_wsi[@SlotNumber]

Parameter                     Type                Value               InterfaceLink
**************************************************************************************
NumConsumers                  integer             1                   <open>
SlotNumber                    integer             -1                  <open>


