##################################################################################
# Date: Thu Apr 27 21:31:54 PDT 2023
# Milestone: UV1
# Block: arf046b032e1r1w0cbbehraa4acw
# Closure Directory: /nfs/site/disks/ipg_scf_00159/ajavidi_ship/SHIP_23ww17d4/arf046b032e1r1w0cbbehraa4acw_work/ship/ip/arf046b032e1r1w0cbbehraa4acw/zsc11_scc259181_27Apr2023_210444/staging/review
# Source file md5sum: 997768562d2b1df2abb7809dec13e691
# User: ajavidi
# Finale Version: 23.01.011
# XML Metadata User: ajavidi
# XML Metadata Date: Thu Apr 27 21:30:49 2023
# XML Metadata Command: /p/hdk/pu_tu/prd/crossfire_checkers/23.01.002/crossfire_checker.py --block arf046b032e1r1w0cbbehraa4acw --tool crossfire_timing --input_dir /nfs/site/disks/ipg_scf_00159/ajavidi_ship/SHIP_23ww17d4/arf046b032e1r1w0cbbehraa4acw_work/ship/ip/arf046b032e1r1w0cbbehraa4acw/zsc11_scc259181_27Apr2023_210444/crossfire/collateral/ebb/checks/ --output_dir /nfs/site/disks/ipg_scf_00159/ajavidi_ship/SHIP_23ww17d4/arf046b032e1r1w0cbbehraa4acw_work/ship/ip/arf046b032e1r1w0cbbehraa4acw/zsc11_scc259181_27Apr2023_210444/crossfire/review/
# XML Metadata Ward: /nfs/site/disks/ipg_scf_00159/ajavidi_ship/SHIP_23ww17d4/arf046b032e1r1w0cbbehraa4acw_work

##################################################################################
# Legend:
#   ERROR - :E: Some kind of error occurred so the check could not be done (e.g. file was missing, failed to parse file correctly, etc.)
#   FAIL  - :F: Failing with no waivers in place.
#         - :R: Rejected. This indicates the violation was waived, but the waiver was rejected by the reviewer.
#   WAIVE - :W: DE has written a waiver for this failure (a review is still required).
#   APPRV - :A: Reviewer has approved the waiver for this failure.
#   PASS  -     Everything is good.
#

>>>>>>>>>>>>>>>>>>>>>>>>>>>>>>>>>>>>>>>>>>>>>>>>>>>>>>>>>>>>   crossfire_lv  <<<<<<<<<<<<<<<<<<<<<<<<<<<<<<<<<<<<<<<<<<<<<<<<<<<<<<<<<<<<<<<<<<<<<<<<<<<<<<<<

------------------------------------------------------------------------------------------------------------------------------------------------------------
FAIL	 crossfire_lv (1)
	 DEFINITION: {verify_crossfire_lv_input_file_exists} Verify the crossfire_lv log file exists
	 :F: The crossfire_lv log file does not exist
	 See missing file:/nfs/site/disks/ipg_scf_00159/ajavidi_ship/SHIP_23ww17d4/arf046b032e1r1w0cbbehraa4acw_work/ship/ip/arf046b032e1r1w0cbbehraa4acw/zsc11_scc259181_27Apr2023_210444/crossfire/collateral/ebb/checks//arf046b032e1r1w0cbbehraa4acw.crossfire_lv.log

------------------------------------------------------------------------------------------------------------------------------------------------------------
