##################################################################################
# Date: Thu Apr 27 23:20:22 PDT 2023
# Milestone: UV1
# Block: arf070b144e1r1w0cbbeheaa4acw
# Closure Directory: /nfs/site/disks/ipg_scf_00159/ajavidi_ship/SHIP_23ww17d4/arf070b144e1r1w0cbbeheaa4acw_work/ship/ip/arf070b144e1r1w0cbbeheaa4acw/zsc11_scfb483104_27Apr2023_230137/staging/review
# Source file md5sum: 20771b44a1670abef672f214bacaba9b
# User: ajavidi
# Finale Version: 23.01.011
# XML Metadata User: ajavidi
# XML Metadata Date: Thu Apr 27 23:19:55 2023
# XML Metadata Command: /p/hdk/pu_tu/prd/crossfire_checkers/23.01.002/crossfire_checker.py --block arf070b144e1r1w0cbbeheaa4acw --tool crossfire_timing --input_dir /nfs/site/disks/ipg_scf_00159/ajavidi_ship/SHIP_23ww17d4/arf070b144e1r1w0cbbeheaa4acw_work/ship/ip/arf070b144e1r1w0cbbeheaa4acw/zsc11_scfb483104_27Apr2023_230137/crossfire/collateral/ebb/checks/ --output_dir /nfs/site/disks/ipg_scf_00159/ajavidi_ship/SHIP_23ww17d4/arf070b144e1r1w0cbbeheaa4acw_work/ship/ip/arf070b144e1r1w0cbbeheaa4acw/zsc11_scfb483104_27Apr2023_230137/crossfire/review/
# XML Metadata Ward: /nfs/site/disks/ipg_scf_00159/ajavidi_ship/SHIP_23ww17d4/arf070b144e1r1w0cbbeheaa4acw_work

##################################################################################
# Legend:
#   ERROR - :E: Some kind of error occurred so the check could not be done (e.g. file was missing, failed to parse file correctly, etc.)
#   FAIL  - :F: Failing with no waivers in place.
#         - :R: Rejected. This indicates the violation was waived, but the waiver was rejected by the reviewer.
#   WAIVE - :W: DE has written a waiver for this failure (a review is still required).
#   APPRV - :A: Reviewer has approved the waiver for this failure.
#   PASS  -     Everything is good.
#

>>>>>>>>>>>>>>>>>>>>>>>>>>>>>>>>>>>>>>>>>>>>>>>>>>>>>>>>>>>>   crossfire_intgd  <<<<<<<<<<<<<<<<<<<<<<<<<<<<<<<<<<<<<<<<<<<<<<<<<<<<<<<<<<<<<<<<<<<<<<<<<<<<<<<<

---------------------------------------------------------------------------------------------------------------------------------------------------------------
FAIL	 crossfire_intgd (1)
	 DEFINITION: {verify_crossfire_intgd_input_file_exists} Verify the crossfire_intgd log file exists
	 :F: The crossfire_intgd log file does not exist
	 See missing file:/nfs/site/disks/ipg_scf_00159/ajavidi_ship/SHIP_23ww17d4/arf070b144e1r1w0cbbeheaa4acw_work/ship/ip/arf070b144e1r1w0cbbeheaa4acw/zsc11_scfb483104_27Apr2023_230137/crossfire/collateral/ebb/checks//arf070b144e1r1w0cbbeheaa4acw.crossfire_intgd.log

---------------------------------------------------------------------------------------------------------------------------------------------------------------
