##################################################################################
# Date: Fri Apr 28 00:17:54 PDT 2023
# Milestone: UV1
# Block: arf086b256e1r1w0cbbeheaa4acw
# Closure Directory: /nfs/site/disks/ipg_scf_00159/ajavidi_ship/SHIP_23ww17d4/arf086b256e1r1w0cbbeheaa4acw_work/ship/ip/arf086b256e1r1w0cbbeheaa4acw/zsc11_scc007092_27Apr2023_235750/staging/review
# Source file md5sum: c10f9387e57b70e393c9e61e2fa5228c
# User: ajavidi
# Finale Version: 23.01.011
# XML Metadata User: ajavidi
# XML Metadata Date: Fri Apr 28 00:17:20 2023
# XML Metadata Command: /p/hdk/pu_tu/prd/crossfire_checkers/23.01.002/crossfire_checker.py --block arf086b256e1r1w0cbbeheaa4acw --tool crossfire_timing --input_dir /nfs/site/disks/ipg_scf_00159/ajavidi_ship/SHIP_23ww17d4/arf086b256e1r1w0cbbeheaa4acw_work/ship/ip/arf086b256e1r1w0cbbeheaa4acw/zsc11_scc007092_27Apr2023_235750/crossfire/collateral/ebb/checks/ --output_dir /nfs/site/disks/ipg_scf_00159/ajavidi_ship/SHIP_23ww17d4/arf086b256e1r1w0cbbeheaa4acw_work/ship/ip/arf086b256e1r1w0cbbeheaa4acw/zsc11_scc007092_27Apr2023_235750/crossfire/review/
# XML Metadata Ward: /nfs/site/disks/ipg_scf_00159/ajavidi_ship/SHIP_23ww17d4/arf086b256e1r1w0cbbeheaa4acw_work

##################################################################################
# Legend:
#   ERROR - :E: Some kind of error occurred so the check could not be done (e.g. file was missing, failed to parse file correctly, etc.)
#   FAIL  - :F: Failing with no waivers in place.
#         - :R: Rejected. This indicates the violation was waived, but the waiver was rejected by the reviewer.
#   WAIVE - :W: DE has written a waiver for this failure (a review is still required).
#   APPRV - :A: Reviewer has approved the waiver for this failure.
#   PASS  -     Everything is good.
#

>>>>>>>>>>>>>>>>>>>>>>>>>>>>>>>>>>>>>>>>>>>>>>>>>>>>>>>>>>>>   crossfire_driftchecks  <<<<<<<<<<<<<<<<<<<<<<<<<<<<<<<<<<<<<<<<<<<<<<<<<<<<<<<<<<<<<<<<<<<<<<<<<<<<<<<<

---------------------------------------------------------------------------------------------------------------------------------------------------------------------
PASS	 crossfire_driftchecks (1)
	 DEFINITION: {verify_crossfire_driftchecks_input_file_exists} Verify the crossfire_driftchecks log file exists
	 The crossfire_driftchecks log file exists
	 See file: /nfs/site/disks/ipg_scf_00159/ajavidi_ship/SHIP_23ww17d4/arf086b256e1r1w0cbbeheaa4acw_work/ship/ip/arf086b256e1r1w0cbbeheaa4acw/zsc11_scc007092_27Apr2023_235750/crossfire/collateral/ebb/checks//arf086b256e1r1w0cbbeheaa4acw.crossfire_driftchecks.log

---------------------------------------------------------------------------------------------------------------------------------------------------------------------
PASS	 crossfire_driftchecks (2)
	 DEFINITION: {none_needed} none_needed - Placeholder check so review has something to look at
	 No checks run for this checklist.  Probably none required for this milestone.
	 There are no errors/failures on this checklist.
	 See file: /nfs/site/disks/ipg_scf_00159/ajavidi_ship/SHIP_23ww17d4/arf086b256e1r1w0cbbeheaa4acw_work/ship/ip/arf086b256e1r1w0cbbeheaa4acw/zsc11_scc007092_27Apr2023_235750/crossfire/collateral/ebb/checks//arf086b256e1r1w0cbbeheaa4acw.crossfire_driftchecks.log

---------------------------------------------------------------------------------------------------------------------------------------------------------------------
