######## IP Build Summary Report #######
########################################
#Info only 
########################################
ip_top_module_name = hqm_AW_fet_en_sequencer
KitVendor          = Intel
KitLibrary         = Intel
ip_version         = 1.0

########################################
# RTL Parameters (info only)
########################################
#RTL Parameter	Value

########################################
# Ports with PortWidth and PortDirection (info only)
########################################
#Port_name	PortWidth	Port_Direction
par_logic_pgcb_fet_en_ack_b	1		in
par_logic_pgcb_fet_en_b	1		out
par_mem_pgcb_fet_en_ack_b	1		in
par_mem_pgcb_fet_en_b	1		out
pgcb_fet_en_ack_b	1		out
pgcb_fet_en_b	1		in

########################################
# Non-standard Interfaces Ports (info only)
########################################
par_logic_pgcb_fet_en_ack_b
par_logic_pgcb_fet_en_b
par_mem_pgcb_fet_en_ack_b
par_mem_pgcb_fet_en_b
pgcb_fet_en_ack_b
pgcb_fet_en_b

#########################################################################
# Non-standard Interfaces Ports with IfUnconnected attribute 
#########################################################################

#########################################################################
# Non-standard Interfaces Ports with user defined tags 
#########################################################################

#########################################################################
# Statistics                                                            
# Num Standard               : 0                                 
# Num AdHoc                  : 6                               
# Num AdHoc (attribute)      : 0                          
# Num AdHoc (user tagged)    : 0                          
#########################################################################
