##################################################################################
# Date: Fri Apr 28 00:21:46 PDT 2023
# Milestone: UV1
# Block: arf104b064e1r1w0cbbehbaa4acw
# Closure Directory: /nfs/site/disks/ipg_scf_00159/ajavidi_ship/SHIP_23ww17d4/arf104b064e1r1w0cbbehbaa4acw_work/ship/ip/arf104b064e1r1w0cbbehbaa4acw/zsc11_scc242114_27Apr2023_235753/staging/review
# Source file md5sum: bf065968ab8ec2526ae2a9e0ea8a726a
# User: ajavidi
# Finale Version: 23.01.011
# XML Metadata User: ajavidi
# XML Metadata Date: Fri Apr 28 00:21:08 2023
# XML Metadata Command: /p/hdk/pu_tu/prd/crossfire_checkers/23.01.002/crossfire_checker.py --block arf104b064e1r1w0cbbehbaa4acw --tool crossfire_timing --input_dir /nfs/site/disks/ipg_scf_00159/ajavidi_ship/SHIP_23ww17d4/arf104b064e1r1w0cbbehbaa4acw_work/ship/ip/arf104b064e1r1w0cbbehbaa4acw/zsc11_scc242114_27Apr2023_235753/crossfire/collateral/ebb/checks/ --output_dir /nfs/site/disks/ipg_scf_00159/ajavidi_ship/SHIP_23ww17d4/arf104b064e1r1w0cbbehbaa4acw_work/ship/ip/arf104b064e1r1w0cbbehbaa4acw/zsc11_scc242114_27Apr2023_235753/crossfire/review/
# XML Metadata Ward: /nfs/site/disks/ipg_scf_00159/ajavidi_ship/SHIP_23ww17d4/arf104b064e1r1w0cbbehbaa4acw_work

##################################################################################
# Legend:
#   ERROR - :E: Some kind of error occurred so the check could not be done (e.g. file was missing, failed to parse file correctly, etc.)
#   FAIL  - :F: Failing with no waivers in place.
#         - :R: Rejected. This indicates the violation was waived, but the waiver was rejected by the reviewer.
#   WAIVE - :W: DE has written a waiver for this failure (a review is still required).
#   APPRV - :A: Reviewer has approved the waiver for this failure.
#   PASS  -     Everything is good.
#

>>>>>>>>>>>>>>>>>>>>>>>>>>>>>>>>>>>>>>>>>>>>>>>>>>>>>>>>>>>>   crossfire_power  <<<<<<<<<<<<<<<<<<<<<<<<<<<<<<<<<<<<<<<<<<<<<<<<<<<<<<<<<<<<<<<<<<<<<<<<<<<<<<<<

---------------------------------------------------------------------------------------------------------------------------------------------------------------
FAIL	 crossfire_power (1)
	 DEFINITION: {verify_crossfire_power_input_file_exists} Verify the crossfire_power log file exists
	 :F: The crossfire_power log file does not exist
	 See missing file:/nfs/site/disks/ipg_scf_00159/ajavidi_ship/SHIP_23ww17d4/arf104b064e1r1w0cbbehbaa4acw_work/ship/ip/arf104b064e1r1w0cbbehbaa4acw/zsc11_scc242114_27Apr2023_235753/crossfire/collateral/ebb/checks//arf104b064e1r1w0cbbehbaa4acw.crossfire_power.log

---------------------------------------------------------------------------------------------------------------------------------------------------------------
