##################################################################################
# Date: Fri Apr 28 00:21:46 PDT 2023
# Milestone: UV1
# Block: arf104b064e1r1w0cbbehbaa4acw
# Closure Directory: /nfs/site/disks/ipg_scf_00159/ajavidi_ship/SHIP_23ww17d4/arf104b064e1r1w0cbbehbaa4acw_work/ship/ip/arf104b064e1r1w0cbbehbaa4acw/zsc11_scc242114_27Apr2023_235753/staging/review
# Source file md5sum: 2157f8462b9b34e4b304c8a20b6368a6
# User: ajavidi
# Finale Version: 23.01.011
# XML Metadata User: ajavidi
# XML Metadata Date: Fri Apr 28 00:21:08 2023
# XML Metadata Command: /p/hdk/pu_tu/prd/crossfire_checkers/23.01.002/crossfire_checker.py --block arf104b064e1r1w0cbbehbaa4acw --tool crossfire_timing --input_dir /nfs/site/disks/ipg_scf_00159/ajavidi_ship/SHIP_23ww17d4/arf104b064e1r1w0cbbehbaa4acw_work/ship/ip/arf104b064e1r1w0cbbehbaa4acw/zsc11_scc242114_27Apr2023_235753/crossfire/collateral/ebb/checks/ --output_dir /nfs/site/disks/ipg_scf_00159/ajavidi_ship/SHIP_23ww17d4/arf104b064e1r1w0cbbehbaa4acw_work/ship/ip/arf104b064e1r1w0cbbehbaa4acw/zsc11_scc242114_27Apr2023_235753/crossfire/review/
# XML Metadata Ward: /nfs/site/disks/ipg_scf_00159/ajavidi_ship/SHIP_23ww17d4/arf104b064e1r1w0cbbehbaa4acw_work

##################################################################################
# Legend:
#   ERROR - :E: Some kind of error occurred so the check could not be done (e.g. file was missing, failed to parse file correctly, etc.)
#   FAIL  - :F: Failing with no waivers in place.
#         - :R: Rejected. This indicates the violation was waived, but the waiver was rejected by the reviewer.
#   WAIVE - :W: DE has written a waiver for this failure (a review is still required).
#   APPRV - :A: Reviewer has approved the waiver for this failure.
#   PASS  -     Everything is good.
#

>>>>>>>>>>>>>>>>>>>>>>>>>>>>>>>>>>>>>>>>>>>>>>>>>>>>>>>>>>>>   crossfire_lef  <<<<<<<<<<<<<<<<<<<<<<<<<<<<<<<<<<<<<<<<<<<<<<<<<<<<<<<<<<<<<<<<<<<<<<<<<<<<<<<<

-------------------------------------------------------------------------------------------------------------------------------------------------------------
PASS	 crossfire_lef (1)
	 DEFINITION: {verify_crossfire_lef_input_file_exists} Verify the crossfire_lef log file exists
	 The crossfire_lef log file exists
	 See file: /nfs/site/disks/ipg_scf_00159/ajavidi_ship/SHIP_23ww17d4/arf104b064e1r1w0cbbehbaa4acw_work/ship/ip/arf104b064e1r1w0cbbehbaa4acw/zsc11_scc242114_27Apr2023_235753/crossfire/collateral/ebb/checks//arf104b064e1r1w0cbbehbaa4acw.crossfire_lef.log

-------------------------------------------------------------------------------------------------------------------------------------------------------------
PASS	 crossfire_lef (2)
	 DEFINITION: {15206} Crossfire Rule: 15206 - Layer presence check
	 firefox -new-window /nfs/site/disks/ipg_scf_00159/ajavidi_ship/SHIP_23ww17d4/arf104b064e1r1w0cbbehbaa4acw_work/ship/ip/arf104b064e1r1w0cbbehbaa4acw/zsc11_scc242114_27Apr2023_235753/crossfire/crossfire/arf104b064e1r1w0cbbehbaa4acw.uv1.2023_04_28_000638.22124/html/index_per_rule.html
	 There are no errors/failures on this checklist.
	 See file: /nfs/site/disks/ipg_scf_00159/ajavidi_ship/SHIP_23ww17d4/arf104b064e1r1w0cbbehbaa4acw_work/ship/ip/arf104b064e1r1w0cbbehbaa4acw/zsc11_scc242114_27Apr2023_235753/crossfire/collateral/ebb/checks//arf104b064e1r1w0cbbehbaa4acw.crossfire_lef.log

-------------------------------------------------------------------------------------------------------------------------------------------------------------
PASS	 crossfire_lef (3)
	 DEFINITION: {15214} Crossfire Rule: 15214 - Pol boundCoverageCheck
	 firefox -new-window /nfs/site/disks/ipg_scf_00159/ajavidi_ship/SHIP_23ww17d4/arf104b064e1r1w0cbbehbaa4acw_work/ship/ip/arf104b064e1r1w0cbbehbaa4acw/zsc11_scc242114_27Apr2023_235753/crossfire/crossfire/arf104b064e1r1w0cbbehbaa4acw.uv1.2023_04_28_000638.22124/html/index_per_rule.html
	 There are no errors/failures on this checklist.
	 See file: /nfs/site/disks/ipg_scf_00159/ajavidi_ship/SHIP_23ww17d4/arf104b064e1r1w0cbbehbaa4acw_work/ship/ip/arf104b064e1r1w0cbbehbaa4acw/zsc11_scc242114_27Apr2023_235753/crossfire/collateral/ebb/checks//arf104b064e1r1w0cbbehbaa4acw.crossfire_lef.log

-------------------------------------------------------------------------------------------------------------------------------------------------------------
PASS	 crossfire_lef (4)
	 DEFINITION: {15217} Crossfire Rule: 15217 - PinWidthLengthCheck
	 firefox -new-window /nfs/site/disks/ipg_scf_00159/ajavidi_ship/SHIP_23ww17d4/arf104b064e1r1w0cbbehbaa4acw_work/ship/ip/arf104b064e1r1w0cbbehbaa4acw/zsc11_scc242114_27Apr2023_235753/crossfire/crossfire/arf104b064e1r1w0cbbehbaa4acw.uv1.2023_04_28_000638.22124/html/index_per_rule.html
	 There are no errors/failures on this checklist.
	 See file: /nfs/site/disks/ipg_scf_00159/ajavidi_ship/SHIP_23ww17d4/arf104b064e1r1w0cbbehbaa4acw_work/ship/ip/arf104b064e1r1w0cbbehbaa4acw/zsc11_scc242114_27Apr2023_235753/crossfire/collateral/ebb/checks//arf104b064e1r1w0cbbehbaa4acw.crossfire_lef.log

-------------------------------------------------------------------------------------------------------------------------------------------------------------
PASS	 crossfire_lef (5)
	 DEFINITION: {15301} Crossfire Rule: 15301 - LEFCLASScheck
	 firefox -new-window /nfs/site/disks/ipg_scf_00159/ajavidi_ship/SHIP_23ww17d4/arf104b064e1r1w0cbbehbaa4acw_work/ship/ip/arf104b064e1r1w0cbbehbaa4acw/zsc11_scc242114_27Apr2023_235753/crossfire/crossfire/arf104b064e1r1w0cbbehbaa4acw.uv1.2023_04_28_000638.22124/html/index_per_rule.html
	 There are no errors/failures on this checklist.
	 See file: /nfs/site/disks/ipg_scf_00159/ajavidi_ship/SHIP_23ww17d4/arf104b064e1r1w0cbbehbaa4acw_work/ship/ip/arf104b064e1r1w0cbbehbaa4acw/zsc11_scc242114_27Apr2023_235753/crossfire/collateral/ebb/checks//arf104b064e1r1w0cbbehbaa4acw.crossfire_lef.log

-------------------------------------------------------------------------------------------------------------------------------------------------------------
PASS	 crossfire_lef (6)
	 DEFINITION: {15302} Crossfire Rule: 15302 - LEFOriginSizecheck
	 firefox -new-window /nfs/site/disks/ipg_scf_00159/ajavidi_ship/SHIP_23ww17d4/arf104b064e1r1w0cbbehbaa4acw_work/ship/ip/arf104b064e1r1w0cbbehbaa4acw/zsc11_scc242114_27Apr2023_235753/crossfire/crossfire/arf104b064e1r1w0cbbehbaa4acw.uv1.2023_04_28_000638.22124/html/index_per_rule.html
	 There are no errors/failures on this checklist.
	 See file: /nfs/site/disks/ipg_scf_00159/ajavidi_ship/SHIP_23ww17d4/arf104b064e1r1w0cbbehbaa4acw_work/ship/ip/arf104b064e1r1w0cbbehbaa4acw/zsc11_scc242114_27Apr2023_235753/crossfire/collateral/ebb/checks//arf104b064e1r1w0cbbehbaa4acw.crossfire_lef.log

-------------------------------------------------------------------------------------------------------------------------------------------------------------
PASS	 crossfire_lef (7)
	 DEFINITION: {15304} Crossfire Rule: 15304 - LEFMacroCheck
	 firefox -new-window /nfs/site/disks/ipg_scf_00159/ajavidi_ship/SHIP_23ww17d4/arf104b064e1r1w0cbbehbaa4acw_work/ship/ip/arf104b064e1r1w0cbbehbaa4acw/zsc11_scc242114_27Apr2023_235753/crossfire/crossfire/arf104b064e1r1w0cbbehbaa4acw.uv1.2023_04_28_000638.22124/html/index_per_rule.html
	 There are no errors/failures on this checklist.
	 See file: /nfs/site/disks/ipg_scf_00159/ajavidi_ship/SHIP_23ww17d4/arf104b064e1r1w0cbbehbaa4acw_work/ship/ip/arf104b064e1r1w0cbbehbaa4acw/zsc11_scc242114_27Apr2023_235753/crossfire/collateral/ebb/checks//arf104b064e1r1w0cbbehbaa4acw.crossfire_lef.log

-------------------------------------------------------------------------------------------------------------------------------------------------------------
PASS	 crossfire_lef (8)
	 DEFINITION: {15305} Crossfire Rule: 15305 - LEFHeaderCheck
	 firefox -new-window /nfs/site/disks/ipg_scf_00159/ajavidi_ship/SHIP_23ww17d4/arf104b064e1r1w0cbbehbaa4acw_work/ship/ip/arf104b064e1r1w0cbbehbaa4acw/zsc11_scc242114_27Apr2023_235753/crossfire/crossfire/arf104b064e1r1w0cbbehbaa4acw.uv1.2023_04_28_000638.22124/html/index_per_rule.html
	 There are no errors/failures on this checklist.
	 See file: /nfs/site/disks/ipg_scf_00159/ajavidi_ship/SHIP_23ww17d4/arf104b064e1r1w0cbbehbaa4acw_work/ship/ip/arf104b064e1r1w0cbbehbaa4acw/zsc11_scc242114_27Apr2023_235753/crossfire/collateral/ebb/checks//arf104b064e1r1w0cbbehbaa4acw.crossfire_lef.log

-------------------------------------------------------------------------------------------------------------------------------------------------------------
PASS	 crossfire_lef (9)
	 DEFINITION: {15306} Crossfire Rule: 15306 - LEFSymmetryCheck
	 firefox -new-window /nfs/site/disks/ipg_scf_00159/ajavidi_ship/SHIP_23ww17d4/arf104b064e1r1w0cbbehbaa4acw_work/ship/ip/arf104b064e1r1w0cbbehbaa4acw/zsc11_scc242114_27Apr2023_235753/crossfire/crossfire/arf104b064e1r1w0cbbehbaa4acw.uv1.2023_04_28_000638.22124/html/index_per_rule.html
	 There are no errors/failures on this checklist.
	 See file: /nfs/site/disks/ipg_scf_00159/ajavidi_ship/SHIP_23ww17d4/arf104b064e1r1w0cbbehbaa4acw_work/ship/ip/arf104b064e1r1w0cbbehbaa4acw/zsc11_scc242114_27Apr2023_235753/crossfire/collateral/ebb/checks//arf104b064e1r1w0cbbehbaa4acw.crossfire_lef.log

-------------------------------------------------------------------------------------------------------------------------------------------------------------
PASS	 crossfire_lef (10)
	 DEFINITION: {15308} Crossfire Rule: 15308 - PinsSingleRect
	 firefox -new-window /nfs/site/disks/ipg_scf_00159/ajavidi_ship/SHIP_23ww17d4/arf104b064e1r1w0cbbehbaa4acw_work/ship/ip/arf104b064e1r1w0cbbehbaa4acw/zsc11_scc242114_27Apr2023_235753/crossfire/crossfire/arf104b064e1r1w0cbbehbaa4acw.uv1.2023_04_28_000638.22124/html/index_per_rule.html
	 There are no errors/failures on this checklist.
	 See file: /nfs/site/disks/ipg_scf_00159/ajavidi_ship/SHIP_23ww17d4/arf104b064e1r1w0cbbehbaa4acw_work/ship/ip/arf104b064e1r1w0cbbehbaa4acw/zsc11_scc242114_27Apr2023_235753/crossfire/collateral/ebb/checks//arf104b064e1r1w0cbbehbaa4acw.crossfire_lef.log

-------------------------------------------------------------------------------------------------------------------------------------------------------------
PASS	 crossfire_lef (11)
	 DEFINITION: {15315} Crossfire Rule: 15315 - SheetDetailBlockage
	 firefox -new-window /nfs/site/disks/ipg_scf_00159/ajavidi_ship/SHIP_23ww17d4/arf104b064e1r1w0cbbehbaa4acw_work/ship/ip/arf104b064e1r1w0cbbehbaa4acw/zsc11_scc242114_27Apr2023_235753/crossfire/crossfire/arf104b064e1r1w0cbbehbaa4acw.uv1.2023_04_28_000638.22124/html/index_per_rule.html
	 There are no errors/failures on this checklist.
	 See file: /nfs/site/disks/ipg_scf_00159/ajavidi_ship/SHIP_23ww17d4/arf104b064e1r1w0cbbehbaa4acw_work/ship/ip/arf104b064e1r1w0cbbehbaa4acw/zsc11_scc242114_27Apr2023_235753/crossfire/collateral/ebb/checks//arf104b064e1r1w0cbbehbaa4acw.crossfire_lef.log

-------------------------------------------------------------------------------------------------------------------------------------------------------------
